2026-02-22 09:27:19,450 [INFO] __main__: Starting Cannabis Data Aggregator — mode: setup
2026-02-22 09:27:19,904 [INFO] __main__: Starting Cannabis Data Aggregator — mode: seed
2026-02-22 09:27:20,248 [INFO] __main__: Starting Cannabis Data Aggregator — mode: all
2026-02-22 09:34:48,421 [INFO] __main__: Starting Cannabis Data Aggregator — mode: setup
2026-02-22 09:34:48,812 [INFO] __main__: Setting up database: sqlite:///data/cannabis_aggregator.db
2026-02-22 09:34:49,037 [INFO] src.storage.database: Database initialized: sqlite:///data/cannabis_aggregator.db
2026-02-22 09:34:49,056 [INFO] __main__: Database setup complete. Table counts: {'data_sources': 0, 'schedules': 0, 'collection_runs': 0, 'raw_records': 0}
2026-02-22 09:34:49,440 [INFO] __main__: Starting Cannabis Data Aggregator — mode: seed
2026-02-22 09:34:50,986 [INFO] __main__: Starting Cannabis Data Aggregator — mode: all
2026-02-22 09:34:52,753 [INFO] src.storage.database: Database initialized: sqlite:///data/cannabis_aggregator.db
2026-02-22 09:34:54,426 [INFO] apscheduler.scheduler: Scheduler started
2026-02-22 09:34:54,434 [INFO] src.scheduler.manager: Scheduler started.
2026-02-22 09:34:54,448 [INFO] src.scheduler.manager: Syncing 25 active schedules...
2026-02-22 09:34:54,476 [INFO] apscheduler.scheduler: Added job "USDA Hemp Producers - Weekly" to job store "default"
2026-02-22 09:34:54,477 [INFO] src.scheduler.manager: Added job: collect_sched_federal_hemp_weekly (USDA Hemp Producers - Weekly)
2026-02-22 09:34:54,510 [INFO] apscheduler.scheduler: Added job "Colorado MED Licensees - Weekly" to job store "default"
2026-02-22 09:34:54,511 [INFO] src.scheduler.manager: Added job: collect_sched_co_med_licensees_weekly (Colorado MED Licensees - Weekly)
2026-02-22 09:34:54,552 [INFO] apscheduler.scheduler: Added job "Washington WSLCB Licensees - Weekly" to job store "default"
2026-02-22 09:34:54,554 [INFO] src.scheduler.manager: Added job: collect_sched_wa_wslcb_licensees_weekly (Washington WSLCB Licensees - Weekly)
2026-02-22 09:34:54,585 [INFO] apscheduler.scheduler: Added job "Oregon OLCC Licensees - Weekly" to job store "default"
2026-02-22 09:34:54,587 [INFO] src.scheduler.manager: Added job: collect_sched_or_olcc_licensees_weekly (Oregon OLCC Licensees - Weekly)
2026-02-22 09:34:54,619 [INFO] apscheduler.scheduler: Added job "Oregon Dispensary GeoJSON - Weekly" to job store "default"
2026-02-22 09:34:54,620 [INFO] src.scheduler.manager: Added job: collect_sched_or_olcc_geojson_weekly (Oregon Dispensary GeoJSON - Weekly)
2026-02-22 09:34:54,652 [INFO] apscheduler.scheduler: Added job "California DCC Licensees - Weekly" to job store "default"
2026-02-22 09:34:54,654 [INFO] src.scheduler.manager: Added job: collect_sched_ca_dcc_licensees_weekly (California DCC Licensees - Weekly)
2026-02-22 09:34:54,686 [INFO] apscheduler.scheduler: Added job "Oklahoma OMMA Dispensaries - Weekly" to job store "default"
2026-02-22 09:34:54,688 [INFO] src.scheduler.manager: Added job: collect_sched_ok_omma_dispensaries_weekly (Oklahoma OMMA Dispensaries - Weekly)
2026-02-22 09:34:54,719 [INFO] apscheduler.scheduler: Added job "Oklahoma OMMA Growers - Weekly" to job store "default"
2026-02-22 09:34:54,721 [INFO] src.scheduler.manager: Added job: collect_sched_ok_omma_growers_weekly (Oklahoma OMMA Growers - Weekly)
2026-02-22 09:34:54,753 [INFO] apscheduler.scheduler: Added job "Oklahoma OMMA Processors - Weekly" to job store "default"
2026-02-22 09:34:54,754 [INFO] src.scheduler.manager: Added job: collect_sched_ok_omma_processors_weekly (Oklahoma OMMA Processors - Weekly)
2026-02-22 09:34:54,786 [INFO] apscheduler.scheduler: Added job "Illinois IDFPR Cannabis Licenses - Weekly" to job store "default"
2026-02-22 09:34:54,788 [INFO] src.scheduler.manager: Added job: collect_sched_il_licenses_weekly (Illinois IDFPR Cannabis Licenses - Weekly)
2026-02-22 09:34:54,820 [INFO] apscheduler.scheduler: Added job "Massachusetts CCC Licensees - Weekly" to job store "default"
2026-02-22 09:34:54,822 [INFO] src.scheduler.manager: Added job: collect_sched_ma_ccc_licensees_weekly (Massachusetts CCC Licensees - Weekly)
2026-02-22 09:34:54,854 [INFO] apscheduler.scheduler: Added job "New Jersey CRC Licenses - Weekly" to job store "default"
2026-02-22 09:34:54,855 [INFO] src.scheduler.manager: Added job: collect_sched_nj_crc_licenses_weekly (New Jersey CRC Licenses - Weekly)
2026-02-22 09:34:54,887 [INFO] apscheduler.scheduler: Added job "New York OCM Dispensaries - Weekly" to job store "default"
2026-02-22 09:34:54,889 [INFO] src.scheduler.manager: Added job: collect_sched_ny_ocm_dispensaries_weekly (New York OCM Dispensaries - Weekly)
2026-02-22 09:34:54,921 [INFO] apscheduler.scheduler: Added job "Alaska AMCO Licenses - Weekly" to job store "default"
2026-02-22 09:34:54,922 [INFO] src.scheduler.manager: Added job: collect_sched_ak_amco_licenses_weekly (Alaska AMCO Licenses - Weekly)
2026-02-22 09:34:54,954 [INFO] apscheduler.scheduler: Added job "Connecticut DCP Licenses - Weekly" to job store "default"
2026-02-22 09:34:54,956 [INFO] src.scheduler.manager: Added job: collect_sched_ct_dcp_licenses_weekly (Connecticut DCP Licenses - Weekly)
2026-02-22 09:34:54,996 [INFO] apscheduler.scheduler: Added job "DC ABCA Licenses - Weekly" to job store "default"
2026-02-22 09:34:54,998 [INFO] src.scheduler.manager: Added job: collect_sched_dc_abca_licenses_weekly (DC ABCA Licenses - Weekly)
2026-02-22 09:34:55,030 [INFO] apscheduler.scheduler: Added job "New Mexico RLD Licenses - Weekly" to job store "default"
2026-02-22 09:34:55,032 [INFO] src.scheduler.manager: Added job: collect_sched_nm_rld_licenses_weekly (New Mexico RLD Licenses - Weekly)
2026-02-22 09:34:55,072 [INFO] apscheduler.scheduler: Added job "Washington WSLCB Violations - Weekly" to job store "default"
2026-02-22 09:34:55,074 [INFO] src.scheduler.manager: Added job: collect_sched_wa_violations_weekly (Washington WSLCB Violations - Weekly)
2026-02-22 09:34:55,114 [INFO] apscheduler.scheduler: Added job "Colorado MED Sales - Monthly" to job store "default"
2026-02-22 09:34:55,116 [INFO] src.scheduler.manager: Added job: collect_sched_co_med_sales_monthly (Colorado MED Sales - Monthly)
2026-02-22 09:34:55,156 [INFO] apscheduler.scheduler: Added job "Colorado MED Market Rates - Monthly" to job store "default"
2026-02-22 09:34:55,158 [INFO] src.scheduler.manager: Added job: collect_sched_co_med_market_rates_monthly (Colorado MED Market Rates - Monthly)
2026-02-22 09:34:55,198 [INFO] apscheduler.scheduler: Added job "Washington WSLCB Sales - Monthly" to job store "default"
2026-02-22 09:34:55,199 [INFO] src.scheduler.manager: Added job: collect_sched_wa_wslcb_sales_monthly (Washington WSLCB Sales - Monthly)
2026-02-22 09:34:55,239 [INFO] apscheduler.scheduler: Added job "Massachusetts CCC Weekly Sales - Monthly Pull" to job store "default"
2026-02-22 09:34:55,241 [INFO] src.scheduler.manager: Added job: collect_sched_ma_ccc_sales_monthly (Massachusetts CCC Weekly Sales - Monthly Pull)
2026-02-22 09:34:55,273 [INFO] apscheduler.scheduler: Added job "OpenStreetMap Dispensaries - Monthly" to job store "default"
2026-02-22 09:34:55,274 [INFO] src.scheduler.manager: Added job: collect_sched_osm_dispensaries_monthly (OpenStreetMap Dispensaries - Monthly)
2026-02-22 09:34:55,306 [INFO] apscheduler.scheduler: Added job "New York OCM All Licenses - Bi-Weekly" to job store "default"
2026-02-22 09:34:55,308 [INFO] src.scheduler.manager: Added job: collect_sched_ny_ocm_licenses_biweekly (New York OCM All Licenses - Bi-Weekly)
2026-02-22 09:34:55,340 [INFO] apscheduler.scheduler: Added job "Oklahoma OMMA Transporters - Every 3 Days" to job store "default"
2026-02-22 09:34:55,342 [INFO] src.scheduler.manager: Added job: collect_sched_ok_transporters_interval (Oklahoma OMMA Transporters - Every 3 Days)
2026-02-22 09:34:55,348 [INFO] __main__: Scheduler started.
2026-02-22 09:34:55,380 [INFO] src.storage.database: Database initialized: sqlite:///data/cannabis_aggregator.db
2026-02-22 09:34:55,793 [INFO] src.dashboard.app: Flask application initialized.
2026-02-22 09:34:55,794 [INFO] __main__: Dashboard + Scheduler starting on http://0.0.0.0:5000
2026-02-22 09:34:55,809 [INFO] werkzeug: [31m[1mWARNING: This is a development server. Do not use it in a production deployment. Use a production WSGI server instead.[0m
 * Running on all addresses (0.0.0.0)
 * Running on http://127.0.0.1:5000
 * Running on http://10.0.0.178:5000
2026-02-22 09:34:55,810 [INFO] werkzeug: [33mPress CTRL+C to quit[0m
2026-02-22 20:12:27,765 [INFO] __main__: Starting Cannabis Data Aggregator — mode: all
2026-02-22 20:12:35,369 [INFO] src.storage.database: Database initialized: mysql+pymysql://phreakin:Passw0rd@10.0.0.2:3306/cannabis_data
2026-02-22 20:12:35,729 [INFO] apscheduler.scheduler: Scheduler started
2026-02-22 20:12:35,731 [INFO] src.scheduler.manager: Scheduler started.
2026-02-22 20:12:35,745 [INFO] src.scheduler.manager: Syncing 0 active schedules...
2026-02-22 20:12:35,748 [INFO] __main__: Scheduler started.
2026-02-22 20:12:35,780 [INFO] src.storage.database: Database initialized: mysql+pymysql://phreakin:Passw0rd@10.0.0.2:3306/cannabis_data
2026-02-22 20:12:35,890 [INFO] src.dashboard.app: Flask application initialized.
2026-02-22 20:12:35,891 [INFO] __main__: Dashboard + Scheduler starting on http://0.0.0.0:5000
2026-02-22 20:12:35,922 [INFO] werkzeug: [31m[1mWARNING: This is a development server. Do not use it in a production deployment. Use a production WSGI server instead.[0m
 * Running on all addresses (0.0.0.0)
 * Running on http://127.0.0.1:5000
 * Running on http://10.0.0.178:5000
2026-02-22 20:12:35,923 [INFO] werkzeug: [33mPress CTRL+C to quit[0m
2026-02-22 20:13:02,232 [INFO] werkzeug: 10.0.0.178 - - [22/Feb/2026 20:13:02] "GET / HTTP/1.1" 200 -
2026-02-22 20:13:02,350 [INFO] werkzeug: 10.0.0.178 - - [22/Feb/2026 20:13:02] "GET /static/js/dashboard.js HTTP/1.1" 200 -
2026-02-22 20:13:02,411 [INFO] werkzeug: 10.0.0.178 - - [22/Feb/2026 20:13:02] "GET /api/sources?per_page=20 HTTP/1.1" 200 -
2026-02-22 20:13:02,567 [INFO] werkzeug: 10.0.0.178 - - [22/Feb/2026 20:13:02] "[33mGET /favicon.ico HTTP/1.1[0m" 404 -
2026-02-22 20:13:30,650 [INFO] collector.job: [Run 1] Starting collection: ak_amco_licenses (AK/licenses)
2026-02-22 20:13:30,652 [INFO] src.collectors.base.ak_amco_licenses: Downloading CSV from: https://www.commerce.alaska.gov/cbp/DBDownloads/MARLicenseDownload.CSV
2026-02-22 20:13:30,961 [ERROR] collector.job: [Run 1] Collection failed: HTTP error 404: https://www.commerce.alaska.gov/cbp/DBDownloads/MARLicenseDownload.CSV
Traceback (most recent call last):
  File "Z:\cannabis-data-aggregator\src\collectors\base.py", line 198, in fetch_url
    resp.raise_for_status()
    ~~~~~~~~~~~~~~~~~~~~~^^
  File "C:\Python\Lib\site-packages\requests\models.py", line 1024, in raise_for_status
    raise HTTPError(http_error_msg, response=self)
requests.exceptions.HTTPError: 404 Client Error: Not Found for url: https://www.commerce.alaska.gov/cbp/DBDownloads/MARLicenseDownload.CSV

During handling of the above exception, another exception occurred:

Traceback (most recent call last):
  File "Z:\cannabis-data-aggregator\src\scheduler\manager.py", line 275, in run_collection_job
    for raw_record in collector.collect():
                      ~~~~~~~~~~~~~~~~~^^
  File "Z:\cannabis-data-aggregator\src\collectors\csv_collector.py", line 35, in collect
    resp = self.fetch_url(url, params=params or None)
  File "Z:\cannabis-data-aggregator\src\collectors\base.py", line 205, in fetch_url
    raise CollectionError(f"HTTP error {e.response.status_code}: {url}")
src.collectors.base.CollectionError: HTTP error 404: https://www.commerce.alaska.gov/cbp/DBDownloads/MARLicenseDownload.CSV
2026-02-22 20:13:31,034 [INFO] werkzeug: 10.0.0.178 - - [22/Feb/2026 20:13:31] "POST /api/sources/26/run HTTP/1.1" 200 -
2026-02-22 20:13:38,296 [INFO] collector.job: Source az_adhs_dispensaries is disabled, skipping
2026-02-22 20:13:38,298 [INFO] werkzeug: 10.0.0.178 - - [22/Feb/2026 20:13:38] "POST /api/sources/27/run HTTP/1.1" 200 -
2026-02-22 20:13:42,881 [INFO] collector.job: [Run 2] Starting collection: ca_dcc_licensees (CA/licenses)
2026-02-22 20:13:42,882 [INFO] src.collectors.base.ca_dcc_licensees: Downloading CSV from: https://as-dl.dcc.ca.gov/api/export/csv/3
2026-02-22 20:13:42,921 [WARNING] urllib3.connectionpool: Retrying (Retry(total=2, connect=None, read=None, redirect=None, status=None)) after connection broken by 'NameResolutionError("HTTPSConnection(host='as-dl.dcc.ca.gov', port=443): Failed to resolve 'as-dl.dcc.ca.gov' ([Errno 11001] getaddrinfo failed)")': /api/export/csv/3
2026-02-22 20:13:52,927 [WARNING] urllib3.connectionpool: Retrying (Retry(total=1, connect=None, read=None, redirect=None, status=None)) after connection broken by 'NameResolutionError("HTTPSConnection(host='as-dl.dcc.ca.gov', port=443): Failed to resolve 'as-dl.dcc.ca.gov' ([Errno 11001] getaddrinfo failed)")': /api/export/csv/3
2026-02-22 20:14:12,965 [WARNING] urllib3.connectionpool: Retrying (Retry(total=0, connect=None, read=None, redirect=None, status=None)) after connection broken by 'NameResolutionError("HTTPSConnection(host='as-dl.dcc.ca.gov', port=443): Failed to resolve 'as-dl.dcc.ca.gov' ([Errno 11001] getaddrinfo failed)")': /api/export/csv/3
2026-02-22 20:14:13,002 [ERROR] collector.job: [Run 2] Collection failed: Connection error: HTTPSConnectionPool(host='as-dl.dcc.ca.gov', port=443): Max retries exceeded with url: /api/export/csv/3 (Caused by NameResolutionError("HTTPSConnection(host='as-dl.dcc.ca.gov', port=443): Failed to resolve 'as-dl.dcc.ca.gov' ([Errno 11001] getaddrinfo failed)"))
Traceback (most recent call last):
  File "C:\Python\Lib\site-packages\urllib3\connection.py", line 204, in _new_conn
    sock = connection.create_connection(
        (self._dns_host, self.port),
    ...<2 lines>...
        socket_options=self.socket_options,
    )
  File "C:\Python\Lib\site-packages\urllib3\util\connection.py", line 60, in create_connection
    for res in socket.getaddrinfo(host, port, family, socket.SOCK_STREAM):
               ~~~~~~~~~~~~~~~~~~^^^^^^^^^^^^^^^^^^^^^^^^^^^^^^^^^^^^^^^^
  File "C:\Python\Lib\socket.py", line 977, in getaddrinfo
    for res in _socket.getaddrinfo(host, port, family, type, proto, flags):
               ~~~~~~~~~~~~~~~~~~~^^^^^^^^^^^^^^^^^^^^^^^^^^^^^^^^^^^^^^^^
socket.gaierror: [Errno 11001] getaddrinfo failed

The above exception was the direct cause of the following exception:

Traceback (most recent call last):
  File "C:\Python\Lib\site-packages\urllib3\connectionpool.py", line 787, in urlopen
    response = self._make_request(
        conn,
    ...<10 lines>...
        **response_kw,
    )
  File "C:\Python\Lib\site-packages\urllib3\connectionpool.py", line 488, in _make_request
    raise new_e
  File "C:\Python\Lib\site-packages\urllib3\connectionpool.py", line 464, in _make_request
    self._validate_conn(conn)
    ~~~~~~~~~~~~~~~~~~~^^^^^^
  File "C:\Python\Lib\site-packages\urllib3\connectionpool.py", line 1093, in _validate_conn
    conn.connect()
    ~~~~~~~~~~~~^^
  File "C:\Python\Lib\site-packages\urllib3\connection.py", line 759, in connect
    self.sock = sock = self._new_conn()
                       ~~~~~~~~~~~~~~^^
  File "C:\Python\Lib\site-packages\urllib3\connection.py", line 211, in _new_conn
    raise NameResolutionError(self.host, self, e) from e
urllib3.exceptions.NameResolutionError: HTTPSConnection(host='as-dl.dcc.ca.gov', port=443): Failed to resolve 'as-dl.dcc.ca.gov' ([Errno 11001] getaddrinfo failed)

The above exception was the direct cause of the following exception:

Traceback (most recent call last):
  File "C:\Python\Lib\site-packages\requests\adapters.py", line 667, in send
    resp = conn.urlopen(
        method=request.method,
    ...<9 lines>...
        chunked=chunked,
    )
  File "C:\Python\Lib\site-packages\urllib3\connectionpool.py", line 871, in urlopen
    return self.urlopen(
           ~~~~~~~~~~~~^
        method,
        ^^^^^^^
    ...<13 lines>...
        **response_kw,
        ^^^^^^^^^^^^^^
    )
    ^
  File "C:\Python\Lib\site-packages\urllib3\connectionpool.py", line 871, in urlopen
    return self.urlopen(
           ~~~~~~~~~~~~^
        method,
        ^^^^^^^
    ...<13 lines>...
        **response_kw,
        ^^^^^^^^^^^^^^
    )
    ^
  File "C:\Python\Lib\site-packages\urllib3\connectionpool.py", line 871, in urlopen
    return self.urlopen(
           ~~~~~~~~~~~~^
        method,
        ^^^^^^^
    ...<13 lines>...
        **response_kw,
        ^^^^^^^^^^^^^^
    )
    ^
  File "C:\Python\Lib\site-packages\urllib3\connectionpool.py", line 841, in urlopen
    retries = retries.increment(
        method, url, error=new_e, _pool=self, _stacktrace=sys.exc_info()[2]
    )
  File "C:\Python\Lib\site-packages\urllib3\util\retry.py", line 535, in increment
    raise MaxRetryError(_pool, url, reason) from reason  # type: ignore[arg-type]
    ^^^^^^^^^^^^^^^^^^^^^^^^^^^^^^^^^^^^^^^^^^^^^^^^^^^
urllib3.exceptions.MaxRetryError: HTTPSConnectionPool(host='as-dl.dcc.ca.gov', port=443): Max retries exceeded with url: /api/export/csv/3 (Caused by NameResolutionError("HTTPSConnection(host='as-dl.dcc.ca.gov', port=443): Failed to resolve 'as-dl.dcc.ca.gov' ([Errno 11001] getaddrinfo failed)"))

During handling of the above exception, another exception occurred:

Traceback (most recent call last):
  File "Z:\cannabis-data-aggregator\src\collectors\base.py", line 191, in fetch_url
    resp = self.session.request(
        method,
    ...<3 lines>...
        **kwargs
    )
  File "C:\Python\Lib\site-packages\requests\sessions.py", line 589, in request
    resp = self.send(prep, **send_kwargs)
  File "C:\Python\Lib\site-packages\requests\sessions.py", line 703, in send
    r = adapter.send(request, **kwargs)
  File "C:\Python\Lib\site-packages\requests\adapters.py", line 700, in send
    raise ConnectionError(e, request=request)
requests.exceptions.ConnectionError: HTTPSConnectionPool(host='as-dl.dcc.ca.gov', port=443): Max retries exceeded with url: /api/export/csv/3 (Caused by NameResolutionError("HTTPSConnection(host='as-dl.dcc.ca.gov', port=443): Failed to resolve 'as-dl.dcc.ca.gov' ([Errno 11001] getaddrinfo failed)"))

During handling of the above exception, another exception occurred:

Traceback (most recent call last):
  File "Z:\cannabis-data-aggregator\src\scheduler\manager.py", line 275, in run_collection_job
    for raw_record in collector.collect():
                      ~~~~~~~~~~~~~~~~~^^
  File "Z:\cannabis-data-aggregator\src\collectors\csv_collector.py", line 35, in collect
    resp = self.fetch_url(url, params=params or None)
  File "Z:\cannabis-data-aggregator\src\collectors\base.py", line 203, in fetch_url
    raise CollectionError(f"Connection error: {e}")
src.collectors.base.CollectionError: Connection error: HTTPSConnectionPool(host='as-dl.dcc.ca.gov', port=443): Max retries exceeded with url: /api/export/csv/3 (Caused by NameResolutionError("HTTPSConnection(host='as-dl.dcc.ca.gov', port=443): Failed to resolve 'as-dl.dcc.ca.gov' ([Errno 11001] getaddrinfo failed)"))
2026-02-22 20:14:13,083 [INFO] werkzeug: 10.0.0.178 - - [22/Feb/2026 20:14:13] "POST /api/sources/13/run HTTP/1.1" 200 -
2026-02-22 20:14:22,446 [INFO] collector.job: [Run 3] Starting collection: co_med_avg_market_rates (CO/sales)
2026-02-22 20:14:22,866 [ERROR] collector.job: [Run 3] Collection failed: HTTP error 404: https://data.colorado.gov/resource/nwk5-k6zy.json
Traceback (most recent call last):
  File "Z:\cannabis-data-aggregator\src\collectors\base.py", line 198, in fetch_url
    resp.raise_for_status()
    ~~~~~~~~~~~~~~~~~~~~~^^
  File "C:\Python\Lib\site-packages\requests\models.py", line 1024, in raise_for_status
    raise HTTPError(http_error_msg, response=self)
requests.exceptions.HTTPError: 404 Client Error: Not Found for url: https://data.colorado.gov/resource/nwk5-k6zy.json?%24limit=5000&%24offset=0

During handling of the above exception, another exception occurred:

Traceback (most recent call last):
  File "Z:\cannabis-data-aggregator\src\scheduler\manager.py", line 275, in run_collection_job
    for raw_record in collector.collect():
                      ~~~~~~~~~~~~~~~~~^^
  File "Z:\cannabis-data-aggregator\src\collectors\api_collector.py", line 259, in collect
    resp = self.fetch_url(url, params=params)
  File "Z:\cannabis-data-aggregator\src\collectors\base.py", line 205, in fetch_url
    raise CollectionError(f"HTTP error {e.response.status_code}: {url}")
src.collectors.base.CollectionError: HTTP error 404: https://data.colorado.gov/resource/nwk5-k6zy.json
2026-02-22 20:14:22,942 [INFO] werkzeug: 10.0.0.178 - - [22/Feb/2026 20:14:22] "POST /api/sources/7/run HTTP/1.1" 200 -
2026-02-22 20:14:28,942 [INFO] collector.job: [Run 4] Starting collection: co_med_sales_monthly (CO/sales)
2026-02-22 20:14:33,442 [INFO] collector.job: [Run 4] Completed: fetched=6098 stored=6098 skipped=0
2026-02-22 20:14:33,848 [INFO] werkzeug: 10.0.0.178 - - [22/Feb/2026 20:14:33] "POST /api/sources/6/run HTTP/1.1" 200 -
2026-02-22 20:14:35,887 [INFO] werkzeug: 10.0.0.178 - - [22/Feb/2026 20:14:35] "GET / HTTP/1.1" 200 -
2026-02-22 20:14:35,943 [INFO] werkzeug: 10.0.0.178 - - [22/Feb/2026 20:14:35] "[36mGET /static/js/dashboard.js HTTP/1.1[0m" 304 -
2026-02-22 20:14:36,014 [INFO] werkzeug: 10.0.0.178 - - [22/Feb/2026 20:14:36] "GET /api/sources?per_page=20 HTTP/1.1" 200 -
2026-02-22 20:14:47,280 [INFO] collector.job: [Run 5] Starting collection: dc_abca_cannabis_licenses (DC/licenses)
2026-02-22 20:14:47,875 [ERROR] collector.job: [Run 5] Collection failed: SODA JSON parse error: Expecting value: line 1 column 1 (char 0)
Traceback (most recent call last):
  File "C:\Python\Lib\site-packages\requests\models.py", line 974, in json
    return complexjson.loads(self.text, **kwargs)
           ~~~~~~~~~~~~~~~~~^^^^^^^^^^^^^^^^^^^^^
  File "C:\Python\Lib\json\__init__.py", line 352, in loads
    return _default_decoder.decode(s)
           ~~~~~~~~~~~~~~~~~~~~~~~^^^
  File "C:\Python\Lib\json\decoder.py", line 345, in decode
    obj, end = self.raw_decode(s, idx=_w(s, 0).end())
               ~~~~~~~~~~~~~~~^^^^^^^^^^^^^^^^^^^^^^^
  File "C:\Python\Lib\json\decoder.py", line 363, in raw_decode
    raise JSONDecodeError("Expecting value", s, err.value) from None
json.decoder.JSONDecodeError: Expecting value: line 1 column 1 (char 0)

During handling of the above exception, another exception occurred:

Traceback (most recent call last):
  File "Z:\cannabis-data-aggregator\src\collectors\api_collector.py", line 262, in collect
    records = resp.json()
  File "C:\Python\Lib\site-packages\requests\models.py", line 978, in json
    raise RequestsJSONDecodeError(e.msg, e.doc, e.pos)
requests.exceptions.JSONDecodeError: Expecting value: line 1 column 1 (char 0)

During handling of the above exception, another exception occurred:

Traceback (most recent call last):
  File "Z:\cannabis-data-aggregator\src\scheduler\manager.py", line 275, in run_collection_job
    for raw_record in collector.collect():
                      ~~~~~~~~~~~~~~~~~^^
  File "Z:\cannabis-data-aggregator\src\collectors\api_collector.py", line 264, in collect
    raise CollectionError(f"SODA JSON parse error: {e}")
src.collectors.base.CollectionError: SODA JSON parse error: Expecting value: line 1 column 1 (char 0)
2026-02-22 20:14:47,962 [INFO] werkzeug: 10.0.0.178 - - [22/Feb/2026 20:14:47] "POST /api/sources/46/run HTTP/1.1" 200 -
2026-02-22 20:15:01,100 [INFO] collector.job: [Run 6] Starting collection: openstreetmap_dispensaries (FEDERAL/dispensaries)
2026-02-22 20:15:56,211 [INFO] collector.job: [Run 6] Completed: fetched=0 stored=0 skipped=0
2026-02-22 20:15:56,216 [INFO] werkzeug: 10.0.0.178 - - [22/Feb/2026 20:15:56] "POST /api/sources/50/run HTTP/1.1" 200 -
2026-02-22 20:15:58,258 [INFO] werkzeug: 10.0.0.178 - - [22/Feb/2026 20:15:58] "GET / HTTP/1.1" 200 -
2026-02-22 20:15:58,317 [INFO] werkzeug: 10.0.0.178 - - [22/Feb/2026 20:15:58] "[36mGET /static/js/dashboard.js HTTP/1.1[0m" 304 -
2026-02-22 20:15:58,375 [INFO] werkzeug: 10.0.0.178 - - [22/Feb/2026 20:15:58] "GET /api/sources?per_page=20 HTTP/1.1" 200 -
2026-02-22 20:16:27,482 [INFO] werkzeug: 10.0.0.178 - - [22/Feb/2026 20:16:27] "[32mGET /data HTTP/1.1[0m" 308 -
2026-02-22 20:16:27,549 [INFO] werkzeug: 10.0.0.178 - - [22/Feb/2026 20:16:27] "GET /data/ HTTP/1.1" 200 -
2026-02-22 20:16:27,618 [INFO] werkzeug: 10.0.0.178 - - [22/Feb/2026 20:16:27] "[36mGET /static/js/dashboard.js HTTP/1.1[0m" 304 -
2026-02-22 20:16:27,661 [INFO] werkzeug: 10.0.0.178 - - [22/Feb/2026 20:16:27] "GET /api/records?page=1&per_page=50 HTTP/1.1" 200 -
2026-02-22 20:16:35,249 [INFO] werkzeug: 10.0.0.178 - - [22/Feb/2026 20:16:35] "GET /data/map HTTP/1.1" 200 -
2026-02-22 20:16:35,297 [INFO] werkzeug: 10.0.0.178 - - [22/Feb/2026 20:16:35] "[36mGET /static/js/dashboard.js HTTP/1.1[0m" 304 -
2026-02-22 20:16:40,594 [INFO] werkzeug: 10.0.0.178 - - [22/Feb/2026 20:16:40] "GET /api/records/geojson?has_gps=1&per_page=5000 HTTP/1.1" 200 -
2026-02-22 20:16:52,401 [INFO] werkzeug: 10.0.0.178 - - [22/Feb/2026 20:16:52] "GET /api/records/geojson?has_gps=1&per_page=5000&state=CO&category=sales HTTP/1.1" 200 -
2026-02-22 20:17:02,551 [INFO] werkzeug: 10.0.0.178 - - [22/Feb/2026 20:17:02] "GET /health HTTP/1.1" 200 -
2026-02-22 20:17:12,082 [INFO] werkzeug: 10.0.0.178 - - [22/Feb/2026 20:17:12] "GET /data/exports HTTP/1.1" 200 -
2026-02-22 20:17:12,145 [INFO] werkzeug: 10.0.0.178 - - [22/Feb/2026 20:17:12] "[36mGET /static/js/dashboard.js HTTP/1.1[0m" 304 -
2026-02-22 20:17:12,221 [INFO] werkzeug: 10.0.0.178 - - [22/Feb/2026 20:17:12] "GET /api/stats/categories HTTP/1.1" 200 -
2026-02-22 20:17:12,223 [INFO] werkzeug: 10.0.0.178 - - [22/Feb/2026 20:17:12] "GET /api/stats/states HTTP/1.1" 200 -
2026-02-22 20:17:22,393 [INFO] werkzeug: 10.0.0.178 - - [22/Feb/2026 20:17:22] "GET /api/records/export?per_page=10000&format=geojson&has_gps=1 HTTP/1.1" 200 -
2026-02-22 20:17:40,599 [INFO] werkzeug: 10.0.0.178 - - [22/Feb/2026 20:17:40] "GET /api/records/export?per_page=10000&format=csv HTTP/1.1" 200 -
2026-02-22 20:18:17,096 [INFO] werkzeug: 10.0.0.178 - - [22/Feb/2026 20:18:17] "GET / HTTP/1.1" 200 -
2026-02-22 20:18:17,158 [INFO] werkzeug: 10.0.0.178 - - [22/Feb/2026 20:18:17] "[36mGET /static/js/dashboard.js HTTP/1.1[0m" 304 -
2026-02-22 20:18:17,211 [INFO] werkzeug: 10.0.0.178 - - [22/Feb/2026 20:18:17] "GET /api/sources?per_page=20 HTTP/1.1" 200 -
2026-02-22 20:18:46,569 [INFO] werkzeug: 10.0.0.178 - - [22/Feb/2026 20:18:46] "GET / HTTP/1.1" 200 -
2026-02-22 20:18:46,616 [INFO] werkzeug: 10.0.0.178 - - [22/Feb/2026 20:18:46] "GET /static/js/dashboard.js HTTP/1.1" 200 -
2026-02-22 20:18:46,808 [INFO] werkzeug: 10.0.0.178 - - [22/Feb/2026 20:18:46] "GET /api/sources?per_page=20 HTTP/1.1" 200 -
2026-02-22 20:18:46,851 [INFO] werkzeug: 10.0.0.178 - - [22/Feb/2026 20:18:46] "[33mGET /favicon.ico HTTP/1.1[0m" 404 -
2026-02-22 20:18:58,390 [INFO] __main__: Shutdown signal received...
2026-02-22 20:18:58,394 [INFO] apscheduler.scheduler: Scheduler has been shut down
2026-02-22 20:18:58,435 [INFO] src.scheduler.manager: Scheduler stopped.
2026-02-22 20:19:01,007 [INFO] __main__: Starting Cannabis Data Aggregator — mode: all
2026-02-22 20:19:02,056 [INFO] src.storage.database: Database initialized: mysql+pymysql://phreakin:Passw0rd@10.0.0.2:3306/cannabis_data
2026-02-22 20:19:02,104 [INFO] apscheduler.scheduler: Scheduler started
2026-02-22 20:19:02,107 [INFO] src.scheduler.manager: Scheduler started.
2026-02-22 20:19:02,118 [INFO] src.scheduler.manager: Syncing 0 active schedules...
2026-02-22 20:19:02,122 [INFO] __main__: Scheduler started.
2026-02-22 20:19:02,169 [INFO] src.storage.database: Database initialized: mysql+pymysql://phreakin:Passw0rd@10.0.0.2:3306/cannabis_data
2026-02-22 20:19:02,277 [INFO] src.dashboard.app: Flask application initialized.
2026-02-22 20:19:02,278 [INFO] __main__: Dashboard + Scheduler starting on http://0.0.0.0:5000
2026-02-22 20:19:02,311 [INFO] werkzeug: [31m[1mWARNING: This is a development server. Do not use it in a production deployment. Use a production WSGI server instead.[0m
 * Running on all addresses (0.0.0.0)
 * Running on http://127.0.0.1:5000
 * Running on http://10.0.0.178:5000
2026-02-22 20:19:02,311 [INFO] werkzeug: [33mPress CTRL+C to quit[0m
2026-02-22 20:19:06,394 [INFO] werkzeug: 10.0.0.178 - - [22/Feb/2026 20:19:06] "GET / HTTP/1.1" 200 -
2026-02-22 20:19:06,450 [INFO] werkzeug: 10.0.0.178 - - [22/Feb/2026 20:19:06] "GET /static/js/dashboard.js HTTP/1.1" 200 -
2026-02-22 20:19:06,526 [INFO] werkzeug: 10.0.0.178 - - [22/Feb/2026 20:19:06] "GET /api/sources?per_page=20 HTTP/1.1" 200 -
2026-02-22 20:19:06,566 [INFO] werkzeug: 10.0.0.178 - - [22/Feb/2026 20:19:06] "[33mGET /favicon.ico HTTP/1.1[0m" 404 -
2026-02-22 20:19:11,713 [INFO] werkzeug: 10.0.0.178 - - [22/Feb/2026 20:19:11] "GET /health HTTP/1.1" 200 -
2026-02-22 20:22:43,583 [INFO] werkzeug: 10.0.0.178 - - [22/Feb/2026 20:22:43] "[32mGET /sources HTTP/1.1[0m" 308 -
2026-02-22 20:22:43,691 [INFO] werkzeug: 10.0.0.178 - - [22/Feb/2026 20:22:43] "GET /sources/ HTTP/1.1" 200 -
2026-02-22 20:22:43,767 [INFO] werkzeug: 10.0.0.178 - - [22/Feb/2026 20:22:43] "[36mGET /static/js/dashboard.js HTTP/1.1[0m" 304 -
2026-02-22 20:23:29,475 [INFO] werkzeug: 10.0.0.178 - - [22/Feb/2026 20:23:29] "POST /api/sources/27/test HTTP/1.1" 200 -
2026-02-22 20:23:35,880 [INFO] werkzeug: 10.0.0.178 - - [22/Feb/2026 20:23:35] "GET /sources/27/edit HTTP/1.1" 200 -
2026-02-22 20:23:35,951 [INFO] werkzeug: 10.0.0.178 - - [22/Feb/2026 20:23:35] "[36mGET /static/js/dashboard.js HTTP/1.1[0m" 304 -
2026-02-22 20:23:49,757 [INFO] werkzeug: 10.0.0.178 - - [22/Feb/2026 20:23:49] "PUT /api/sources/27 HTTP/1.1" 200 -
2026-02-22 20:23:50,822 [INFO] werkzeug: 10.0.0.178 - - [22/Feb/2026 20:23:50] "GET /sources/ HTTP/1.1" 200 -
2026-02-22 20:23:50,888 [INFO] werkzeug: 10.0.0.178 - - [22/Feb/2026 20:23:50] "[36mGET /static/js/dashboard.js HTTP/1.1[0m" 304 -
2026-02-22 20:23:57,737 [INFO] collector.job: [Run 7] Starting collection: az_adhs_dispensaries (AZ/dispensaries)
2026-02-22 20:23:59,607 [ERROR] collector.job: [Run 7] Collection failed: Failed to parse JSON response: Expecting value: line 1 column 1 (char 0)
Traceback (most recent call last):
  File "C:\Python\Lib\site-packages\requests\models.py", line 974, in json
    return complexjson.loads(self.text, **kwargs)
           ~~~~~~~~~~~~~~~~~^^^^^^^^^^^^^^^^^^^^^
  File "C:\Python\Lib\json\__init__.py", line 352, in loads
    return _default_decoder.decode(s)
           ~~~~~~~~~~~~~~~~~~~~~~~^^^
  File "C:\Python\Lib\json\decoder.py", line 345, in decode
    obj, end = self.raw_decode(s, idx=_w(s, 0).end())
               ~~~~~~~~~~~~~~~^^^^^^^^^^^^^^^^^^^^^^^
  File "C:\Python\Lib\json\decoder.py", line 363, in raw_decode
    raise JSONDecodeError("Expecting value", s, err.value) from None
json.decoder.JSONDecodeError: Expecting value: line 1 column 1 (char 0)

During handling of the above exception, another exception occurred:

Traceback (most recent call last):
  File "Z:\cannabis-data-aggregator\src\collectors\api_collector.py", line 170, in _parse_json_response
    return resp.json()
           ~~~~~~~~~^^
  File "C:\Python\Lib\site-packages\requests\models.py", line 978, in json
    raise RequestsJSONDecodeError(e.msg, e.doc, e.pos)
requests.exceptions.JSONDecodeError: Expecting value: line 1 column 1 (char 0)

During handling of the above exception, another exception occurred:

Traceback (most recent call last):
  File "Z:\cannabis-data-aggregator\src\scheduler\manager.py", line 275, in run_collection_job
    for raw_record in collector.collect():
                      ~~~~~~~~~~~~~~~~~^^
  File "Z:\cannabis-data-aggregator\src\collectors\api_collector.py", line 27, in collect
    yield from self._fetch_all_no_pagination(url, params)
  File "Z:\cannabis-data-aggregator\src\collectors\api_collector.py", line 44, in _fetch_all_no_pagination
    data = self._parse_json_response(resp)
  File "Z:\cannabis-data-aggregator\src\collectors\api_collector.py", line 172, in _parse_json_response
    raise CollectionError(f"Failed to parse JSON response: {e}")
src.collectors.base.CollectionError: Failed to parse JSON response: Expecting value: line 1 column 1 (char 0)
2026-02-22 20:23:59,622 [INFO] werkzeug: 10.0.0.178 - - [22/Feb/2026 20:23:59] "POST /api/sources/27/run HTTP/1.1" 200 -
2026-02-22 20:24:31,660 [WARNING] urllib3.connectionpool: Retrying (Retry(total=2, connect=None, read=None, redirect=None, status=None)) after connection broken by 'NameResolutionError("HTTPSConnection(host='as-dl.dcc.ca.gov', port=443): Failed to resolve 'as-dl.dcc.ca.gov' ([Errno 11001] getaddrinfo failed)")': /api/export/csv/3
2026-02-22 20:24:40,894 [INFO] werkzeug: 10.0.0.178 - - [22/Feb/2026 20:24:40] "GET /sources/14/edit HTTP/1.1" 200 -
2026-02-22 20:24:40,960 [INFO] werkzeug: 10.0.0.178 - - [22/Feb/2026 20:24:40] "[36mGET /static/js/dashboard.js HTTP/1.1[0m" 304 -
2026-02-22 20:24:41,662 [WARNING] urllib3.connectionpool: Retrying (Retry(total=1, connect=None, read=None, redirect=None, status=None)) after connection broken by 'NameResolutionError("HTTPSConnection(host='as-dl.dcc.ca.gov', port=443): Failed to resolve 'as-dl.dcc.ca.gov' ([Errno 11001] getaddrinfo failed)")': /api/export/csv/3
2026-02-22 20:24:46,017 [WARNING] urllib3.connectionpool: Retrying (Retry(total=2, connect=None, read=None, redirect=None, status=None)) after connection broken by 'NameResolutionError("HTTPSConnection(host='as-dl.dcc.ca.gov', port=443): Failed to resolve 'as-dl.dcc.ca.gov' ([Errno 11001] getaddrinfo failed)")': /api/export/json/3
2026-02-22 20:24:56,020 [WARNING] urllib3.connectionpool: Retrying (Retry(total=1, connect=None, read=None, redirect=None, status=None)) after connection broken by 'NameResolutionError("HTTPSConnection(host='as-dl.dcc.ca.gov', port=443): Failed to resolve 'as-dl.dcc.ca.gov' ([Errno 11001] getaddrinfo failed)")': /api/export/json/3
2026-02-22 20:24:56,578 [INFO] werkzeug: 10.0.0.178 - - [22/Feb/2026 20:24:56] "PUT /api/sources/14 HTTP/1.1" 200 -
2026-02-22 20:24:57,624 [INFO] werkzeug: 10.0.0.178 - - [22/Feb/2026 20:24:57] "GET /sources/ HTTP/1.1" 200 -
2026-02-22 20:24:57,814 [INFO] werkzeug: 10.0.0.178 - - [22/Feb/2026 20:24:57] "[36mGET /static/js/dashboard.js HTTP/1.1[0m" 304 -
2026-02-22 20:25:01,698 [WARNING] urllib3.connectionpool: Retrying (Retry(total=0, connect=None, read=None, redirect=None, status=None)) after connection broken by 'NameResolutionError("HTTPSConnection(host='as-dl.dcc.ca.gov', port=443): Failed to resolve 'as-dl.dcc.ca.gov' ([Errno 11001] getaddrinfo failed)")': /api/export/csv/3
2026-02-22 20:25:01,733 [INFO] werkzeug: 10.0.0.178 - - [22/Feb/2026 20:25:01] "POST /api/sources/13/test HTTP/1.1" 200 -
2026-02-22 20:25:01,789 [INFO] werkzeug: 10.0.0.178 - - [22/Feb/2026 20:25:01] "GET /sources/43/edit HTTP/1.1" 200 -
2026-02-22 20:25:01,825 [INFO] werkzeug: 10.0.0.178 - - [22/Feb/2026 20:25:01] "[36mGET /static/js/dashboard.js HTTP/1.1[0m" 304 -
2026-02-22 20:25:08,485 [INFO] collector.job: Source de_dphss_cannabis_licenses is disabled, skipping
2026-02-22 20:25:08,487 [INFO] werkzeug: 10.0.0.178 - - [22/Feb/2026 20:25:08] "POST /api/sources/43/run HTTP/1.1" 200 -
2026-02-22 20:25:11,386 [INFO] werkzeug: 10.0.0.178 - - [22/Feb/2026 20:25:11] "PUT /api/sources/43 HTTP/1.1" 200 -
2026-02-22 20:25:12,429 [INFO] werkzeug: 10.0.0.178 - - [22/Feb/2026 20:25:12] "GET /sources/ HTTP/1.1" 200 -
2026-02-22 20:25:12,499 [INFO] werkzeug: 10.0.0.178 - - [22/Feb/2026 20:25:12] "[36mGET /static/js/dashboard.js HTTP/1.1[0m" 304 -
2026-02-22 20:25:15,759 [INFO] werkzeug: 10.0.0.178 - - [22/Feb/2026 20:25:15] "GET /sources/48/edit HTTP/1.1" 200 -
2026-02-22 20:25:15,804 [INFO] werkzeug: 10.0.0.178 - - [22/Feb/2026 20:25:15] "[36mGET /static/js/dashboard.js HTTP/1.1[0m" 304 -
2026-02-22 20:25:16,066 [WARNING] urllib3.connectionpool: Retrying (Retry(total=0, connect=None, read=None, redirect=None, status=None)) after connection broken by 'NameResolutionError("HTTPSConnection(host='as-dl.dcc.ca.gov', port=443): Failed to resolve 'as-dl.dcc.ca.gov' ([Errno 11001] getaddrinfo failed)")': /api/export/json/3
2026-02-22 20:25:16,115 [INFO] werkzeug: 10.0.0.178 - - [22/Feb/2026 20:25:16] "POST /api/sources/14/test HTTP/1.1" 200 -
2026-02-22 20:25:22,670 [INFO] collector.job: Source leafly_dispensary_api is disabled, skipping
2026-02-22 20:25:22,672 [INFO] werkzeug: 10.0.0.178 - - [22/Feb/2026 20:25:22] "POST /api/sources/48/run HTTP/1.1" 200 -
2026-02-22 20:25:25,543 [INFO] werkzeug: 10.0.0.178 - - [22/Feb/2026 20:25:25] "PUT /api/sources/48 HTTP/1.1" 200 -
2026-02-22 20:25:26,581 [INFO] werkzeug: 10.0.0.178 - - [22/Feb/2026 20:25:26] "GET /sources/ HTTP/1.1" 200 -
2026-02-22 20:25:26,627 [INFO] werkzeug: 10.0.0.178 - - [22/Feb/2026 20:25:26] "[36mGET /static/js/dashboard.js HTTP/1.1[0m" 304 -
2026-02-22 20:25:29,634 [INFO] werkzeug: 10.0.0.178 - - [22/Feb/2026 20:25:29] "GET /sources/49/edit HTTP/1.1" 200 -
2026-02-22 20:25:29,698 [INFO] werkzeug: 10.0.0.178 - - [22/Feb/2026 20:25:29] "[36mGET /static/js/dashboard.js HTTP/1.1[0m" 304 -
2026-02-22 20:25:35,510 [INFO] collector.job: Source weedmaps_dispensaries is disabled, skipping
2026-02-22 20:25:35,512 [INFO] werkzeug: 10.0.0.178 - - [22/Feb/2026 20:25:35] "POST /api/sources/49/run HTTP/1.1" 200 -
2026-02-22 20:25:37,937 [INFO] werkzeug: 10.0.0.178 - - [22/Feb/2026 20:25:37] "PUT /api/sources/49 HTTP/1.1" 200 -
2026-02-22 20:25:38,989 [INFO] werkzeug: 10.0.0.178 - - [22/Feb/2026 20:25:38] "GET /sources/ HTTP/1.1" 200 -
2026-02-22 20:25:39,042 [INFO] werkzeug: 10.0.0.178 - - [22/Feb/2026 20:25:39] "[36mGET /static/js/dashboard.js HTTP/1.1[0m" 304 -
2026-02-22 20:25:42,756 [INFO] werkzeug: 10.0.0.178 - - [22/Feb/2026 20:25:42] "GET /sources/47/edit HTTP/1.1" 200 -
2026-02-22 20:25:42,799 [INFO] werkzeug: 10.0.0.178 - - [22/Feb/2026 20:25:42] "[36mGET /static/js/dashboard.js HTTP/1.1[0m" 304 -
2026-02-22 20:25:53,298 [INFO] collector.job: Source ncsl_cannabis_laws is disabled, skipping
2026-02-22 20:25:53,300 [INFO] werkzeug: 10.0.0.178 - - [22/Feb/2026 20:25:53] "POST /api/sources/47/run HTTP/1.1" 200 -
2026-02-22 20:25:57,798 [INFO] werkzeug: 10.0.0.178 - - [22/Feb/2026 20:25:57] "PUT /api/sources/47 HTTP/1.1" 200 -
2026-02-22 20:25:58,831 [INFO] werkzeug: 10.0.0.178 - - [22/Feb/2026 20:25:58] "GET /sources/ HTTP/1.1" 200 -
2026-02-22 20:25:58,909 [INFO] werkzeug: 10.0.0.178 - - [22/Feb/2026 20:25:58] "[36mGET /static/js/dashboard.js HTTP/1.1[0m" 304 -
2026-02-22 20:26:02,456 [INFO] werkzeug: 10.0.0.178 - - [22/Feb/2026 20:26:02] "GET /sources/3/edit HTTP/1.1" 200 -
2026-02-22 20:26:02,591 [INFO] werkzeug: 10.0.0.178 - - [22/Feb/2026 20:26:02] "[36mGET /static/js/dashboard.js HTTP/1.1[0m" 304 -
2026-02-22 20:26:08,811 [INFO] collector.job: Source congress_cannabis_bills is disabled, skipping
2026-02-22 20:26:08,812 [INFO] werkzeug: 10.0.0.178 - - [22/Feb/2026 20:26:08] "POST /api/sources/3/run HTTP/1.1" 200 -
2026-02-22 20:26:10,875 [INFO] werkzeug: 10.0.0.178 - - [22/Feb/2026 20:26:10] "PUT /api/sources/3 HTTP/1.1" 200 -
2026-02-22 20:26:11,914 [INFO] werkzeug: 10.0.0.178 - - [22/Feb/2026 20:26:11] "GET /sources/ HTTP/1.1" 200 -
2026-02-22 20:26:11,986 [INFO] werkzeug: 10.0.0.178 - - [22/Feb/2026 20:26:11] "[36mGET /static/js/dashboard.js HTTP/1.1[0m" 304 -
2026-02-22 20:26:16,016 [INFO] werkzeug: 10.0.0.178 - - [22/Feb/2026 20:26:16] "GET /sources/4/edit HTTP/1.1" 200 -
2026-02-22 20:26:16,057 [INFO] werkzeug: 10.0.0.178 - - [22/Feb/2026 20:26:16] "[36mGET /static/js/dashboard.js HTTP/1.1[0m" 304 -
2026-02-22 20:26:22,322 [INFO] werkzeug: 10.0.0.178 - - [22/Feb/2026 20:26:22] "PUT /api/sources/4 HTTP/1.1" 200 -
2026-02-22 20:26:23,367 [INFO] werkzeug: 10.0.0.178 - - [22/Feb/2026 20:26:23] "GET /sources/ HTTP/1.1" 200 -
2026-02-22 20:26:23,409 [INFO] werkzeug: 10.0.0.178 - - [22/Feb/2026 20:26:23] "[36mGET /static/js/dashboard.js HTTP/1.1[0m" 304 -
2026-02-22 20:26:27,527 [INFO] werkzeug: 10.0.0.178 - - [22/Feb/2026 20:26:27] "GET /sources/2/edit HTTP/1.1" 200 -
2026-02-22 20:26:27,587 [INFO] werkzeug: 10.0.0.178 - - [22/Feb/2026 20:26:27] "[36mGET /static/js/dashboard.js HTTP/1.1[0m" 304 -
2026-02-22 20:26:30,500 [INFO] werkzeug: 10.0.0.178 - - [22/Feb/2026 20:26:30] "PUT /api/sources/2 HTTP/1.1" 200 -
2026-02-22 20:26:31,548 [INFO] werkzeug: 10.0.0.178 - - [22/Feb/2026 20:26:31] "GET /sources/ HTTP/1.1" 200 -
2026-02-22 20:26:31,590 [INFO] werkzeug: 10.0.0.178 - - [22/Feb/2026 20:26:31] "[36mGET /static/js/dashboard.js HTTP/1.1[0m" 304 -
2026-02-22 20:26:35,043 [INFO] werkzeug: 10.0.0.178 - - [22/Feb/2026 20:26:35] "GET /sources/39/edit HTTP/1.1" 200 -
2026-02-22 20:26:35,087 [INFO] werkzeug: 10.0.0.178 - - [22/Feb/2026 20:26:35] "[36mGET /static/js/dashboard.js HTTP/1.1[0m" 304 -
2026-02-22 20:26:42,259 [INFO] werkzeug: 10.0.0.178 - - [22/Feb/2026 20:26:42] "PUT /api/sources/39 HTTP/1.1" 200 -
2026-02-22 20:26:43,326 [INFO] werkzeug: 10.0.0.178 - - [22/Feb/2026 20:26:43] "GET /sources/ HTTP/1.1" 200 -
2026-02-22 20:26:43,396 [INFO] werkzeug: 10.0.0.178 - - [22/Feb/2026 20:26:43] "[36mGET /static/js/dashboard.js HTTP/1.1[0m" 304 -
2026-02-22 20:26:47,519 [INFO] werkzeug: 10.0.0.178 - - [22/Feb/2026 20:26:47] "GET /sources/41/edit HTTP/1.1" 200 -
2026-02-22 20:26:47,561 [INFO] werkzeug: 10.0.0.178 - - [22/Feb/2026 20:26:47] "[36mGET /static/js/dashboard.js HTTP/1.1[0m" 304 -
2026-02-22 20:26:53,743 [INFO] werkzeug: 10.0.0.178 - - [22/Feb/2026 20:26:53] "PUT /api/sources/41 HTTP/1.1" 200 -
2026-02-22 20:26:54,805 [INFO] werkzeug: 10.0.0.178 - - [22/Feb/2026 20:26:54] "GET /sources/ HTTP/1.1" 200 -
2026-02-22 20:26:54,849 [INFO] werkzeug: 10.0.0.178 - - [22/Feb/2026 20:26:54] "[36mGET /static/js/dashboard.js HTTP/1.1[0m" 304 -
2026-02-22 20:27:00,885 [INFO] werkzeug: 10.0.0.178 - - [22/Feb/2026 20:27:00] "GET /sources/35/edit HTTP/1.1" 200 -
2026-02-22 20:27:00,958 [INFO] werkzeug: 10.0.0.178 - - [22/Feb/2026 20:27:00] "[36mGET /static/js/dashboard.js HTTP/1.1[0m" 304 -
2026-02-22 20:27:04,720 [INFO] werkzeug: 10.0.0.178 - - [22/Feb/2026 20:27:04] "PUT /api/sources/35 HTTP/1.1" 200 -
2026-02-22 20:27:05,789 [INFO] werkzeug: 10.0.0.178 - - [22/Feb/2026 20:27:05] "GET /sources/ HTTP/1.1" 200 -
2026-02-22 20:27:05,836 [INFO] werkzeug: 10.0.0.178 - - [22/Feb/2026 20:27:05] "[36mGET /static/js/dashboard.js HTTP/1.1[0m" 304 -
2026-02-22 20:27:10,400 [INFO] werkzeug: 10.0.0.178 - - [22/Feb/2026 20:27:10] "GET /sources/30/edit HTTP/1.1" 200 -
2026-02-22 20:27:10,438 [INFO] werkzeug: 10.0.0.178 - - [22/Feb/2026 20:27:10] "[36mGET /static/js/dashboard.js HTTP/1.1[0m" 304 -
2026-02-22 20:27:15,518 [INFO] werkzeug: 10.0.0.178 - - [22/Feb/2026 20:27:15] "PUT /api/sources/30 HTTP/1.1" 200 -
2026-02-22 20:27:16,572 [INFO] werkzeug: 10.0.0.178 - - [22/Feb/2026 20:27:16] "GET /sources/ HTTP/1.1" 200 -
2026-02-22 20:27:16,641 [INFO] werkzeug: 10.0.0.178 - - [22/Feb/2026 20:27:16] "[36mGET /static/js/dashboard.js HTTP/1.1[0m" 304 -
2026-02-22 20:27:20,598 [INFO] werkzeug: 10.0.0.178 - - [22/Feb/2026 20:27:20] "GET /sources/25/edit HTTP/1.1" 200 -
2026-02-22 20:27:20,641 [INFO] werkzeug: 10.0.0.178 - - [22/Feb/2026 20:27:20] "[36mGET /static/js/dashboard.js HTTP/1.1[0m" 304 -
2026-02-22 20:27:24,871 [INFO] werkzeug: 10.0.0.178 - - [22/Feb/2026 20:27:24] "PUT /api/sources/25 HTTP/1.1" 200 -
2026-02-22 20:27:25,926 [INFO] werkzeug: 10.0.0.178 - - [22/Feb/2026 20:27:25] "GET /sources/ HTTP/1.1" 200 -
2026-02-22 20:27:25,970 [INFO] werkzeug: 10.0.0.178 - - [22/Feb/2026 20:27:25] "[36mGET /static/js/dashboard.js HTTP/1.1[0m" 304 -
2026-02-22 20:27:31,059 [INFO] werkzeug: 10.0.0.178 - - [22/Feb/2026 20:27:31] "GET /sources/38/edit HTTP/1.1" 200 -
2026-02-22 20:27:31,124 [INFO] werkzeug: 10.0.0.178 - - [22/Feb/2026 20:27:31] "[36mGET /static/js/dashboard.js HTTP/1.1[0m" 304 -
2026-02-22 20:27:35,653 [INFO] werkzeug: 10.0.0.178 - - [22/Feb/2026 20:27:35] "PUT /api/sources/38 HTTP/1.1" 200 -
2026-02-22 20:27:36,706 [INFO] werkzeug: 10.0.0.178 - - [22/Feb/2026 20:27:36] "GET /sources/ HTTP/1.1" 200 -
2026-02-22 20:27:36,748 [INFO] werkzeug: 10.0.0.178 - - [22/Feb/2026 20:27:36] "[36mGET /static/js/dashboard.js HTTP/1.1[0m" 304 -
2026-02-22 20:27:47,553 [INFO] werkzeug: 10.0.0.178 - - [22/Feb/2026 20:27:47] "GET /sources/42/edit HTTP/1.1" 200 -
2026-02-22 20:27:47,628 [INFO] werkzeug: 10.0.0.178 - - [22/Feb/2026 20:27:47] "[36mGET /static/js/dashboard.js HTTP/1.1[0m" 304 -
2026-02-22 20:27:52,228 [INFO] werkzeug: 10.0.0.178 - - [22/Feb/2026 20:27:52] "PUT /api/sources/42 HTTP/1.1" 200 -
2026-02-22 20:27:53,277 [INFO] werkzeug: 10.0.0.178 - - [22/Feb/2026 20:27:53] "GET /sources/ HTTP/1.1" 200 -
2026-02-22 20:27:53,325 [INFO] werkzeug: 10.0.0.178 - - [22/Feb/2026 20:27:53] "[36mGET /static/js/dashboard.js HTTP/1.1[0m" 304 -
2026-02-22 20:27:58,590 [INFO] werkzeug: 10.0.0.178 - - [22/Feb/2026 20:27:58] "GET /sources/29/edit HTTP/1.1" 200 -
2026-02-22 20:27:58,636 [INFO] werkzeug: 10.0.0.178 - - [22/Feb/2026 20:27:58] "[36mGET /static/js/dashboard.js HTTP/1.1[0m" 304 -
2026-02-22 20:28:02,780 [INFO] werkzeug: 10.0.0.178 - - [22/Feb/2026 20:28:02] "PUT /api/sources/29 HTTP/1.1" 200 -
2026-02-22 20:28:03,831 [INFO] werkzeug: 10.0.0.178 - - [22/Feb/2026 20:28:03] "GET /sources/ HTTP/1.1" 200 -
2026-02-22 20:28:03,904 [INFO] werkzeug: 10.0.0.178 - - [22/Feb/2026 20:28:03] "[36mGET /static/js/dashboard.js HTTP/1.1[0m" 304 -
2026-02-22 20:28:09,473 [INFO] werkzeug: 10.0.0.178 - - [22/Feb/2026 20:28:09] "GET /sources/37/edit HTTP/1.1" 200 -
2026-02-22 20:28:09,514 [INFO] werkzeug: 10.0.0.178 - - [22/Feb/2026 20:28:09] "[36mGET /static/js/dashboard.js HTTP/1.1[0m" 304 -
2026-02-22 20:28:14,109 [INFO] werkzeug: 10.0.0.178 - - [22/Feb/2026 20:28:14] "PUT /api/sources/37 HTTP/1.1" 200 -
2026-02-22 20:28:15,170 [INFO] werkzeug: 10.0.0.178 - - [22/Feb/2026 20:28:15] "GET /sources/ HTTP/1.1" 200 -
2026-02-22 20:28:15,216 [INFO] werkzeug: 10.0.0.178 - - [22/Feb/2026 20:28:15] "[36mGET /static/js/dashboard.js HTTP/1.1[0m" 304 -
2026-02-22 20:28:20,792 [INFO] werkzeug: 10.0.0.178 - - [22/Feb/2026 20:28:20] "GET /sources/40/edit HTTP/1.1" 200 -
2026-02-22 20:28:20,858 [INFO] werkzeug: 10.0.0.178 - - [22/Feb/2026 20:28:20] "[36mGET /static/js/dashboard.js HTTP/1.1[0m" 304 -
2026-02-22 20:28:26,292 [INFO] werkzeug: 10.0.0.178 - - [22/Feb/2026 20:28:26] "PUT /api/sources/40 HTTP/1.1" 200 -
2026-02-22 20:28:27,357 [INFO] werkzeug: 10.0.0.178 - - [22/Feb/2026 20:28:27] "GET /sources/ HTTP/1.1" 200 -
2026-02-22 20:28:27,406 [INFO] werkzeug: 10.0.0.178 - - [22/Feb/2026 20:28:27] "[36mGET /static/js/dashboard.js HTTP/1.1[0m" 304 -
2026-02-22 20:28:33,027 [INFO] werkzeug: 10.0.0.178 - - [22/Feb/2026 20:28:33] "GET /sources/44/edit HTTP/1.1" 200 -
2026-02-22 20:28:33,067 [INFO] werkzeug: 10.0.0.178 - - [22/Feb/2026 20:28:33] "[36mGET /static/js/dashboard.js HTTP/1.1[0m" 304 -
2026-02-22 20:28:36,841 [INFO] werkzeug: 10.0.0.178 - - [22/Feb/2026 20:28:36] "PUT /api/sources/44 HTTP/1.1" 200 -
2026-02-22 20:28:37,891 [INFO] werkzeug: 10.0.0.178 - - [22/Feb/2026 20:28:37] "GET /sources/ HTTP/1.1" 200 -
2026-02-22 20:28:37,962 [INFO] werkzeug: 10.0.0.178 - - [22/Feb/2026 20:28:37] "[36mGET /static/js/dashboard.js HTTP/1.1[0m" 304 -
2026-02-22 20:28:42,932 [INFO] werkzeug: 10.0.0.178 - - [22/Feb/2026 20:28:42] "GET /sources/36/edit HTTP/1.1" 200 -
2026-02-22 20:28:42,974 [INFO] werkzeug: 10.0.0.178 - - [22/Feb/2026 20:28:42] "[36mGET /static/js/dashboard.js HTTP/1.1[0m" 304 -
2026-02-22 20:28:49,516 [INFO] werkzeug: 10.0.0.178 - - [22/Feb/2026 20:28:49] "PUT /api/sources/36 HTTP/1.1" 200 -
2026-02-22 20:28:50,569 [INFO] werkzeug: 10.0.0.178 - - [22/Feb/2026 20:28:50] "GET /sources/ HTTP/1.1" 200 -
2026-02-22 20:28:50,670 [INFO] werkzeug: 10.0.0.178 - - [22/Feb/2026 20:28:50] "[36mGET /static/js/dashboard.js HTTP/1.1[0m" 304 -
2026-02-22 20:28:55,422 [INFO] werkzeug: 10.0.0.178 - - [22/Feb/2026 20:28:55] "GET /sources/45/edit HTTP/1.1" 200 -
2026-02-22 20:28:55,485 [INFO] werkzeug: 10.0.0.178 - - [22/Feb/2026 20:28:55] "[36mGET /static/js/dashboard.js HTTP/1.1[0m" 304 -
2026-02-22 20:28:59,970 [INFO] werkzeug: 10.0.0.178 - - [22/Feb/2026 20:28:59] "PUT /api/sources/45 HTTP/1.1" 200 -
2026-02-22 20:29:00,070 [INFO] werkzeug: 10.0.0.178 - - [22/Feb/2026 20:29:00] "PUT /api/sources/45 HTTP/1.1" 200 -
2026-02-22 20:29:01,048 [INFO] werkzeug: 10.0.0.178 - - [22/Feb/2026 20:29:01] "GET /sources/ HTTP/1.1" 200 -
2026-02-22 20:29:01,098 [INFO] werkzeug: 10.0.0.178 - - [22/Feb/2026 20:29:01] "[36mGET /static/js/dashboard.js HTTP/1.1[0m" 304 -
2026-02-22 20:29:08,344 [INFO] werkzeug: 10.0.0.178 - - [22/Feb/2026 20:29:08] "GET / HTTP/1.1" 200 -
2026-02-22 20:29:08,413 [INFO] werkzeug: 10.0.0.178 - - [22/Feb/2026 20:29:08] "[36mGET /static/js/dashboard.js HTTP/1.1[0m" 304 -
2026-02-22 20:29:08,464 [INFO] werkzeug: 10.0.0.178 - - [22/Feb/2026 20:29:08] "GET /api/sources?per_page=20 HTTP/1.1" 200 -
2026-02-22 20:29:39,516 [INFO] werkzeug: 10.0.0.178 - - [22/Feb/2026 20:29:39] "GET /data/logs HTTP/1.1" 200 -
2026-02-22 20:29:39,587 [INFO] werkzeug: 10.0.0.178 - - [22/Feb/2026 20:29:39] "[36mGET /static/js/dashboard.js HTTP/1.1[0m" 304 -
2026-02-22 20:29:39,644 [INFO] werkzeug: 10.0.0.178 - - [22/Feb/2026 20:29:39] "GET /api/logs?page=1&per_page=50 HTTP/1.1" 200 -
2026-02-22 20:42:40,824 [INFO] werkzeug: 10.0.0.178 - - [22/Feb/2026 20:42:40] "GET / HTTP/1.1" 200 -
2026-02-22 20:42:40,895 [INFO] werkzeug: 10.0.0.178 - - [22/Feb/2026 20:42:40] "[36mGET /static/js/dashboard.js HTTP/1.1[0m" 304 -
2026-02-22 20:42:40,976 [INFO] werkzeug: 10.0.0.178 - - [22/Feb/2026 20:42:40] "GET /api/sources?per_page=20 HTTP/1.1" 200 -
2026-02-22 20:42:41,042 [INFO] werkzeug: 10.0.0.178 - - [22/Feb/2026 20:42:41] "[33mGET /favicon.ico HTTP/1.1[0m" 404 -
2026-02-22 20:42:42,951 [INFO] werkzeug: 10.0.0.178 - - [22/Feb/2026 20:42:42] "GET / HTTP/1.1" 200 -
2026-02-22 20:42:42,983 [INFO] werkzeug: 10.0.0.178 - - [22/Feb/2026 20:42:42] "GET /static/js/dashboard.js HTTP/1.1" 200 -
2026-02-22 20:42:43,143 [INFO] werkzeug: 10.0.0.178 - - [22/Feb/2026 20:42:43] "GET /api/sources?per_page=20 HTTP/1.1" 200 -
2026-02-22 20:42:43,179 [INFO] werkzeug: 10.0.0.178 - - [22/Feb/2026 20:42:43] "[33mGET /favicon.ico HTTP/1.1[0m" 404 -
2026-02-22 20:42:51,328 [INFO] __main__: Shutdown signal received...
2026-02-22 20:42:51,332 [INFO] apscheduler.scheduler: Scheduler has been shut down
2026-02-22 20:42:51,371 [INFO] src.scheduler.manager: Scheduler stopped.
2026-02-22 20:45:40,547 [INFO] __main__: Starting Cannabis Data Aggregator — mode: all
2026-02-22 20:45:41,680 [INFO] src.storage.database: Database initialized: mysql+pymysql://phreakin:Passw0rd@10.0.0.2:3306/cannabis_data
2026-02-22 20:45:41,729 [INFO] apscheduler.scheduler: Scheduler started
2026-02-22 20:45:41,732 [INFO] src.scheduler.manager: Scheduler started.
2026-02-22 20:45:41,746 [INFO] src.scheduler.manager: Syncing 0 active schedules...
2026-02-22 20:45:41,750 [INFO] __main__: Scheduler started.
2026-02-22 20:45:41,777 [INFO] src.storage.database: Database initialized: mysql+pymysql://phreakin:Passw0rd@10.0.0.2:3306/cannabis_data
2026-02-22 20:45:41,867 [INFO] src.dashboard.app: Flask application initialized.
2026-02-22 20:45:41,868 [INFO] __main__: Dashboard + Scheduler starting on http://0.0.0.0:5000
2026-02-22 20:45:41,898 [INFO] werkzeug: [31m[1mWARNING: This is a development server. Do not use it in a production deployment. Use a production WSGI server instead.[0m
 * Running on all addresses (0.0.0.0)
 * Running on http://127.0.0.1:5000
 * Running on http://10.0.0.178:5000
2026-02-22 20:45:41,899 [INFO] werkzeug: [33mPress CTRL+C to quit[0m
2026-02-22 20:45:48,151 [INFO] werkzeug: 10.0.0.178 - - [22/Feb/2026 20:45:48] "GET / HTTP/1.1" 200 -
2026-02-22 20:45:48,209 [INFO] werkzeug: 10.0.0.178 - - [22/Feb/2026 20:45:48] "[36mGET /static/js/dashboard.js HTTP/1.1[0m" 304 -
2026-02-22 20:45:48,304 [INFO] werkzeug: 10.0.0.178 - - [22/Feb/2026 20:45:48] "GET /api/sources?per_page=20 HTTP/1.1" 200 -
2026-02-22 20:45:50,256 [INFO] werkzeug: 10.0.0.178 - - [22/Feb/2026 20:45:50] "GET / HTTP/1.1" 200 -
2026-02-22 20:45:50,288 [INFO] werkzeug: 10.0.0.178 - - [22/Feb/2026 20:45:50] "GET /static/js/dashboard.js HTTP/1.1" 200 -
2026-02-22 20:45:50,496 [INFO] werkzeug: 10.0.0.178 - - [22/Feb/2026 20:45:50] "GET /api/sources?per_page=20 HTTP/1.1" 200 -
2026-02-22 20:45:50,537 [INFO] werkzeug: 10.0.0.178 - - [22/Feb/2026 20:45:50] "[33mGET /favicon.ico HTTP/1.1[0m" 404 -
2026-02-22 20:46:09,707 [INFO] werkzeug: 10.0.0.178 - - [22/Feb/2026 20:46:09] "GET /data/map HTTP/1.1" 200 -
2026-02-22 20:46:09,775 [INFO] werkzeug: 10.0.0.178 - - [22/Feb/2026 20:46:09] "[36mGET /static/js/dashboard.js HTTP/1.1[0m" 304 -
2026-02-22 20:46:11,677 [INFO] werkzeug: 10.0.0.178 - - [22/Feb/2026 20:46:11] "GET /api/records/geojson?has_gps=1&per_page=5000 HTTP/1.1" 200 -
2026-02-22 20:46:33,635 [INFO] werkzeug: 10.0.0.178 - - [22/Feb/2026 20:46:33] "GET /data/logs HTTP/1.1" 200 -
2026-02-22 20:46:33,696 [INFO] werkzeug: 10.0.0.178 - - [22/Feb/2026 20:46:33] "[36mGET /static/js/dashboard.js HTTP/1.1[0m" 304 -
2026-02-22 20:46:33,742 [INFO] werkzeug: 10.0.0.178 - - [22/Feb/2026 20:46:33] "GET /api/logs?page=1&per_page=50 HTTP/1.1" 200 -
2026-02-22 20:46:53,307 [INFO] werkzeug: 10.0.0.178 - - [22/Feb/2026 20:46:53] "GET /api/logs?page=1&per_page=50 HTTP/1.1" 200 -
2026-02-22 20:47:03,314 [INFO] werkzeug: 10.0.0.178 - - [22/Feb/2026 20:47:03] "GET /api/logs?page=1&per_page=50 HTTP/1.1" 200 -
2026-02-22 20:47:14,318 [INFO] werkzeug: 10.0.0.178 - - [22/Feb/2026 20:47:14] "GET /api/logs?page=1&per_page=50 HTTP/1.1" 200 -
2026-02-22 20:47:24,318 [INFO] werkzeug: 10.0.0.178 - - [22/Feb/2026 20:47:24] "GET /api/logs?page=1&per_page=50 HTTP/1.1" 200 -
2026-02-22 20:47:34,317 [INFO] werkzeug: 10.0.0.178 - - [22/Feb/2026 20:47:34] "GET /api/logs?page=1&per_page=50 HTTP/1.1" 200 -
2026-02-22 20:47:44,319 [INFO] werkzeug: 10.0.0.178 - - [22/Feb/2026 20:47:44] "GET /api/logs?page=1&per_page=50 HTTP/1.1" 200 -
2026-02-22 20:47:53,313 [INFO] werkzeug: 10.0.0.178 - - [22/Feb/2026 20:47:53] "GET /api/logs?page=1&per_page=50 HTTP/1.1" 200 -
2026-02-22 20:48:03,314 [INFO] werkzeug: 10.0.0.178 - - [22/Feb/2026 20:48:03] "GET /api/logs?page=1&per_page=50 HTTP/1.1" 200 -
2026-02-22 20:48:53,322 [INFO] werkzeug: 10.0.0.178 - - [22/Feb/2026 20:48:53] "GET /api/logs?page=1&per_page=50 HTTP/1.1" 200 -
2026-02-22 20:49:53,309 [INFO] werkzeug: 10.0.0.178 - - [22/Feb/2026 20:49:53] "GET /api/logs?page=1&per_page=50 HTTP/1.1" 200 -
2026-02-22 20:50:53,305 [INFO] werkzeug: 10.0.0.178 - - [22/Feb/2026 20:50:53] "GET /api/logs?page=1&per_page=50 HTTP/1.1" 200 -
2026-02-22 20:51:25,756 [INFO] werkzeug: 10.0.0.178 - - [22/Feb/2026 20:51:25] "GET /api/logs?page=1&per_page=50 HTTP/1.1" 200 -
2026-02-22 20:51:33,318 [INFO] werkzeug: 10.0.0.178 - - [22/Feb/2026 20:51:33] "GET /api/logs?page=1&per_page=50 HTTP/1.1" 200 -
2026-02-22 20:51:36,707 [INFO] werkzeug: 10.0.0.178 - - [22/Feb/2026 20:51:36] "GET /data/exports HTTP/1.1" 200 -
2026-02-22 20:51:36,775 [INFO] werkzeug: 10.0.0.178 - - [22/Feb/2026 20:51:36] "[36mGET /static/js/dashboard.js HTTP/1.1[0m" 304 -
2026-02-22 20:51:36,853 [INFO] werkzeug: 10.0.0.178 - - [22/Feb/2026 20:51:36] "GET /api/stats/states HTTP/1.1" 200 -
2026-02-22 20:51:36,854 [INFO] werkzeug: 10.0.0.178 - - [22/Feb/2026 20:51:36] "GET /api/stats/categories HTTP/1.1" 200 -
2026-02-22 20:52:06,802 [INFO] werkzeug: 10.0.0.178 - - [22/Feb/2026 20:52:06] "GET /health HTTP/1.1" 200 -
2026-02-22 23:20:23,445 [INFO] __main__: Shutdown signal received...
2026-02-22 23:20:23,447 [INFO] apscheduler.scheduler: Scheduler has been shut down
2026-02-22 23:20:23,472 [INFO] src.scheduler.manager: Scheduler stopped.
2026-02-22 23:20:24,514 [INFO] __main__: Starting Cannabis Data Aggregator — mode: all
2026-02-22 23:20:25,542 [INFO] src.storage.database: Database initialized: mysql+pymysql://phreakin:Passw0rd@10.0.0.2:3306/cannabis_data
2026-02-22 23:20:25,583 [INFO] apscheduler.scheduler: Scheduler started
2026-02-22 23:20:25,584 [DEBUG] apscheduler.scheduler: Looking for jobs to run
2026-02-22 23:20:25,584 [INFO] src.scheduler.manager: Scheduler started.
2026-02-22 23:20:25,598 [INFO] src.scheduler.manager: Syncing 0 active schedules...
2026-02-22 23:20:25,599 [DEBUG] apscheduler.scheduler: No jobs; waiting until a job is added
2026-02-22 23:20:25,602 [INFO] __main__: Scheduler started.
2026-02-22 23:20:25,646 [INFO] src.storage.database: Database initialized: mysql+pymysql://phreakin:Passw0rd@10.0.0.2:3306/cannabis_data
2026-02-22 23:20:25,747 [INFO] src.dashboard.app: Flask application initialized.
2026-02-22 23:20:25,748 [INFO] __main__: Dashboard + Scheduler starting on http://0.0.0.0:5000
2026-02-22 23:20:25,777 [INFO] werkzeug: [31m[1mWARNING: This is a development server. Do not use it in a production deployment. Use a production WSGI server instead.[0m
 * Running on all addresses (0.0.0.0)
 * Running on http://127.0.0.1:5000
 * Running on http://10.0.0.178:5000
2026-02-22 23:20:25,778 [INFO] werkzeug: [33mPress CTRL+C to quit[0m
2026-02-22 23:20:29,022 [INFO] werkzeug: 10.0.0.178 - - [22/Feb/2026 23:20:29] "GET / HTTP/1.1" 200 -
2026-02-22 23:20:29,035 [INFO] werkzeug: 10.0.0.178 - - [22/Feb/2026 23:20:29] "GET / HTTP/1.1" 200 -
2026-02-22 23:20:29,089 [INFO] werkzeug: 10.0.0.178 - - [22/Feb/2026 23:20:29] "[36mGET /static/js/dashboard.js HTTP/1.1[0m" 304 -
2026-02-22 23:20:29,096 [INFO] werkzeug: 10.0.0.178 - - [22/Feb/2026 23:20:29] "[36mGET /static/js/dashboard.js HTTP/1.1[0m" 304 -
2026-02-22 23:20:29,226 [INFO] werkzeug: 10.0.0.178 - - [22/Feb/2026 23:20:29] "GET /api/sources?per_page=20 HTTP/1.1" 200 -
2026-02-22 23:20:29,239 [INFO] werkzeug: 10.0.0.178 - - [22/Feb/2026 23:20:29] "GET /api/sources?per_page=20 HTTP/1.1" 200 -
2026-02-22 23:34:07,622 [INFO] werkzeug: 10.0.0.178 - - [22/Feb/2026 23:34:07] "GET / HTTP/1.1" 200 -
2026-02-22 23:34:07,680 [INFO] werkzeug: 10.0.0.178 - - [22/Feb/2026 23:34:07] "[36mGET /static/js/dashboard.js HTTP/1.1[0m" 304 -
2026-02-22 23:34:07,774 [INFO] werkzeug: 10.0.0.178 - - [22/Feb/2026 23:34:07] "GET /api/sources?per_page=20 HTTP/1.1" 200 -
2026-02-22 23:34:26,328 [INFO] werkzeug: 10.0.0.178 - - [22/Feb/2026 23:34:26] "GET /data/map HTTP/1.1" 200 -
2026-02-22 23:34:26,391 [INFO] werkzeug: 10.0.0.178 - - [22/Feb/2026 23:34:26] "[36mGET /static/js/dashboard.js HTTP/1.1[0m" 304 -
2026-02-22 23:34:28,415 [INFO] werkzeug: 10.0.0.178 - - [22/Feb/2026 23:34:28] "GET /api/records/geojson?has_gps=1&per_page=5000 HTTP/1.1" 200 -
2026-02-22 23:34:36,903 [INFO] werkzeug: 10.0.0.178 - - [22/Feb/2026 23:34:36] "GET /data/logs HTTP/1.1" 200 -
2026-02-22 23:34:36,941 [INFO] werkzeug: 10.0.0.178 - - [22/Feb/2026 23:34:36] "[36mGET /static/js/dashboard.js HTTP/1.1[0m" 304 -
2026-02-22 23:34:37,003 [INFO] werkzeug: 10.0.0.178 - - [22/Feb/2026 23:34:37] "GET /api/logs?page=1&per_page=50 HTTP/1.1" 200 -
2026-02-23 00:28:08,775 [INFO] werkzeug: 10.0.0.178 - - [23/Feb/2026 00:28:08] "GET / HTTP/1.1" 200 -
2026-02-23 00:28:08,846 [INFO] werkzeug: 10.0.0.178 - - [23/Feb/2026 00:28:08] "[36mGET /static/js/dashboard.js HTTP/1.1[0m" 304 -
2026-02-23 00:28:08,914 [INFO] werkzeug: 10.0.0.178 - - [23/Feb/2026 00:28:08] "GET /api/sources?per_page=20 HTTP/1.1" 200 -
2026-02-23 00:28:22,185 [INFO] werkzeug: 10.0.0.178 - - [23/Feb/2026 00:28:22] "GET /data/ HTTP/1.1" 200 -
2026-02-23 00:28:22,224 [INFO] werkzeug: 10.0.0.178 - - [23/Feb/2026 00:28:22] "[36mGET /static/js/dashboard.js HTTP/1.1[0m" 304 -
2026-02-23 00:28:22,297 [INFO] werkzeug: 10.0.0.178 - - [23/Feb/2026 00:28:22] "GET /api/records?page=1&per_page=50 HTTP/1.1" 200 -
2026-02-23 00:28:35,877 [INFO] werkzeug: 10.0.0.178 - - [23/Feb/2026 00:28:35] "GET /api/records?page=1&per_page=250 HTTP/1.1" 200 -
2026-02-23 00:28:40,631 [INFO] werkzeug: 10.0.0.178 - - [23/Feb/2026 00:28:40] "GET /api/records?page=2&per_page=250 HTTP/1.1" 200 -
2026-02-23 00:28:44,123 [INFO] werkzeug: 10.0.0.178 - - [23/Feb/2026 00:28:44] "GET /api/records?page=3&per_page=250 HTTP/1.1" 200 -
2026-02-23 00:28:47,931 [ERROR] src.dashboard.app: Exception on /api/records [GET]
Traceback (most recent call last):
  File "C:\Python\Lib\site-packages\flask\app.py", line 1473, in wsgi_app
    response = self.full_dispatch_request()
  File "C:\Python\Lib\site-packages\flask\app.py", line 882, in full_dispatch_request
    rv = self.handle_user_exception(e)
  File "C:\Python\Lib\site-packages\flask\app.py", line 880, in full_dispatch_request
    rv = self.dispatch_request()
  File "C:\Python\Lib\site-packages\flask\app.py", line 865, in dispatch_request
    return self.ensure_sync(self.view_functions[rule.endpoint])(**view_args)  # type: ignore[no-any-return]
           ~~~~~~~~~~~~~~~~~~~~~~~~~~~~~~~~~~~~~~~~~~~~~~~~~~~~^^^^^^^^^^^^^
  File "Z:\cannabis-data-aggregator\src\dashboard\routes\api.py", line 310, in list_records
    page = int(request.args.get("page", 1))
ValueError: invalid literal for int() with base 10: 'undefined'
2026-02-23 00:28:47,989 [INFO] werkzeug: 10.0.0.178 - - [23/Feb/2026 00:28:47] "[35m[1mGET /api/records?page=undefined&per_page=250 HTTP/1.1[0m" 500 -
2026-02-23 00:28:53,268 [INFO] werkzeug: 10.0.0.178 - - [23/Feb/2026 00:28:53] "GET /api/records?page=2&per_page=250 HTTP/1.1" 200 -
2026-02-23 00:29:05,532 [INFO] werkzeug: 10.0.0.178 - - [23/Feb/2026 00:29:05] "[33mGET /api/records/5835 HTTP/1.1[0m" 404 -
2026-02-23 00:30:38,444 [INFO] werkzeug: 10.0.0.178 - - [23/Feb/2026 00:30:38] "GET / HTTP/1.1" 200 -
2026-02-23 00:30:38,516 [INFO] werkzeug: 10.0.0.178 - - [23/Feb/2026 00:30:38] "[36mGET /static/js/dashboard.js HTTP/1.1[0m" 304 -
2026-02-23 00:30:38,593 [INFO] werkzeug: 10.0.0.178 - - [23/Feb/2026 00:30:38] "GET /api/sources?per_page=20 HTTP/1.1" 200 -
2026-02-23 00:31:44,552 [INFO] werkzeug: 10.0.0.178 - - [23/Feb/2026 00:31:44] "GET /data/logs HTTP/1.1" 200 -
2026-02-23 00:31:44,614 [INFO] werkzeug: 10.0.0.178 - - [23/Feb/2026 00:31:44] "[36mGET /static/js/dashboard.js HTTP/1.1[0m" 304 -
2026-02-23 00:31:44,666 [INFO] werkzeug: 10.0.0.178 - - [23/Feb/2026 00:31:44] "GET /api/logs?page=1&per_page=50 HTTP/1.1" 200 -
2026-02-23 01:00:00,009 [INFO] apscheduler.executors.default: Running job "New York OCM All Licenses - Bi-Weekly (trigger: cron[month='*', day='*', day_of_week='mon,thu', hour='2', minute='0'], next run at: 2026-02-26 02:00:00 CST)" (scheduled at 2026-02-23 02:00:00-06:00)
2026-02-23 01:00:00,055 [INFO] collector.job: [Run 8] Starting collection: ny_ocm_all_licenses (NY/licenses)
2026-02-23 01:00:00,494 [ERROR] collector.job: [Run 8] Collection failed: HTTP error 404: https://data.ny.gov/resource/yq4v-k4kz.json
Traceback (most recent call last):
  File "Z:\cannabis-data-aggregator\src\collectors\base.py", line 198, in fetch_url
    resp.raise_for_status()
    ~~~~~~~~~~~~~~~~~~~~~^^
  File "C:\Python\Lib\site-packages\requests\models.py", line 1024, in raise_for_status
    raise HTTPError(http_error_msg, response=self)
requests.exceptions.HTTPError: 404 Client Error: Not Found for url: https://data.ny.gov/resource/yq4v-k4kz.json?%24limit=5000&%24offset=0

During handling of the above exception, another exception occurred:

Traceback (most recent call last):
  File "Z:\cannabis-data-aggregator\src\scheduler\manager.py", line 275, in run_collection_job
    for raw_record in collector.collect():
                      ~~~~~~~~~~~~~~~~~^^
  File "Z:\cannabis-data-aggregator\src\collectors\api_collector.py", line 259, in collect
    resp = self.fetch_url(url, params=params)
  File "Z:\cannabis-data-aggregator\src\collectors\base.py", line 205, in fetch_url
    raise CollectionError(f"HTTP error {e.response.status_code}: {url}")
src.collectors.base.CollectionError: HTTP error 404: https://data.ny.gov/resource/yq4v-k4kz.json
2026-02-23 01:00:00,518 [INFO] apscheduler.executors.default: Job "New York OCM All Licenses - Bi-Weekly (trigger: cron[month='*', day='*', day_of_week='mon,thu', hour='2', minute='0'], next run at: 2026-02-26 02:00:00 CST)" executed successfully
2026-02-23 04:07:49,685 [INFO] __main__: Shutdown signal received...
2026-02-23 04:07:49,689 [INFO] apscheduler.scheduler: Scheduler has been shut down
2026-02-23 04:07:49,776 [INFO] src.scheduler.manager: Scheduler stopped.
2026-02-23 04:08:55,930 [INFO] __main__: Shutdown signal received...
2026-02-23 04:08:55,932 [INFO] apscheduler.scheduler: Scheduler has been shut down
2026-02-23 04:08:55,932 [DEBUG] apscheduler.scheduler: Looking for jobs to run
2026-02-23 04:08:55,954 [DEBUG] apscheduler.scheduler: No jobs; waiting until a job is added
2026-02-23 04:08:55,955 [INFO] src.scheduler.manager: Scheduler stopped.
2026-02-23 07:06:49,794 [INFO] __main__: Starting Cannabis Data Aggregator — mode: all
2026-02-23 07:06:50,993 [INFO] src.storage.database: Database initialized: mysql+pymysql://phreakin:Passw0rd@10.0.0.2:3306/cannabis_data
2026-02-23 07:06:54,634 [INFO] apscheduler.scheduler: Scheduler started
2026-02-23 07:06:54,637 [DEBUG] apscheduler.scheduler: Looking for jobs to run
2026-02-23 07:06:54,637 [INFO] src.scheduler.manager: Scheduler started.
2026-02-23 07:06:54,663 [INFO] src.scheduler.manager: Syncing 25 active schedules...
2026-02-23 07:06:54,663 [DEBUG] apscheduler.scheduler: No jobs; waiting until a job is added
2026-02-23 07:06:54,685 [INFO] apscheduler.scheduler: Added job "USDA Hemp Producers - Weekly" to job store "default"
2026-02-23 07:06:54,686 [INFO] src.scheduler.manager: Added job: collect_sched_federal_hemp_weekly (USDA Hemp Producers - Weekly)
2026-02-23 07:06:54,686 [DEBUG] apscheduler.scheduler: Looking for jobs to run
2026-02-23 07:06:54,694 [DEBUG] apscheduler.scheduler: Next wakeup is due at 2026-03-01 02:00:00-07:00 (in 499985.305181 seconds)
2026-02-23 07:06:54,730 [INFO] apscheduler.scheduler: Added job "Colorado MED Licensees - Weekly" to job store "default"
2026-02-23 07:06:54,732 [INFO] src.scheduler.manager: Added job: collect_sched_co_med_licensees_weekly (Colorado MED Licensees - Weekly)
2026-02-23 07:06:54,732 [DEBUG] apscheduler.scheduler: Looking for jobs to run
2026-02-23 07:06:54,742 [DEBUG] apscheduler.scheduler: Next wakeup is due at 2026-03-01 02:00:00-07:00 (in 499985.257482 seconds)
2026-02-23 07:06:54,760 [INFO] apscheduler.scheduler: Added job "Washington WSLCB Licensees - Weekly" to job store "default"
2026-02-23 07:06:54,761 [INFO] src.scheduler.manager: Added job: collect_sched_wa_wslcb_licensees_weekly (Washington WSLCB Licensees - Weekly)
2026-02-23 07:06:54,761 [DEBUG] apscheduler.scheduler: Looking for jobs to run
2026-02-23 07:06:54,768 [DEBUG] apscheduler.scheduler: Next wakeup is due at 2026-03-01 02:00:00-07:00 (in 499985.231634 seconds)
2026-02-23 07:06:54,777 [INFO] apscheduler.scheduler: Added job "Oregon OLCC Licensees - Weekly" to job store "default"
2026-02-23 07:06:54,777 [INFO] src.scheduler.manager: Added job: collect_sched_or_olcc_licensees_weekly (Oregon OLCC Licensees - Weekly)
2026-02-23 07:06:54,778 [DEBUG] apscheduler.scheduler: Looking for jobs to run
2026-02-23 07:06:54,783 [DEBUG] apscheduler.scheduler: Next wakeup is due at 2026-03-01 02:00:00-07:00 (in 499985.216348 seconds)
2026-02-23 07:06:54,813 [INFO] apscheduler.scheduler: Added job "Oregon Dispensary GeoJSON - Weekly" to job store "default"
2026-02-23 07:06:54,814 [INFO] src.scheduler.manager: Added job: collect_sched_or_olcc_geojson_weekly (Oregon Dispensary GeoJSON - Weekly)
2026-02-23 07:06:54,814 [DEBUG] apscheduler.scheduler: Looking for jobs to run
2026-02-23 07:06:54,822 [DEBUG] apscheduler.scheduler: Next wakeup is due at 2026-03-01 02:00:00-07:00 (in 499985.177184 seconds)
2026-02-23 07:06:54,826 [INFO] apscheduler.scheduler: Added job "California DCC Licensees - Weekly" to job store "default"
2026-02-23 07:06:54,828 [INFO] src.scheduler.manager: Added job: collect_sched_ca_dcc_licensees_weekly (California DCC Licensees - Weekly)
2026-02-23 07:06:54,828 [DEBUG] apscheduler.scheduler: Looking for jobs to run
2026-02-23 07:06:54,837 [DEBUG] apscheduler.scheduler: Next wakeup is due at 2026-03-01 02:00:00-07:00 (in 499985.162542 seconds)
2026-02-23 07:06:54,843 [INFO] apscheduler.scheduler: Added job "Oklahoma OMMA Dispensaries - Weekly" to job store "default"
2026-02-23 07:06:54,844 [INFO] src.scheduler.manager: Added job: collect_sched_ok_omma_dispensaries_weekly (Oklahoma OMMA Dispensaries - Weekly)
2026-02-23 07:06:54,844 [DEBUG] apscheduler.scheduler: Looking for jobs to run
2026-02-23 07:06:54,851 [DEBUG] apscheduler.scheduler: Next wakeup is due at 2026-03-01 02:00:00-07:00 (in 499985.148482 seconds)
2026-02-23 07:06:54,860 [INFO] apscheduler.scheduler: Added job "Oklahoma OMMA Growers - Weekly" to job store "default"
2026-02-23 07:06:54,861 [INFO] src.scheduler.manager: Added job: collect_sched_ok_omma_growers_weekly (Oklahoma OMMA Growers - Weekly)
2026-02-23 07:06:54,861 [DEBUG] apscheduler.scheduler: Looking for jobs to run
2026-02-23 07:06:54,866 [DEBUG] apscheduler.scheduler: Next wakeup is due at 2026-03-01 02:00:00-07:00 (in 499985.133590 seconds)
2026-02-23 07:06:54,876 [INFO] apscheduler.scheduler: Added job "Oklahoma OMMA Processors - Weekly" to job store "default"
2026-02-23 07:06:54,877 [INFO] src.scheduler.manager: Added job: collect_sched_ok_omma_processors_weekly (Oklahoma OMMA Processors - Weekly)
2026-02-23 07:06:54,877 [DEBUG] apscheduler.scheduler: Looking for jobs to run
2026-02-23 07:06:54,883 [DEBUG] apscheduler.scheduler: Next wakeup is due at 2026-03-01 02:00:00-07:00 (in 499985.116420 seconds)
2026-02-23 07:06:54,921 [INFO] apscheduler.scheduler: Added job "Illinois IDFPR Cannabis Licenses - Weekly" to job store "default"
2026-02-23 07:06:54,922 [INFO] src.scheduler.manager: Added job: collect_sched_il_licenses_weekly (Illinois IDFPR Cannabis Licenses - Weekly)
2026-02-23 07:06:54,922 [DEBUG] apscheduler.scheduler: Looking for jobs to run
2026-02-23 07:06:54,933 [DEBUG] apscheduler.scheduler: Next wakeup is due at 2026-03-01 02:00:00-07:00 (in 499985.066509 seconds)
2026-02-23 07:06:54,943 [INFO] apscheduler.scheduler: Added job "Massachusetts CCC Licensees - Weekly" to job store "default"
2026-02-23 07:06:54,944 [INFO] src.scheduler.manager: Added job: collect_sched_ma_ccc_licensees_weekly (Massachusetts CCC Licensees - Weekly)
2026-02-23 07:06:54,944 [DEBUG] apscheduler.scheduler: Looking for jobs to run
2026-02-23 07:06:54,951 [DEBUG] apscheduler.scheduler: Next wakeup is due at 2026-03-01 02:00:00-07:00 (in 499985.048588 seconds)
2026-02-23 07:06:54,960 [INFO] apscheduler.scheduler: Added job "New Jersey CRC Licenses - Weekly" to job store "default"
2026-02-23 07:06:54,961 [INFO] src.scheduler.manager: Added job: collect_sched_nj_crc_licenses_weekly (New Jersey CRC Licenses - Weekly)
2026-02-23 07:06:54,961 [DEBUG] apscheduler.scheduler: Looking for jobs to run
2026-02-23 07:06:54,968 [DEBUG] apscheduler.scheduler: Next wakeup is due at 2026-03-01 02:00:00-07:00 (in 499985.031537 seconds)
2026-02-23 07:06:55,039 [INFO] apscheduler.scheduler: Added job "New York OCM Dispensaries - Weekly" to job store "default"
2026-02-23 07:06:55,040 [INFO] src.scheduler.manager: Added job: collect_sched_ny_ocm_dispensaries_weekly (New York OCM Dispensaries - Weekly)
2026-02-23 07:06:55,041 [DEBUG] apscheduler.scheduler: Looking for jobs to run
2026-02-23 07:06:55,050 [DEBUG] apscheduler.scheduler: Next wakeup is due at 2026-03-01 02:00:00-07:00 (in 499984.949587 seconds)
2026-02-23 07:06:55,060 [INFO] apscheduler.scheduler: Added job "Alaska AMCO Licenses - Weekly" to job store "default"
2026-02-23 07:06:55,061 [INFO] src.scheduler.manager: Added job: collect_sched_ak_amco_licenses_weekly (Alaska AMCO Licenses - Weekly)
2026-02-23 07:06:55,061 [DEBUG] apscheduler.scheduler: Looking for jobs to run
2026-02-23 07:06:55,066 [DEBUG] apscheduler.scheduler: Next wakeup is due at 2026-03-01 02:00:00-07:00 (in 499984.933125 seconds)
2026-02-23 07:06:55,085 [INFO] apscheduler.scheduler: Added job "Connecticut DCP Licenses - Weekly" to job store "default"
2026-02-23 07:06:55,086 [INFO] src.scheduler.manager: Added job: collect_sched_ct_dcp_licenses_weekly (Connecticut DCP Licenses - Weekly)
2026-02-23 07:06:55,086 [DEBUG] apscheduler.scheduler: Looking for jobs to run
2026-02-23 07:06:55,092 [DEBUG] apscheduler.scheduler: Next wakeup is due at 2026-03-01 02:00:00-07:00 (in 499984.907832 seconds)
2026-02-23 07:06:55,143 [INFO] apscheduler.scheduler: Added job "DC ABCA Licenses - Weekly" to job store "default"
2026-02-23 07:06:55,144 [INFO] src.scheduler.manager: Added job: collect_sched_dc_abca_licenses_weekly (DC ABCA Licenses - Weekly)
2026-02-23 07:06:55,144 [DEBUG] apscheduler.scheduler: Looking for jobs to run
2026-02-23 07:06:55,151 [DEBUG] apscheduler.scheduler: Next wakeup is due at 2026-03-01 02:00:00-07:00 (in 499984.848980 seconds)
2026-02-23 07:06:55,181 [INFO] apscheduler.scheduler: Added job "New Mexico RLD Licenses - Weekly" to job store "default"
2026-02-23 07:06:55,182 [INFO] src.scheduler.manager: Added job: collect_sched_nm_rld_licenses_weekly (New Mexico RLD Licenses - Weekly)
2026-02-23 07:06:55,182 [DEBUG] apscheduler.scheduler: Looking for jobs to run
2026-02-23 07:06:55,189 [DEBUG] apscheduler.scheduler: Next wakeup is due at 2026-03-01 02:00:00-07:00 (in 499984.810307 seconds)
2026-02-23 07:06:55,202 [INFO] apscheduler.scheduler: Added job "Washington WSLCB Violations - Weekly" to job store "default"
2026-02-23 07:06:55,203 [INFO] src.scheduler.manager: Added job: collect_sched_wa_violations_weekly (Washington WSLCB Violations - Weekly)
2026-02-23 07:06:55,203 [DEBUG] apscheduler.scheduler: Looking for jobs to run
2026-02-23 07:06:55,211 [DEBUG] apscheduler.scheduler: Next wakeup is due at 2026-03-01 02:00:00-07:00 (in 499984.788421 seconds)
2026-02-23 07:06:55,219 [INFO] apscheduler.scheduler: Added job "Colorado MED Sales - Monthly" to job store "default"
2026-02-23 07:06:55,219 [INFO] src.scheduler.manager: Added job: collect_sched_co_med_sales_monthly (Colorado MED Sales - Monthly)
2026-02-23 07:06:55,219 [DEBUG] apscheduler.scheduler: Looking for jobs to run
2026-02-23 07:06:55,225 [DEBUG] apscheduler.scheduler: Next wakeup is due at 2026-03-01 02:00:00-07:00 (in 499984.774913 seconds)
2026-02-23 07:06:55,297 [INFO] apscheduler.scheduler: Added job "Colorado MED Market Rates - Monthly" to job store "default"
2026-02-23 07:06:55,298 [INFO] src.scheduler.manager: Added job: collect_sched_co_med_market_rates_monthly (Colorado MED Market Rates - Monthly)
2026-02-23 07:06:55,298 [DEBUG] apscheduler.scheduler: Looking for jobs to run
2026-02-23 07:06:55,304 [DEBUG] apscheduler.scheduler: Next wakeup is due at 2026-03-01 02:00:00-07:00 (in 499984.695779 seconds)
2026-02-23 07:06:55,318 [INFO] apscheduler.scheduler: Added job "Washington WSLCB Sales - Monthly" to job store "default"
2026-02-23 07:06:55,319 [INFO] src.scheduler.manager: Added job: collect_sched_wa_wslcb_sales_monthly (Washington WSLCB Sales - Monthly)
2026-02-23 07:06:55,319 [DEBUG] apscheduler.scheduler: Looking for jobs to run
2026-02-23 07:06:55,325 [DEBUG] apscheduler.scheduler: Next wakeup is due at 2026-03-01 02:00:00-07:00 (in 499984.674426 seconds)
2026-02-23 07:06:55,335 [INFO] apscheduler.scheduler: Added job "Massachusetts CCC Weekly Sales - Monthly Pull" to job store "default"
2026-02-23 07:06:55,336 [INFO] src.scheduler.manager: Added job: collect_sched_ma_ccc_sales_monthly (Massachusetts CCC Weekly Sales - Monthly Pull)
2026-02-23 07:06:55,336 [DEBUG] apscheduler.scheduler: Looking for jobs to run
2026-02-23 07:06:55,341 [DEBUG] apscheduler.scheduler: Next wakeup is due at 2026-03-01 02:00:00-07:00 (in 499984.658241 seconds)
2026-02-23 07:06:55,352 [INFO] apscheduler.scheduler: Added job "OpenStreetMap Dispensaries - Monthly" to job store "default"
2026-02-23 07:06:55,353 [INFO] src.scheduler.manager: Added job: collect_sched_osm_dispensaries_monthly (OpenStreetMap Dispensaries - Monthly)
2026-02-23 07:06:55,353 [DEBUG] apscheduler.scheduler: Looking for jobs to run
2026-02-23 07:06:55,359 [DEBUG] apscheduler.scheduler: Next wakeup is due at 2026-03-01 01:00:00-07:00 (in 496384.640213 seconds)
2026-02-23 07:06:55,369 [INFO] apscheduler.scheduler: Added job "New York OCM All Licenses - Bi-Weekly" to job store "default"
2026-02-23 07:06:55,370 [INFO] src.scheduler.manager: Added job: collect_sched_ny_ocm_licenses_biweekly (New York OCM All Licenses - Bi-Weekly)
2026-02-23 07:06:55,370 [DEBUG] apscheduler.scheduler: Looking for jobs to run
2026-02-23 07:06:55,376 [DEBUG] apscheduler.scheduler: Next wakeup is due at 2026-02-26 02:00:00-07:00 (in 240784.623599 seconds)
2026-02-23 07:06:55,385 [INFO] apscheduler.scheduler: Added job "Oklahoma OMMA Transporters - Every 3 Days" to job store "default"
2026-02-23 07:06:55,386 [INFO] src.scheduler.manager: Added job: collect_sched_ok_transporters_interval (Oklahoma OMMA Transporters - Every 3 Days)
2026-02-23 07:06:55,386 [DEBUG] apscheduler.scheduler: Looking for jobs to run
2026-02-23 07:06:55,392 [INFO] __main__: Scheduler started.
2026-02-23 07:06:55,397 [DEBUG] apscheduler.scheduler: Next wakeup is due at 2026-02-26 02:00:00-07:00 (in 240784.602687 seconds)
2026-02-23 07:06:55,435 [INFO] src.storage.database: Database initialized: mysql+pymysql://phreakin:Passw0rd@10.0.0.2:3306/cannabis_data
2026-02-23 07:06:55,546 [INFO] src.dashboard.app: Flask application initialized.
2026-02-23 07:06:55,547 [INFO] __main__: Dashboard + Scheduler starting on http://0.0.0.0:5000
2026-02-23 07:06:55,576 [INFO] werkzeug: [31m[1mWARNING: This is a development server. Do not use it in a production deployment. Use a production WSGI server instead.[0m
 * Running on all addresses (0.0.0.0)
 * Running on http://127.0.0.1:5000
 * Running on http://10.0.0.178:5000
2026-02-23 07:06:55,577 [INFO] werkzeug: [33mPress CTRL+C to quit[0m
2026-02-23 07:06:59,455 [INFO] werkzeug: 10.0.0.178 - - [23/Feb/2026 07:06:59] "GET / HTTP/1.1" 200 -
2026-02-23 07:06:59,542 [INFO] werkzeug: 10.0.0.178 - - [23/Feb/2026 07:06:59] "[36mGET /static/js/dashboard.js HTTP/1.1[0m" 304 -
2026-02-23 07:06:59,650 [INFO] werkzeug: 10.0.0.178 - - [23/Feb/2026 07:06:59] "GET /api/sources?per_page=20 HTTP/1.1" 200 -
2026-02-23 07:06:59,745 [INFO] werkzeug: 10.0.0.178 - - [23/Feb/2026 07:06:59] "[33mGET /favicon.ico HTTP/1.1[0m" 404 -
2026-02-23 07:07:05,930 [INFO] werkzeug: 10.0.0.178 - - [23/Feb/2026 07:07:05] "GET /data/ HTTP/1.1" 200 -
2026-02-23 07:07:05,968 [INFO] werkzeug: 10.0.0.178 - - [23/Feb/2026 07:07:05] "[36mGET /static/js/dashboard.js HTTP/1.1[0m" 304 -
2026-02-23 07:07:06,054 [INFO] werkzeug: 10.0.0.178 - - [23/Feb/2026 07:07:06] "GET /api/records?page=1&per_page=50 HTTP/1.1" 200 -
2026-02-23 07:07:11,794 [INFO] werkzeug: 10.0.0.178 - - [23/Feb/2026 07:07:11] "GET /sources/ HTTP/1.1" 200 -
2026-02-23 07:07:11,855 [INFO] werkzeug: 10.0.0.178 - - [23/Feb/2026 07:07:11] "[36mGET /static/js/dashboard.js HTTP/1.1[0m" 304 -
2026-02-23 07:07:14,772 [INFO] werkzeug: 10.0.0.178 - - [23/Feb/2026 07:07:14] "GET / HTTP/1.1" 200 -
2026-02-23 07:07:14,825 [INFO] werkzeug: 10.0.0.178 - - [23/Feb/2026 07:07:14] "[36mGET /static/js/dashboard.js HTTP/1.1[0m" 304 -
2026-02-23 07:07:14,886 [INFO] werkzeug: 10.0.0.178 - - [23/Feb/2026 07:07:14] "GET /api/sources?per_page=20 HTTP/1.1" 200 -
2026-02-23 07:07:31,000 [INFO] werkzeug: 10.0.0.178 - - [23/Feb/2026 07:07:30] "GET / HTTP/1.1" 200 -
2026-02-23 07:07:31,089 [INFO] werkzeug: 10.0.0.178 - - [23/Feb/2026 07:07:31] "[36mGET /static/js/dashboard.js HTTP/1.1[0m" 304 -
2026-02-23 07:07:31,117 [INFO] werkzeug: 10.0.0.178 - - [23/Feb/2026 07:07:31] "GET /api/sources?per_page=20 HTTP/1.1" 200 -
2026-02-23 07:07:37,765 [INFO] werkzeug: 10.0.0.178 - - [23/Feb/2026 07:07:37] "GET /data/map HTTP/1.1" 200 -
2026-02-23 07:07:37,803 [INFO] werkzeug: 10.0.0.178 - - [23/Feb/2026 07:07:37] "[36mGET /static/js/dashboard.js HTTP/1.1[0m" 304 -
2026-02-23 07:08:43,106 [INFO] werkzeug: 10.0.0.178 - - [23/Feb/2026 07:08:43] "GET /api/records/geojson?has_gps=1&per_page=5000&state=CT HTTP/1.1" 200 -
2026-02-23 07:08:50,985 [INFO] werkzeug: 10.0.0.178 - - [23/Feb/2026 07:08:50] "GET /data/ HTTP/1.1" 200 -
2026-02-23 07:08:51,058 [INFO] werkzeug: 10.0.0.178 - - [23/Feb/2026 07:08:51] "[36mGET /static/js/dashboard.js HTTP/1.1[0m" 304 -
2026-02-23 07:08:51,107 [INFO] werkzeug: 10.0.0.178 - - [23/Feb/2026 07:08:51] "GET /api/records?page=1&per_page=50 HTTP/1.1" 200 -
2026-02-23 07:09:04,419 [INFO] werkzeug: 10.0.0.178 - - [23/Feb/2026 07:09:04] "GET /api/records?state=NY&page=1&per_page=50 HTTP/1.1" 200 -
2026-02-23 07:09:23,261 [INFO] werkzeug: 10.0.0.178 - - [23/Feb/2026 07:09:23] "GET /api/records?state=NY&has_gps=1&page=1&per_page=50 HTTP/1.1" 200 -
2026-02-23 07:09:28,766 [INFO] werkzeug: 10.0.0.178 - - [23/Feb/2026 07:09:28] "[33mGET /api/records/5420 HTTP/1.1[0m" 404 -
2026-02-23 07:10:43,495 [INFO] werkzeug: 10.0.0.178 - - [23/Feb/2026 07:10:43] "GET / HTTP/1.1" 200 -
2026-02-23 07:10:43,565 [INFO] werkzeug: 10.0.0.178 - - [23/Feb/2026 07:10:43] "[36mGET /static/js/dashboard.js HTTP/1.1[0m" 304 -
2026-02-23 07:10:43,660 [INFO] werkzeug: 10.0.0.178 - - [23/Feb/2026 07:10:43] "GET /api/sources?per_page=20 HTTP/1.1" 200 -
2026-02-23 07:10:52,658 [INFO] werkzeug: 10.0.0.178 - - [23/Feb/2026 07:10:52] "GET /sources/ HTTP/1.1" 200 -
2026-02-23 07:10:52,698 [INFO] werkzeug: 10.0.0.178 - - [23/Feb/2026 07:10:52] "[36mGET /static/js/dashboard.js HTTP/1.1[0m" 304 -
2026-02-23 07:21:52,240 [INFO] werkzeug: 10.0.0.178 - - [23/Feb/2026 07:21:52] "GET / HTTP/1.1" 200 -
2026-02-23 07:21:52,305 [INFO] werkzeug: 10.0.0.178 - - [23/Feb/2026 07:21:52] "[36mGET /static/js/dashboard.js HTTP/1.1[0m" 304 -
2026-02-23 07:21:52,414 [INFO] werkzeug: 10.0.0.178 - - [23/Feb/2026 07:21:52] "GET /api/sources?per_page=20 HTTP/1.1" 200 -
2026-02-23 07:23:37,878 [INFO] werkzeug: 10.0.0.178 - - [23/Feb/2026 07:23:37] "GET / HTTP/1.1" 200 -
2026-02-23 07:23:37,947 [INFO] werkzeug: 10.0.0.178 - - [23/Feb/2026 07:23:37] "GET /static/js/dashboard.js HTTP/1.1" 200 -
2026-02-23 07:23:38,070 [INFO] werkzeug: 10.0.0.178 - - [23/Feb/2026 07:23:38] "GET /api/sources?per_page=20 HTTP/1.1" 200 -
2026-02-23 07:23:38,151 [INFO] werkzeug: 10.0.0.178 - - [23/Feb/2026 07:23:38] "[33mGET /favicon.ico HTTP/1.1[0m" 404 -
2026-02-23 07:35:10,429 [INFO] werkzeug: 10.0.0.178 - - [23/Feb/2026 07:35:10] "GET / HTTP/1.1" 200 -
2026-02-23 07:35:10,591 [INFO] werkzeug: 10.0.0.178 - - [23/Feb/2026 07:35:10] "GET /static/js/dashboard.js HTTP/1.1" 200 -
2026-02-23 07:35:10,626 [INFO] werkzeug: 10.0.0.178 - - [23/Feb/2026 07:35:10] "GET /api/sources?per_page=20 HTTP/1.1" 200 -
2026-02-23 07:35:10,708 [INFO] werkzeug: 10.0.0.178 - - [23/Feb/2026 07:35:10] "[33mGET /favicon.ico HTTP/1.1[0m" 404 -
2026-02-23 07:35:12,322 [INFO] werkzeug: 10.0.0.178 - - [23/Feb/2026 07:35:12] "GET / HTTP/1.1" 200 -
2026-02-23 07:35:12,359 [INFO] werkzeug: 10.0.0.178 - - [23/Feb/2026 07:35:12] "GET /static/js/dashboard.js HTTP/1.1" 200 -
2026-02-23 07:35:12,437 [INFO] werkzeug: 10.0.0.178 - - [23/Feb/2026 07:35:12] "GET /api/sources?per_page=20 HTTP/1.1" 200 -
2026-02-23 07:35:12,479 [INFO] werkzeug: 10.0.0.178 - - [23/Feb/2026 07:35:12] "[33mGET /favicon.ico HTTP/1.1[0m" 404 -
2026-02-23 07:36:24,372 [INFO] werkzeug: 10.0.0.178 - - [23/Feb/2026 07:36:24] "GET /data/map HTTP/1.1" 200 -
2026-02-23 07:36:24,438 [INFO] werkzeug: 10.0.0.178 - - [23/Feb/2026 07:36:24] "[36mGET /static/js/dashboard.js HTTP/1.1[0m" 304 -
2026-02-23 07:36:24,719 [INFO] werkzeug: 10.0.0.178 - - [23/Feb/2026 07:36:24] "GET /api/records/geojson?has_gps=1&per_page=5000 HTTP/1.1" 200 -
2026-02-23 14:00:55,969 [INFO] werkzeug: 10.0.0.178 - - [23/Feb/2026 14:00:55] "GET / HTTP/1.1" 200 -
2026-02-23 14:00:56,047 [INFO] werkzeug: 10.0.0.178 - - [23/Feb/2026 14:00:56] "[36mGET /static/js/dashboard.js HTTP/1.1[0m" 304 -
2026-02-23 14:00:56,161 [INFO] werkzeug: 10.0.0.178 - - [23/Feb/2026 14:00:56] "GET /api/sources?per_page=20 HTTP/1.1" 200 -
2026-02-23 14:00:56,241 [INFO] werkzeug: 10.0.0.178 - - [23/Feb/2026 14:00:56] "[33mGET /favicon.ico HTTP/1.1[0m" 404 -
2026-02-23 14:00:59,881 [INFO] werkzeug: 10.0.0.178 - - [23/Feb/2026 14:00:59] "GET / HTTP/1.1" 200 -
2026-02-23 14:00:59,916 [INFO] werkzeug: 10.0.0.178 - - [23/Feb/2026 14:00:59] "GET /static/js/dashboard.js HTTP/1.1" 200 -
2026-02-23 14:00:59,964 [INFO] werkzeug: 10.0.0.178 - - [23/Feb/2026 14:00:59] "GET /api/sources?per_page=20 HTTP/1.1" 200 -
2026-02-23 14:01:00,010 [INFO] werkzeug: 10.0.0.178 - - [23/Feb/2026 14:01:00] "[33mGET /favicon.ico HTTP/1.1[0m" 404 -
2026-02-23 14:01:18,664 [INFO] werkzeug: 10.0.0.178 - - [23/Feb/2026 14:01:18] "GET /data/map HTTP/1.1" 200 -
2026-02-23 14:01:18,729 [INFO] werkzeug: 10.0.0.178 - - [23/Feb/2026 14:01:18] "[36mGET /static/js/dashboard.js HTTP/1.1[0m" 304 -
2026-02-23 14:01:19,037 [INFO] werkzeug: 10.0.0.178 - - [23/Feb/2026 14:01:19] "GET /api/records/geojson?has_gps=1&per_page=5000 HTTP/1.1" 200 -
2026-02-23 14:01:30,121 [INFO] werkzeug: 10.0.0.178 - - [23/Feb/2026 14:01:30] "GET /api/records/geojson?has_gps=1&per_page=5000&state=MA HTTP/1.1" 200 -
2026-02-23 14:01:31,453 [INFO] werkzeug: 10.0.0.178 - - [23/Feb/2026 14:01:31] "GET /api/records/geojson?has_gps=1&per_page=5000&state=MA HTTP/1.1" 200 -
2026-02-23 14:01:38,357 [INFO] werkzeug: 10.0.0.178 - - [23/Feb/2026 14:01:38] "GET /api/records/geojson?has_gps=1&per_page=5000&state=MA&category=licenses HTTP/1.1" 200 -
2026-02-23 14:01:40,520 [INFO] werkzeug: 10.0.0.178 - - [23/Feb/2026 14:01:40] "GET /api/records/geojson?has_gps=1&per_page=5000&state=MA&category=licenses HTTP/1.1" 200 -
2026-02-23 14:01:43,622 [INFO] werkzeug: 10.0.0.178 - - [23/Feb/2026 14:01:43] "GET /api/records/geojson?has_gps=1&per_page=5000&state=CT&category=licenses HTTP/1.1" 200 -
2026-02-23 14:01:46,087 [INFO] werkzeug: 10.0.0.178 - - [23/Feb/2026 14:01:46] "GET /api/records/geojson?has_gps=1&per_page=5000&state=CT HTTP/1.1" 200 -
2026-02-23 14:01:48,009 [INFO] werkzeug: 10.0.0.178 - - [23/Feb/2026 14:01:48] "GET /api/records/geojson?has_gps=1&per_page=5000&state=CT HTTP/1.1" 200 -
2026-02-23 14:01:58,362 [INFO] werkzeug: 10.0.0.178 - - [23/Feb/2026 14:01:58] "GET /api/records/geojson?has_gps=1&per_page=5000&state=MA HTTP/1.1" 200 -
2026-02-23 14:02:02,025 [INFO] werkzeug: 10.0.0.178 - - [23/Feb/2026 14:02:02] "GET /api/records/geojson?has_gps=1&per_page=5000&state=NY HTTP/1.1" 200 -
2026-02-23 14:02:03,859 [INFO] werkzeug: 10.0.0.178 - - [23/Feb/2026 14:02:03] "GET /api/records/geojson?has_gps=1&per_page=5000&state=NY HTTP/1.1" 200 -
2026-02-23 14:02:08,414 [INFO] werkzeug: 10.0.0.178 - - [23/Feb/2026 14:02:08] "GET /api/records/geojson?has_gps=1&per_page=5000&state=NY&search=New%20York HTTP/1.1" 200 -
2026-02-23 14:02:10,639 [INFO] werkzeug: 10.0.0.178 - - [23/Feb/2026 14:02:10] "GET /api/records/geojson?has_gps=1&per_page=5000&state=NY&search=New%20York HTTP/1.1" 200 -
2026-02-24 08:07:12,723 [INFO] __main__: Shutdown signal received...
2026-02-24 08:07:12,725 [INFO] apscheduler.scheduler: Scheduler has been shut down
2026-02-24 08:07:12,726 [DEBUG] apscheduler.scheduler: Looking for jobs to run
2026-02-24 08:07:12,739 [DEBUG] apscheduler.scheduler: Next wakeup is due at 2026-02-26 02:00:00-07:00 (in 150767.260889 seconds)
2026-02-24 08:07:12,740 [INFO] src.scheduler.manager: Scheduler stopped.
2026-02-25 01:53:22,212 [INFO] __main__: Starting Cannabis Data Aggregator — mode: all
2026-02-25 01:53:26,206 [INFO] __main__: Starting Cannabis Data Aggregator — mode: all
2026-02-25 01:53:27,825 [INFO] src.storage.database: Database initialized: mysql+pymysql://phreakin:Passw0rd@10.0.0.2:3306/cannabis_data
2026-02-25 01:53:27,864 [INFO] apscheduler.scheduler: Scheduler started
2026-02-25 01:53:27,865 [DEBUG] apscheduler.scheduler: Looking for jobs to run
2026-02-25 01:53:27,865 [INFO] src.scheduler.manager: Scheduler started.
2026-02-25 01:53:27,879 [INFO] src.scheduler.manager: Syncing 25 active schedules...
2026-02-25 01:53:27,879 [DEBUG] apscheduler.scheduler: Next wakeup is due at 2026-02-26 02:00:00-07:00 (in 86792.120181 seconds)
2026-02-25 01:53:27,889 [DEBUG] src.scheduler.manager: Updated job: collect_sched_federal_hemp_weekly
2026-02-25 01:53:27,889 [DEBUG] apscheduler.scheduler: Looking for jobs to run
2026-02-25 01:53:27,894 [DEBUG] apscheduler.scheduler: Next wakeup is due at 2026-02-26 02:00:00-07:00 (in 86792.105940 seconds)
2026-02-25 01:53:27,896 [DEBUG] src.scheduler.manager: Updated job: collect_sched_co_med_licensees_weekly
2026-02-25 01:53:27,896 [DEBUG] apscheduler.scheduler: Looking for jobs to run
2026-02-25 01:53:27,901 [DEBUG] apscheduler.scheduler: Next wakeup is due at 2026-02-26 02:00:00-07:00 (in 86792.098801 seconds)
2026-02-25 01:53:27,903 [DEBUG] src.scheduler.manager: Updated job: collect_sched_wa_wslcb_licensees_weekly
2026-02-25 01:53:27,903 [DEBUG] apscheduler.scheduler: Looking for jobs to run
2026-02-25 01:53:27,907 [DEBUG] src.scheduler.manager: Updated job: collect_sched_or_olcc_licensees_weekly
2026-02-25 01:53:27,909 [DEBUG] apscheduler.scheduler: Next wakeup is due at 2026-02-26 02:00:00-07:00 (in 86792.090249 seconds)
2026-02-25 01:53:27,910 [DEBUG] apscheduler.scheduler: Looking for jobs to run
2026-02-25 01:53:27,913 [DEBUG] src.scheduler.manager: Updated job: collect_sched_or_olcc_geojson_weekly
2026-02-25 01:53:27,915 [DEBUG] apscheduler.scheduler: Next wakeup is due at 2026-02-26 02:00:00-07:00 (in 86792.084663 seconds)
2026-02-25 01:53:27,916 [DEBUG] apscheduler.scheduler: Looking for jobs to run
2026-02-25 01:53:27,918 [DEBUG] src.scheduler.manager: Updated job: collect_sched_ca_dcc_licensees_weekly
2026-02-25 01:53:27,921 [DEBUG] apscheduler.scheduler: Next wakeup is due at 2026-02-26 02:00:00-07:00 (in 86792.078915 seconds)
2026-02-25 01:53:27,921 [DEBUG] apscheduler.scheduler: Looking for jobs to run
2026-02-25 01:53:27,924 [DEBUG] src.scheduler.manager: Updated job: collect_sched_ok_omma_dispensaries_weekly
2026-02-25 01:53:27,926 [DEBUG] apscheduler.scheduler: Next wakeup is due at 2026-02-26 02:00:00-07:00 (in 86792.073153 seconds)
2026-02-25 01:53:27,927 [DEBUG] apscheduler.scheduler: Looking for jobs to run
2026-02-25 01:53:27,930 [DEBUG] src.scheduler.manager: Updated job: collect_sched_ok_omma_growers_weekly
2026-02-25 01:53:27,933 [DEBUG] apscheduler.scheduler: Next wakeup is due at 2026-02-26 02:00:00-07:00 (in 86792.066776 seconds)
2026-02-25 01:53:27,934 [DEBUG] apscheduler.scheduler: Looking for jobs to run
2026-02-25 01:53:27,937 [DEBUG] src.scheduler.manager: Updated job: collect_sched_ok_omma_processors_weekly
2026-02-25 01:53:27,939 [DEBUG] apscheduler.scheduler: Next wakeup is due at 2026-02-26 02:00:00-07:00 (in 86792.060493 seconds)
2026-02-25 01:53:27,940 [DEBUG] apscheduler.scheduler: Looking for jobs to run
2026-02-25 01:53:27,943 [DEBUG] src.scheduler.manager: Updated job: collect_sched_il_licenses_weekly
2026-02-25 01:53:27,945 [DEBUG] apscheduler.scheduler: Next wakeup is due at 2026-02-26 02:00:00-07:00 (in 86792.054354 seconds)
2026-02-25 01:53:27,946 [DEBUG] apscheduler.scheduler: Looking for jobs to run
2026-02-25 01:53:27,949 [DEBUG] src.scheduler.manager: Updated job: collect_sched_ma_ccc_licensees_weekly
2026-02-25 01:53:27,956 [DEBUG] apscheduler.scheduler: Next wakeup is due at 2026-02-26 02:00:00-07:00 (in 86792.043322 seconds)
2026-02-25 01:53:27,957 [DEBUG] apscheduler.scheduler: Looking for jobs to run
2026-02-25 01:53:27,960 [DEBUG] src.scheduler.manager: Updated job: collect_sched_nj_crc_licenses_weekly
2026-02-25 01:53:27,963 [DEBUG] apscheduler.scheduler: Next wakeup is due at 2026-02-26 02:00:00-07:00 (in 86792.036665 seconds)
2026-02-25 01:53:27,964 [DEBUG] apscheduler.scheduler: Looking for jobs to run
2026-02-25 01:53:27,967 [DEBUG] src.scheduler.manager: Updated job: collect_sched_ny_ocm_dispensaries_weekly
2026-02-25 01:53:27,970 [DEBUG] apscheduler.scheduler: Next wakeup is due at 2026-02-26 02:00:00-07:00 (in 86792.030007 seconds)
2026-02-25 01:53:27,970 [DEBUG] apscheduler.scheduler: Looking for jobs to run
2026-02-25 01:53:27,974 [DEBUG] src.scheduler.manager: Updated job: collect_sched_ak_amco_licenses_weekly
2026-02-25 01:53:27,977 [DEBUG] apscheduler.scheduler: Next wakeup is due at 2026-02-26 02:00:00-07:00 (in 86792.022467 seconds)
2026-02-25 01:53:27,978 [DEBUG] apscheduler.scheduler: Looking for jobs to run
2026-02-25 01:53:27,982 [DEBUG] src.scheduler.manager: Updated job: collect_sched_ct_dcp_licenses_weekly
2026-02-25 01:53:27,985 [DEBUG] apscheduler.scheduler: Next wakeup is due at 2026-02-26 02:00:00-07:00 (in 86792.014662 seconds)
2026-02-25 01:53:27,986 [DEBUG] apscheduler.scheduler: Looking for jobs to run
2026-02-25 01:53:27,990 [DEBUG] src.scheduler.manager: Updated job: collect_sched_dc_abca_licenses_weekly
2026-02-25 01:53:27,993 [DEBUG] apscheduler.scheduler: Next wakeup is due at 2026-02-26 02:00:00-07:00 (in 86792.006716 seconds)
2026-02-25 01:53:27,994 [DEBUG] apscheduler.scheduler: Looking for jobs to run
2026-02-25 01:53:27,998 [DEBUG] src.scheduler.manager: Updated job: collect_sched_nm_rld_licenses_weekly
2026-02-25 01:53:28,001 [DEBUG] apscheduler.scheduler: Next wakeup is due at 2026-02-26 02:00:00-07:00 (in 86791.998495 seconds)
2026-02-25 01:53:28,002 [DEBUG] apscheduler.scheduler: Looking for jobs to run
2026-02-25 01:53:28,006 [DEBUG] src.scheduler.manager: Updated job: collect_sched_wa_violations_weekly
2026-02-25 01:53:28,008 [DEBUG] apscheduler.scheduler: Next wakeup is due at 2026-02-26 02:00:00-07:00 (in 86791.991262 seconds)
2026-02-25 01:53:28,009 [DEBUG] apscheduler.scheduler: Looking for jobs to run
2026-02-25 01:53:28,013 [DEBUG] src.scheduler.manager: Updated job: collect_sched_co_med_sales_monthly
2026-02-25 01:53:28,016 [DEBUG] apscheduler.scheduler: Next wakeup is due at 2026-02-26 02:00:00-07:00 (in 86791.983909 seconds)
2026-02-25 01:53:28,017 [DEBUG] apscheduler.scheduler: Looking for jobs to run
2026-02-25 01:53:28,020 [DEBUG] src.scheduler.manager: Updated job: collect_sched_co_med_market_rates_monthly
2026-02-25 01:53:28,023 [DEBUG] apscheduler.scheduler: Next wakeup is due at 2026-02-26 02:00:00-07:00 (in 86791.976568 seconds)
2026-02-25 01:53:28,024 [DEBUG] apscheduler.scheduler: Looking for jobs to run
2026-02-25 01:53:28,027 [DEBUG] src.scheduler.manager: Updated job: collect_sched_wa_wslcb_sales_monthly
2026-02-25 01:53:28,030 [DEBUG] apscheduler.scheduler: Next wakeup is due at 2026-02-26 02:00:00-07:00 (in 86791.969310 seconds)
2026-02-25 01:53:28,031 [DEBUG] apscheduler.scheduler: Looking for jobs to run
2026-02-25 01:53:28,035 [DEBUG] src.scheduler.manager: Updated job: collect_sched_ma_ccc_sales_monthly
2026-02-25 01:53:28,038 [DEBUG] apscheduler.scheduler: Next wakeup is due at 2026-02-26 02:00:00-07:00 (in 86791.961822 seconds)
2026-02-25 01:53:28,039 [DEBUG] apscheduler.scheduler: Looking for jobs to run
2026-02-25 01:53:28,042 [DEBUG] src.scheduler.manager: Updated job: collect_sched_osm_dispensaries_monthly
2026-02-25 01:53:28,044 [DEBUG] apscheduler.scheduler: Next wakeup is due at 2026-02-26 02:00:00-07:00 (in 86791.955799 seconds)
2026-02-25 01:53:28,045 [DEBUG] apscheduler.scheduler: Looking for jobs to run
2026-02-25 01:53:28,047 [DEBUG] src.scheduler.manager: Updated job: collect_sched_ny_ocm_licenses_biweekly
2026-02-25 01:53:28,055 [DEBUG] apscheduler.scheduler: Next wakeup is due at 2026-02-26 02:00:00-07:00 (in 86791.944134 seconds)
2026-02-25 01:53:28,056 [DEBUG] apscheduler.scheduler: Looking for jobs to run
2026-02-25 01:53:28,060 [DEBUG] apscheduler.scheduler: Next wakeup is due at 2026-02-26 02:00:00-07:00 (in 86791.939469 seconds)
2026-02-25 01:53:28,065 [DEBUG] src.scheduler.manager: Updated job: collect_sched_ok_transporters_interval
2026-02-25 01:53:28,065 [DEBUG] apscheduler.scheduler: Looking for jobs to run
2026-02-25 01:53:28,069 [INFO] __main__: Scheduler started.
2026-02-25 01:53:28,072 [DEBUG] apscheduler.scheduler: Next wakeup is due at 2026-02-26 02:00:00-07:00 (in 86791.927660 seconds)
2026-02-25 01:53:28,122 [INFO] src.storage.database: Database initialized: mysql+pymysql://phreakin:Passw0rd@10.0.0.2:3306/cannabis_data
2026-02-25 01:53:28,313 [INFO] src.dashboard.app: Flask application initialized.
2026-02-25 01:53:28,314 [INFO] __main__: Dashboard + Scheduler starting on http://0.0.0.0:5000
2026-02-25 01:53:28,354 [INFO] werkzeug: [31m[1mWARNING: This is a development server. Do not use it in a production deployment. Use a production WSGI server instead.[0m
 * Running on all addresses (0.0.0.0)
 * Running on http://127.0.0.1:5000
 * Running on http://10.0.0.178:5000
2026-02-25 01:53:28,355 [INFO] werkzeug: [33mPress CTRL+C to quit[0m
2026-02-25 01:53:30,706 [INFO] werkzeug: 10.0.0.178 - - [25/Feb/2026 01:53:30] "GET / HTTP/1.1" 200 -
2026-02-25 01:53:30,828 [INFO] werkzeug: 10.0.0.178 - - [25/Feb/2026 01:53:30] "[36mGET /static/js/dashboard.js HTTP/1.1[0m" 304 -
2026-02-25 01:53:30,913 [INFO] werkzeug: 10.0.0.178 - - [25/Feb/2026 01:53:30] "GET /api/sources?per_page=20 HTTP/1.1" 200 -
2026-02-25 01:53:30,993 [INFO] werkzeug: 10.0.0.178 - - [25/Feb/2026 01:53:30] "[33mGET /favicon.ico HTTP/1.1[0m" 404 -
2026-02-25 01:53:50,312 [INFO] collector.job: Source ak_amco_licenses is disabled, skipping
2026-02-25 01:53:50,315 [INFO] werkzeug: 10.0.0.178 - - [25/Feb/2026 01:53:50] "POST /api/sources/75/run HTTP/1.1" 200 -
2026-02-25 01:53:55,261 [INFO] collector.job: Source az_adhs_dispensaries is disabled, skipping
2026-02-25 01:53:55,263 [INFO] werkzeug: 10.0.0.178 - - [25/Feb/2026 01:53:55] "POST /api/sources/76/run HTTP/1.1" 200 -
2026-02-25 01:54:00,912 [INFO] collector.job: [Run 8] Starting collection: ca_dcc_licensees (CA/licenses)
2026-02-25 01:54:00,914 [INFO] src.collectors.base.ca_dcc_licensees: Downloading CSV from: https://as-dl.dcc.ca.gov/api/export/csv/3
2026-02-25 01:54:00,914 [DEBUG] src.collectors.base.ca_dcc_licensees: Fetching: https://as-dl.dcc.ca.gov/api/export/csv/3 params=None
2026-02-25 01:54:00,929 [DEBUG] urllib3.connectionpool: Starting new HTTPS connection (1): as-dl.dcc.ca.gov:443
2026-02-25 01:54:00,954 [DEBUG] urllib3.util.retry: Incremented Retry for (url='/api/export/csv/3'): Retry(total=2, connect=None, read=None, redirect=None, status=None)
2026-02-25 01:54:00,956 [WARNING] urllib3.connectionpool: Retrying (Retry(total=2, connect=None, read=None, redirect=None, status=None)) after connection broken by 'NameResolutionError("HTTPSConnection(host='as-dl.dcc.ca.gov', port=443): Failed to resolve 'as-dl.dcc.ca.gov' ([Errno 11001] getaddrinfo failed)")': /api/export/csv/3
2026-02-25 01:54:00,958 [DEBUG] urllib3.connectionpool: Starting new HTTPS connection (2): as-dl.dcc.ca.gov:443
2026-02-25 01:54:00,960 [DEBUG] urllib3.util.retry: Incremented Retry for (url='/api/export/csv/3'): Retry(total=1, connect=None, read=None, redirect=None, status=None)
2026-02-25 01:54:10,961 [WARNING] urllib3.connectionpool: Retrying (Retry(total=1, connect=None, read=None, redirect=None, status=None)) after connection broken by 'NameResolutionError("HTTPSConnection(host='as-dl.dcc.ca.gov', port=443): Failed to resolve 'as-dl.dcc.ca.gov' ([Errno 11001] getaddrinfo failed)")': /api/export/csv/3
2026-02-25 01:54:10,963 [DEBUG] urllib3.connectionpool: Starting new HTTPS connection (3): as-dl.dcc.ca.gov:443
2026-02-25 01:54:11,001 [DEBUG] urllib3.util.retry: Incremented Retry for (url='/api/export/csv/3'): Retry(total=0, connect=None, read=None, redirect=None, status=None)
2026-02-25 01:54:31,003 [WARNING] urllib3.connectionpool: Retrying (Retry(total=0, connect=None, read=None, redirect=None, status=None)) after connection broken by 'NameResolutionError("HTTPSConnection(host='as-dl.dcc.ca.gov', port=443): Failed to resolve 'as-dl.dcc.ca.gov' ([Errno 11001] getaddrinfo failed)")': /api/export/csv/3
2026-02-25 01:54:31,005 [DEBUG] urllib3.connectionpool: Starting new HTTPS connection (4): as-dl.dcc.ca.gov:443
2026-02-25 01:54:31,037 [ERROR] collector.job: [Run 8] Collection failed: Connection error: HTTPSConnectionPool(host='as-dl.dcc.ca.gov', port=443): Max retries exceeded with url: /api/export/csv/3 (Caused by NameResolutionError("HTTPSConnection(host='as-dl.dcc.ca.gov', port=443): Failed to resolve 'as-dl.dcc.ca.gov' ([Errno 11001] getaddrinfo failed)"))
Traceback (most recent call last):
  File "C:\Python\Lib\site-packages\urllib3\connection.py", line 204, in _new_conn
    sock = connection.create_connection(
        (self._dns_host, self.port),
    ...<2 lines>...
        socket_options=self.socket_options,
    )
  File "C:\Python\Lib\site-packages\urllib3\util\connection.py", line 60, in create_connection
    for res in socket.getaddrinfo(host, port, family, socket.SOCK_STREAM):
               ~~~~~~~~~~~~~~~~~~^^^^^^^^^^^^^^^^^^^^^^^^^^^^^^^^^^^^^^^^
  File "C:\Python\Lib\socket.py", line 977, in getaddrinfo
    for res in _socket.getaddrinfo(host, port, family, type, proto, flags):
               ~~~~~~~~~~~~~~~~~~~^^^^^^^^^^^^^^^^^^^^^^^^^^^^^^^^^^^^^^^^
socket.gaierror: [Errno 11001] getaddrinfo failed

The above exception was the direct cause of the following exception:

Traceback (most recent call last):
  File "C:\Python\Lib\site-packages\urllib3\connectionpool.py", line 787, in urlopen
    response = self._make_request(
        conn,
    ...<10 lines>...
        **response_kw,
    )
  File "C:\Python\Lib\site-packages\urllib3\connectionpool.py", line 488, in _make_request
    raise new_e
  File "C:\Python\Lib\site-packages\urllib3\connectionpool.py", line 464, in _make_request
    self._validate_conn(conn)
    ~~~~~~~~~~~~~~~~~~~^^^^^^
  File "C:\Python\Lib\site-packages\urllib3\connectionpool.py", line 1093, in _validate_conn
    conn.connect()
    ~~~~~~~~~~~~^^
  File "C:\Python\Lib\site-packages\urllib3\connection.py", line 759, in connect
    self.sock = sock = self._new_conn()
                       ~~~~~~~~~~~~~~^^
  File "C:\Python\Lib\site-packages\urllib3\connection.py", line 211, in _new_conn
    raise NameResolutionError(self.host, self, e) from e
urllib3.exceptions.NameResolutionError: HTTPSConnection(host='as-dl.dcc.ca.gov', port=443): Failed to resolve 'as-dl.dcc.ca.gov' ([Errno 11001] getaddrinfo failed)

The above exception was the direct cause of the following exception:

Traceback (most recent call last):
  File "C:\Python\Lib\site-packages\requests\adapters.py", line 667, in send
    resp = conn.urlopen(
        method=request.method,
    ...<9 lines>...
        chunked=chunked,
    )
  File "C:\Python\Lib\site-packages\urllib3\connectionpool.py", line 871, in urlopen
    return self.urlopen(
           ~~~~~~~~~~~~^
        method,
        ^^^^^^^
    ...<13 lines>...
        **response_kw,
        ^^^^^^^^^^^^^^
    )
    ^
  File "C:\Python\Lib\site-packages\urllib3\connectionpool.py", line 871, in urlopen
    return self.urlopen(
           ~~~~~~~~~~~~^
        method,
        ^^^^^^^
    ...<13 lines>...
        **response_kw,
        ^^^^^^^^^^^^^^
    )
    ^
  File "C:\Python\Lib\site-packages\urllib3\connectionpool.py", line 871, in urlopen
    return self.urlopen(
           ~~~~~~~~~~~~^
        method,
        ^^^^^^^
    ...<13 lines>...
        **response_kw,
        ^^^^^^^^^^^^^^
    )
    ^
  File "C:\Python\Lib\site-packages\urllib3\connectionpool.py", line 841, in urlopen
    retries = retries.increment(
        method, url, error=new_e, _pool=self, _stacktrace=sys.exc_info()[2]
    )
  File "C:\Python\Lib\site-packages\urllib3\util\retry.py", line 535, in increment
    raise MaxRetryError(_pool, url, reason) from reason  # type: ignore[arg-type]
    ^^^^^^^^^^^^^^^^^^^^^^^^^^^^^^^^^^^^^^^^^^^^^^^^^^^
urllib3.exceptions.MaxRetryError: HTTPSConnectionPool(host='as-dl.dcc.ca.gov', port=443): Max retries exceeded with url: /api/export/csv/3 (Caused by NameResolutionError("HTTPSConnection(host='as-dl.dcc.ca.gov', port=443): Failed to resolve 'as-dl.dcc.ca.gov' ([Errno 11001] getaddrinfo failed)"))

During handling of the above exception, another exception occurred:

Traceback (most recent call last):
  File "Z:\cannabis-data-aggregator\src\collectors\base.py", line 191, in fetch_url
    resp = self.session.request(
        method,
    ...<3 lines>...
        **kwargs
    )
  File "C:\Python\Lib\site-packages\requests\sessions.py", line 589, in request
    resp = self.send(prep, **send_kwargs)
  File "C:\Python\Lib\site-packages\requests\sessions.py", line 703, in send
    r = adapter.send(request, **kwargs)
  File "C:\Python\Lib\site-packages\requests\adapters.py", line 700, in send
    raise ConnectionError(e, request=request)
requests.exceptions.ConnectionError: HTTPSConnectionPool(host='as-dl.dcc.ca.gov', port=443): Max retries exceeded with url: /api/export/csv/3 (Caused by NameResolutionError("HTTPSConnection(host='as-dl.dcc.ca.gov', port=443): Failed to resolve 'as-dl.dcc.ca.gov' ([Errno 11001] getaddrinfo failed)"))

During handling of the above exception, another exception occurred:

Traceback (most recent call last):
  File "Z:\cannabis-data-aggregator\src\scheduler\manager.py", line 275, in run_collection_job
    for raw_record in collector.collect():
                      ~~~~~~~~~~~~~~~~~^^
  File "Z:\cannabis-data-aggregator\src\collectors\csv_collector.py", line 35, in collect
    resp = self.fetch_url(url, params=params or None)
  File "Z:\cannabis-data-aggregator\src\collectors\base.py", line 203, in fetch_url
    raise CollectionError(f"Connection error: {e}")
src.collectors.base.CollectionError: Connection error: HTTPSConnectionPool(host='as-dl.dcc.ca.gov', port=443): Max retries exceeded with url: /api/export/csv/3 (Caused by NameResolutionError("HTTPSConnection(host='as-dl.dcc.ca.gov', port=443): Failed to resolve 'as-dl.dcc.ca.gov' ([Errno 11001] getaddrinfo failed)"))
2026-02-25 01:54:31,167 [INFO] werkzeug: 10.0.0.178 - - [25/Feb/2026 01:54:31] "POST /api/sources/62/run HTTP/1.1" 200 -
2026-02-25 01:54:45,719 [INFO] werkzeug: 10.0.0.178 - - [25/Feb/2026 01:54:45] "[32mGET /data HTTP/1.1[0m" 308 -
2026-02-25 01:54:45,798 [INFO] werkzeug: 10.0.0.178 - - [25/Feb/2026 01:54:45] "GET /data/ HTTP/1.1" 200 -
2026-02-25 01:54:45,864 [INFO] werkzeug: 10.0.0.178 - - [25/Feb/2026 01:54:45] "[36mGET /static/js/dashboard.js HTTP/1.1[0m" 304 -
2026-02-25 01:54:45,881 [INFO] werkzeug: 10.0.0.178 - - [25/Feb/2026 01:54:45] "GET /api/records?page=1&per_page=50 HTTP/1.1" 200 -
2026-02-25 01:55:03,439 [INFO] werkzeug: 10.0.0.178 - - [25/Feb/2026 01:55:03] "GET /api/records/export?page=1&per_page=10000&format=csv HTTP/1.1" 200 -
2026-02-25 01:56:27,096 [INFO] werkzeug: 10.0.0.178 - - [25/Feb/2026 01:56:27] "GET /api/records?page=1&per_page=250 HTTP/1.1" 200 -
2026-02-25 01:56:40,093 [INFO] werkzeug: 10.0.0.178 - - [25/Feb/2026 01:56:40] "GET /api/records/6977 HTTP/1.1" 200 -
2026-02-25 01:57:46,885 [INFO] werkzeug: 10.0.0.178 - - [25/Feb/2026 01:57:46] "GET / HTTP/1.1" 200 -
2026-02-25 01:57:46,951 [INFO] werkzeug: 10.0.0.178 - - [25/Feb/2026 01:57:46] "[36mGET /static/js/dashboard.js HTTP/1.1[0m" 304 -
2026-02-25 01:57:46,969 [INFO] werkzeug: 10.0.0.178 - - [25/Feb/2026 01:57:46] "GET /api/sources?per_page=20 HTTP/1.1" 200 -
2026-02-25 01:58:11,797 [INFO] werkzeug: 10.0.0.178 - - [25/Feb/2026 01:58:11] "GET / HTTP/1.1" 200 -
2026-02-25 01:58:11,864 [INFO] werkzeug: 10.0.0.178 - - [25/Feb/2026 01:58:11] "GET /static/js/dashboard.js HTTP/1.1" 200 -
2026-02-25 01:58:11,897 [INFO] werkzeug: 10.0.0.178 - - [25/Feb/2026 01:58:11] "GET /api/sources?per_page=20 HTTP/1.1" 200 -
2026-02-25 01:58:11,970 [INFO] werkzeug: 10.0.0.178 - - [25/Feb/2026 01:58:11] "[33mGET /favicon.ico HTTP/1.1[0m" 404 -
2026-02-25 01:58:24,496 [INFO] werkzeug: 10.0.0.178 - - [25/Feb/2026 01:58:24] "GET /data/logs HTTP/1.1" 200 -
2026-02-25 01:58:24,545 [INFO] werkzeug: 10.0.0.178 - - [25/Feb/2026 01:58:24] "[36mGET /static/js/dashboard.js HTTP/1.1[0m" 304 -
2026-02-25 01:58:24,566 [INFO] werkzeug: 10.0.0.178 - - [25/Feb/2026 01:58:24] "GET /api/logs?page=1&per_page=50 HTTP/1.1" 200 -
2026-02-25 01:58:47,097 [INFO] werkzeug: 10.0.0.178 - - [25/Feb/2026 01:58:47] "GET /health HTTP/1.1" 200 -
2026-02-25 01:58:58,734 [INFO] werkzeug: 10.0.0.178 - - [25/Feb/2026 01:58:58] "GET /data/map HTTP/1.1" 200 -
2026-02-25 01:58:58,866 [INFO] werkzeug: 10.0.0.178 - - [25/Feb/2026 01:58:58] "[36mGET /static/js/dashboard.js HTTP/1.1[0m" 304 -
2026-02-25 01:58:59,207 [INFO] werkzeug: 10.0.0.178 - - [25/Feb/2026 01:58:59] "GET /api/records/geojson?has_gps=1&per_page=5000 HTTP/1.1" 200 -
2026-02-25 01:59:27,647 [INFO] werkzeug: 10.0.0.178 - - [25/Feb/2026 01:59:27] "GET /data/exports HTTP/1.1" 200 -
2026-02-25 01:59:27,717 [INFO] werkzeug: 10.0.0.178 - - [25/Feb/2026 01:59:27] "[36mGET /static/js/dashboard.js HTTP/1.1[0m" 304 -
2026-02-25 01:59:27,733 [INFO] werkzeug: 10.0.0.178 - - [25/Feb/2026 01:59:27] "GET /api/stats/categories HTTP/1.1" 200 -
2026-02-25 01:59:27,755 [INFO] werkzeug: 10.0.0.178 - - [25/Feb/2026 01:59:27] "GET /api/stats/states HTTP/1.1" 200 -
2026-02-25 02:00:05,519 [INFO] werkzeug: 10.0.0.178 - - [25/Feb/2026 02:00:05] "GET /api/records?state=CO&category=dispensary&per_page=100&format=json HTTP/1.1" 200 -
2026-02-25 02:00:22,941 [INFO] werkzeug: 127.0.0.1 - - [25/Feb/2026 02:00:22] "GET /api/records/geojson?state=WA HTTP/1.1" 200 -
2026-02-25 02:00:51,674 [INFO] werkzeug: 127.0.0.1 - - [25/Feb/2026 02:00:51] "GET /api/records/geojson?state=CA HTTP/1.1" 200 -
2026-02-25 02:01:01,576 [INFO] werkzeug: 10.0.0.178 - - [25/Feb/2026 02:01:01] "GET /data/map HTTP/1.1" 200 -
2026-02-25 02:01:01,651 [INFO] werkzeug: 10.0.0.178 - - [25/Feb/2026 02:01:01] "[36mGET /static/js/dashboard.js HTTP/1.1[0m" 304 -
2026-02-25 02:01:01,795 [INFO] werkzeug: 10.0.0.178 - - [25/Feb/2026 02:01:01] "GET /api/records/geojson?has_gps=1&per_page=5000 HTTP/1.1" 200 -
2026-02-25 02:01:16,202 [INFO] werkzeug: 10.0.0.178 - - [25/Feb/2026 02:01:16] "GET /api/records/geojson?has_gps=1&per_page=5000 HTTP/1.1" 200 -
2026-02-25 02:02:04,064 [INFO] werkzeug: 10.0.0.178 - - [25/Feb/2026 02:02:04] "GET / HTTP/1.1" 200 -
2026-02-25 02:02:04,138 [INFO] werkzeug: 10.0.0.178 - - [25/Feb/2026 02:02:04] "[36mGET /static/js/dashboard.js HTTP/1.1[0m" 304 -
2026-02-25 02:02:04,165 [INFO] werkzeug: 10.0.0.178 - - [25/Feb/2026 02:02:04] "GET /api/sources?per_page=20 HTTP/1.1" 200 -
2026-02-25 02:02:15,234 [INFO] collector.job: Source hi_doh_dispensaries is disabled, skipping
2026-02-25 02:02:15,238 [INFO] werkzeug: 10.0.0.178 - - [25/Feb/2026 02:02:15] "POST /api/sources/90/run HTTP/1.1" 200 -
2026-02-25 02:02:19,103 [INFO] collector.job: Source fl_doh_mmtc_dispensaries is disabled, skipping
2026-02-25 02:02:19,106 [INFO] werkzeug: 10.0.0.178 - - [25/Feb/2026 02:02:19] "POST /api/sources/88/run HTTP/1.1" 200 -
2026-02-25 02:02:22,785 [INFO] collector.job: Source weedmaps_dispensaries is disabled, skipping
2026-02-25 02:02:22,788 [INFO] werkzeug: 10.0.0.178 - - [25/Feb/2026 02:02:22] "POST /api/sources/98/run HTTP/1.1" 200 -
2026-02-25 02:02:29,429 [INFO] werkzeug: 10.0.0.178 - - [25/Feb/2026 02:02:29] "GET /sources/98/edit HTTP/1.1" 200 -
2026-02-25 02:02:29,501 [INFO] werkzeug: 10.0.0.178 - - [25/Feb/2026 02:02:29] "[36mGET /static/js/dashboard.js HTTP/1.1[0m" 304 -
2026-02-25 02:03:38,825 [INFO] werkzeug: 10.0.0.178 - - [25/Feb/2026 02:03:38] "GET / HTTP/1.1" 200 -
2026-02-25 02:03:38,902 [INFO] werkzeug: 10.0.0.178 - - [25/Feb/2026 02:03:38] "[36mGET /static/js/dashboard.js HTTP/1.1[0m" 304 -
2026-02-25 02:03:38,920 [INFO] werkzeug: 10.0.0.178 - - [25/Feb/2026 02:03:38] "GET /api/sources?per_page=20 HTTP/1.1" 200 -
2026-02-25 02:03:44,743 [INFO] werkzeug: 10.0.0.178 - - [25/Feb/2026 02:03:44] "GET /data/ HTTP/1.1" 200 -
2026-02-25 02:03:44,783 [INFO] werkzeug: 10.0.0.178 - - [25/Feb/2026 02:03:44] "[36mGET /static/js/dashboard.js HTTP/1.1[0m" 304 -
2026-02-25 02:03:44,803 [INFO] werkzeug: 10.0.0.178 - - [25/Feb/2026 02:03:44] "GET /api/records?page=1&per_page=50 HTTP/1.1" 200 -
2026-02-25 02:03:50,076 [INFO] werkzeug: 10.0.0.178 - - [25/Feb/2026 02:03:50] "GET /data/map HTTP/1.1" 200 -
2026-02-25 02:03:50,117 [INFO] werkzeug: 10.0.0.178 - - [25/Feb/2026 02:03:50] "[36mGET /static/js/dashboard.js HTTP/1.1[0m" 304 -
2026-02-25 02:03:50,262 [INFO] werkzeug: 10.0.0.178 - - [25/Feb/2026 02:03:50] "GET /api/records/geojson?has_gps=1&per_page=5000 HTTP/1.1" 200 -
2026-02-25 10:14:13,412 [INFO] __main__: Starting Cannabis Data Aggregator — mode: all
2026-02-25 10:14:19,017 [INFO] src.storage.database: Database initialized: mysql+pymysql://phreakin:Passw0rd@10.0.0.2:3306/cannabis_data
2026-02-25 10:14:20,926 [INFO] apscheduler.scheduler: Scheduler started
2026-02-25 10:14:20,927 [DEBUG] apscheduler.scheduler: Looking for jobs to run
2026-02-25 10:14:20,927 [INFO] src.scheduler.manager: Scheduler started.
2026-02-25 10:14:20,946 [DEBUG] apscheduler.scheduler: Next wakeup is due at 2026-02-26 02:00:00-07:00 (in 56739.053099 seconds)
2026-02-25 10:14:20,947 [INFO] src.scheduler.manager: Syncing 25 active schedules...
2026-02-25 10:14:20,957 [DEBUG] src.scheduler.manager: Updated job: collect_sched_federal_hemp_weekly
2026-02-25 10:14:20,957 [DEBUG] apscheduler.scheduler: Looking for jobs to run
2026-02-25 10:14:20,962 [DEBUG] apscheduler.scheduler: Next wakeup is due at 2026-02-26 02:00:00-07:00 (in 56739.037916 seconds)
2026-02-25 10:14:20,964 [DEBUG] src.scheduler.manager: Updated job: collect_sched_co_med_licensees_weekly
2026-02-25 10:14:20,964 [DEBUG] apscheduler.scheduler: Looking for jobs to run
2026-02-25 10:14:20,969 [DEBUG] apscheduler.scheduler: Next wakeup is due at 2026-02-26 02:00:00-07:00 (in 56739.030355 seconds)
2026-02-25 10:14:20,972 [DEBUG] src.scheduler.manager: Updated job: collect_sched_wa_wslcb_licensees_weekly
2026-02-25 10:14:20,972 [DEBUG] apscheduler.scheduler: Looking for jobs to run
2026-02-25 10:14:20,976 [DEBUG] apscheduler.scheduler: Next wakeup is due at 2026-02-26 02:00:00-07:00 (in 56739.023565 seconds)
2026-02-25 10:14:20,978 [DEBUG] src.scheduler.manager: Updated job: collect_sched_or_olcc_licensees_weekly
2026-02-25 10:14:20,978 [DEBUG] apscheduler.scheduler: Looking for jobs to run
2026-02-25 10:14:20,982 [DEBUG] apscheduler.scheduler: Next wakeup is due at 2026-02-26 02:00:00-07:00 (in 56739.017480 seconds)
2026-02-25 10:14:20,984 [DEBUG] src.scheduler.manager: Updated job: collect_sched_or_olcc_geojson_weekly
2026-02-25 10:14:20,984 [DEBUG] apscheduler.scheduler: Looking for jobs to run
2026-02-25 10:14:20,988 [DEBUG] apscheduler.scheduler: Next wakeup is due at 2026-02-26 02:00:00-07:00 (in 56739.011045 seconds)
2026-02-25 10:14:20,991 [DEBUG] src.scheduler.manager: Updated job: collect_sched_ca_dcc_licensees_weekly
2026-02-25 10:14:20,991 [DEBUG] apscheduler.scheduler: Looking for jobs to run
2026-02-25 10:14:20,996 [DEBUG] apscheduler.scheduler: Next wakeup is due at 2026-02-26 02:00:00-07:00 (in 56739.003191 seconds)
2026-02-25 10:14:20,999 [DEBUG] src.scheduler.manager: Updated job: collect_sched_ok_omma_dispensaries_weekly
2026-02-25 10:14:20,999 [DEBUG] apscheduler.scheduler: Looking for jobs to run
2026-02-25 10:14:21,004 [DEBUG] apscheduler.scheduler: Next wakeup is due at 2026-02-26 02:00:00-07:00 (in 56738.995573 seconds)
2026-02-25 10:14:21,007 [DEBUG] src.scheduler.manager: Updated job: collect_sched_ok_omma_growers_weekly
2026-02-25 10:14:21,007 [DEBUG] apscheduler.scheduler: Looking for jobs to run
2026-02-25 10:14:21,011 [DEBUG] apscheduler.scheduler: Next wakeup is due at 2026-02-26 02:00:00-07:00 (in 56738.988056 seconds)
2026-02-25 10:14:21,015 [DEBUG] src.scheduler.manager: Updated job: collect_sched_ok_omma_processors_weekly
2026-02-25 10:14:21,015 [DEBUG] apscheduler.scheduler: Looking for jobs to run
2026-02-25 10:14:21,020 [DEBUG] apscheduler.scheduler: Next wakeup is due at 2026-02-26 02:00:00-07:00 (in 56738.979629 seconds)
2026-02-25 10:14:21,023 [DEBUG] src.scheduler.manager: Updated job: collect_sched_il_licenses_weekly
2026-02-25 10:14:21,023 [DEBUG] apscheduler.scheduler: Looking for jobs to run
2026-02-25 10:14:21,029 [DEBUG] apscheduler.scheduler: Next wakeup is due at 2026-02-26 02:00:00-07:00 (in 56738.970706 seconds)
2026-02-25 10:14:21,032 [DEBUG] src.scheduler.manager: Updated job: collect_sched_ma_ccc_licensees_weekly
2026-02-25 10:14:21,032 [DEBUG] apscheduler.scheduler: Looking for jobs to run
2026-02-25 10:14:21,038 [DEBUG] apscheduler.scheduler: Next wakeup is due at 2026-02-26 02:00:00-07:00 (in 56738.961224 seconds)
2026-02-25 10:14:21,042 [DEBUG] src.scheduler.manager: Updated job: collect_sched_nj_crc_licenses_weekly
2026-02-25 10:14:21,042 [DEBUG] apscheduler.scheduler: Looking for jobs to run
2026-02-25 10:14:21,048 [DEBUG] apscheduler.scheduler: Next wakeup is due at 2026-02-26 02:00:00-07:00 (in 56738.951152 seconds)
2026-02-25 10:14:21,052 [DEBUG] src.scheduler.manager: Updated job: collect_sched_ny_ocm_dispensaries_weekly
2026-02-25 10:14:21,053 [DEBUG] apscheduler.scheduler: Looking for jobs to run
2026-02-25 10:14:21,062 [DEBUG] apscheduler.scheduler: Next wakeup is due at 2026-02-26 02:00:00-07:00 (in 56738.937846 seconds)
2026-02-25 10:14:21,065 [DEBUG] src.scheduler.manager: Updated job: collect_sched_ak_amco_licenses_weekly
2026-02-25 10:14:21,065 [DEBUG] apscheduler.scheduler: Looking for jobs to run
2026-02-25 10:14:21,070 [DEBUG] apscheduler.scheduler: Next wakeup is due at 2026-02-26 02:00:00-07:00 (in 56738.929612 seconds)
2026-02-25 10:14:21,073 [DEBUG] src.scheduler.manager: Updated job: collect_sched_ct_dcp_licenses_weekly
2026-02-25 10:14:21,073 [DEBUG] apscheduler.scheduler: Looking for jobs to run
2026-02-25 10:14:21,078 [DEBUG] apscheduler.scheduler: Next wakeup is due at 2026-02-26 02:00:00-07:00 (in 56738.921241 seconds)
2026-02-25 10:14:21,081 [DEBUG] src.scheduler.manager: Updated job: collect_sched_dc_abca_licenses_weekly
2026-02-25 10:14:21,082 [DEBUG] apscheduler.scheduler: Looking for jobs to run
2026-02-25 10:14:21,087 [DEBUG] apscheduler.scheduler: Next wakeup is due at 2026-02-26 02:00:00-07:00 (in 56738.912089 seconds)
2026-02-25 10:14:21,091 [DEBUG] src.scheduler.manager: Updated job: collect_sched_nm_rld_licenses_weekly
2026-02-25 10:14:21,091 [DEBUG] apscheduler.scheduler: Looking for jobs to run
2026-02-25 10:14:21,097 [DEBUG] apscheduler.scheduler: Next wakeup is due at 2026-02-26 02:00:00-07:00 (in 56738.902849 seconds)
2026-02-25 10:14:21,100 [DEBUG] src.scheduler.manager: Updated job: collect_sched_wa_violations_weekly
2026-02-25 10:14:21,101 [DEBUG] apscheduler.scheduler: Looking for jobs to run
2026-02-25 10:14:21,107 [DEBUG] apscheduler.scheduler: Next wakeup is due at 2026-02-26 02:00:00-07:00 (in 56738.893022 seconds)
2026-02-25 10:14:21,110 [DEBUG] src.scheduler.manager: Updated job: collect_sched_co_med_sales_monthly
2026-02-25 10:14:21,110 [DEBUG] apscheduler.scheduler: Looking for jobs to run
2026-02-25 10:14:21,115 [DEBUG] apscheduler.scheduler: Next wakeup is due at 2026-02-26 02:00:00-07:00 (in 56738.884191 seconds)
2026-02-25 10:14:21,119 [DEBUG] src.scheduler.manager: Updated job: collect_sched_co_med_market_rates_monthly
2026-02-25 10:14:21,119 [DEBUG] apscheduler.scheduler: Looking for jobs to run
2026-02-25 10:14:21,125 [DEBUG] apscheduler.scheduler: Next wakeup is due at 2026-02-26 02:00:00-07:00 (in 56738.874358 seconds)
2026-02-25 10:14:21,129 [DEBUG] src.scheduler.manager: Updated job: collect_sched_wa_wslcb_sales_monthly
2026-02-25 10:14:21,129 [DEBUG] apscheduler.scheduler: Looking for jobs to run
2026-02-25 10:14:21,134 [DEBUG] apscheduler.scheduler: Next wakeup is due at 2026-02-26 02:00:00-07:00 (in 56738.865397 seconds)
2026-02-25 10:14:21,137 [DEBUG] src.scheduler.manager: Updated job: collect_sched_ma_ccc_sales_monthly
2026-02-25 10:14:21,137 [DEBUG] apscheduler.scheduler: Looking for jobs to run
2026-02-25 10:14:21,142 [DEBUG] src.scheduler.manager: Updated job: collect_sched_osm_dispensaries_monthly
2026-02-25 10:14:21,144 [DEBUG] apscheduler.scheduler: Next wakeup is due at 2026-02-26 02:00:00-07:00 (in 56738.855442 seconds)
2026-02-25 10:14:21,145 [DEBUG] apscheduler.scheduler: Looking for jobs to run
2026-02-25 10:14:21,148 [DEBUG] src.scheduler.manager: Updated job: collect_sched_ny_ocm_licenses_biweekly
2026-02-25 10:14:21,150 [DEBUG] apscheduler.scheduler: Next wakeup is due at 2026-02-26 02:00:00-07:00 (in 56738.849574 seconds)
2026-02-25 10:14:21,151 [DEBUG] apscheduler.scheduler: Looking for jobs to run
2026-02-25 10:14:21,154 [DEBUG] apscheduler.scheduler: Next wakeup is due at 2026-02-26 02:00:00-07:00 (in 56738.845239 seconds)
2026-02-25 10:14:21,158 [DEBUG] src.scheduler.manager: Updated job: collect_sched_ok_transporters_interval
2026-02-25 10:14:21,158 [DEBUG] apscheduler.scheduler: Looking for jobs to run
2026-02-25 10:14:21,161 [INFO] __main__: Scheduler started.
2026-02-25 10:14:21,164 [DEBUG] apscheduler.scheduler: Next wakeup is due at 2026-02-26 02:00:00-07:00 (in 56738.835181 seconds)
2026-02-25 10:14:21,215 [INFO] src.storage.database: Database initialized: mysql+pymysql://phreakin:Passw0rd@10.0.0.2:3306/cannabis_data
2026-02-25 10:14:21,354 [INFO] src.dashboard.app: Flask application initialized.
2026-02-25 10:14:21,355 [INFO] __main__: Dashboard + Scheduler starting on http://0.0.0.0:5000
2026-02-25 10:14:21,396 [INFO] werkzeug: [31m[1mWARNING: This is a development server. Do not use it in a production deployment. Use a production WSGI server instead.[0m
 * Running on all addresses (0.0.0.0)
 * Running on http://127.0.0.1:5000
 * Running on http://10.0.0.178:5000
2026-02-25 10:14:21,397 [INFO] werkzeug: [33mPress CTRL+C to quit[0m
2026-02-25 10:14:23,840 [INFO] werkzeug: 10.0.0.178 - - [25/Feb/2026 10:14:23] "GET / HTTP/1.1" 200 -
2026-02-25 10:14:23,938 [INFO] werkzeug: 10.0.0.178 - - [25/Feb/2026 10:14:23] "GET /static/js/dashboard.js HTTP/1.1" 200 -
2026-02-25 10:14:23,964 [INFO] werkzeug: 10.0.0.178 - - [25/Feb/2026 10:14:23] "GET /api/sources?per_page=20 HTTP/1.1" 200 -
2026-02-25 10:14:24,037 [INFO] werkzeug: 10.0.0.178 - - [25/Feb/2026 10:14:24] "[33mGET /favicon.ico HTTP/1.1[0m" 404 -
2026-02-25 10:14:27,010 [INFO] werkzeug: 10.0.0.178 - - [25/Feb/2026 10:14:27] "[32mGET /schedules HTTP/1.1[0m" 308 -
2026-02-25 10:14:27,058 [INFO] werkzeug: 10.0.0.178 - - [25/Feb/2026 10:14:27] "GET /schedules/ HTTP/1.1" 200 -
2026-02-25 10:14:27,090 [INFO] werkzeug: 10.0.0.178 - - [25/Feb/2026 10:14:27] "[36mGET /static/js/dashboard.js HTTP/1.1[0m" 304 -
2026-02-25 10:14:30,112 [INFO] werkzeug: 10.0.0.178 - - [25/Feb/2026 10:14:30] "[32mGET /entities HTTP/1.1[0m" 308 -
2026-02-25 10:14:30,177 [INFO] werkzeug: 10.0.0.178 - - [25/Feb/2026 10:14:30] "GET /entities/ HTTP/1.1" 200 -
2026-02-25 10:14:30,208 [INFO] werkzeug: 10.0.0.178 - - [25/Feb/2026 10:14:30] "[36mGET /static/js/dashboard.js HTTP/1.1[0m" 304 -
2026-02-25 10:14:33,255 [INFO] werkzeug: 10.0.0.178 - - [25/Feb/2026 10:14:33] "GET /entities/companies HTTP/1.1" 200 -
2026-02-25 10:14:33,294 [INFO] werkzeug: 10.0.0.178 - - [25/Feb/2026 10:14:33] "[36mGET /static/js/dashboard.js HTTP/1.1[0m" 304 -
2026-02-25 10:14:33,329 [INFO] werkzeug: 10.0.0.178 - - [25/Feb/2026 10:14:33] "GET /api/entities/companies HTTP/1.1" 200 -
2026-02-25 10:14:35,572 [INFO] werkzeug: 10.0.0.178 - - [25/Feb/2026 10:14:35] "GET /entities/doctors HTTP/1.1" 200 -
2026-02-25 10:14:35,635 [INFO] werkzeug: 10.0.0.178 - - [25/Feb/2026 10:14:35] "[36mGET /static/js/dashboard.js HTTP/1.1[0m" 304 -
2026-02-25 10:14:35,660 [INFO] werkzeug: 10.0.0.178 - - [25/Feb/2026 10:14:35] "GET /api/entities/doctors HTTP/1.1" 200 -
2026-02-25 10:14:37,319 [INFO] werkzeug: 10.0.0.178 - - [25/Feb/2026 10:14:37] "GET /entities/brands HTTP/1.1" 200 -
2026-02-25 10:14:37,359 [INFO] werkzeug: 10.0.0.178 - - [25/Feb/2026 10:14:37] "[36mGET /static/js/dashboard.js HTTP/1.1[0m" 304 -
2026-02-25 10:14:37,383 [INFO] werkzeug: 10.0.0.178 - - [25/Feb/2026 10:14:37] "GET /api/entities/brands HTTP/1.1" 200 -
2026-02-25 10:14:37,395 [INFO] werkzeug: 10.0.0.178 - - [25/Feb/2026 10:14:37] "GET /api/entities/products HTTP/1.1" 200 -
2026-02-25 10:14:38,105 [INFO] werkzeug: 10.0.0.178 - - [25/Feb/2026 10:14:38] "GET /entities/products HTTP/1.1" 200 -
2026-02-25 10:14:38,144 [INFO] werkzeug: 10.0.0.178 - - [25/Feb/2026 10:14:38] "[36mGET /static/js/dashboard.js HTTP/1.1[0m" 304 -
2026-02-25 10:14:38,166 [INFO] werkzeug: 10.0.0.178 - - [25/Feb/2026 10:14:38] "GET /api/entities/products HTTP/1.1" 200 -
2026-02-25 10:14:39,635 [INFO] werkzeug: 10.0.0.178 - - [25/Feb/2026 10:14:39] "GET /data/ HTTP/1.1" 200 -
2026-02-25 10:14:39,682 [INFO] werkzeug: 10.0.0.178 - - [25/Feb/2026 10:14:39] "[36mGET /static/js/dashboard.js HTTP/1.1[0m" 304 -
2026-02-25 10:14:39,707 [INFO] werkzeug: 10.0.0.178 - - [25/Feb/2026 10:14:39] "GET /api/records?page=1&per_page=50 HTTP/1.1" 200 -
2026-02-25 10:15:18,220 [INFO] werkzeug: 10.0.0.178 - - [25/Feb/2026 10:15:18] "GET / HTTP/1.1" 200 -
2026-02-25 10:15:18,288 [INFO] werkzeug: 10.0.0.178 - - [25/Feb/2026 10:15:18] "[36mGET /static/js/dashboard.js HTTP/1.1[0m" 304 -
2026-02-25 10:15:18,311 [INFO] werkzeug: 10.0.0.178 - - [25/Feb/2026 10:15:18] "GET /api/sources?per_page=20 HTTP/1.1" 200 -
2026-02-25 10:16:13,945 [INFO] werkzeug: 10.0.0.178 - - [25/Feb/2026 10:16:13] "GET /sources/ HTTP/1.1" 200 -
2026-02-25 10:16:14,005 [INFO] werkzeug: 10.0.0.178 - - [25/Feb/2026 10:16:14] "[36mGET /static/js/dashboard.js HTTP/1.1[0m" 304 -
2026-02-25 10:16:25,318 [INFO] werkzeug: 10.0.0.178 - - [25/Feb/2026 10:16:25] "GET /schedules/ HTTP/1.1" 200 -
2026-02-25 10:16:25,361 [INFO] werkzeug: 10.0.0.178 - - [25/Feb/2026 10:16:25] "[36mGET /static/js/dashboard.js HTTP/1.1[0m" 304 -
2026-02-25 10:16:57,519 [INFO] werkzeug: 10.0.0.178 - - [25/Feb/2026 10:16:57] "GET /sources/ HTTP/1.1" 200 -
2026-02-25 10:16:57,606 [INFO] werkzeug: 10.0.0.178 - - [25/Feb/2026 10:16:57] "[36mGET /static/js/dashboard.js HTTP/1.1[0m" 304 -
2026-02-25 10:17:05,603 [DEBUG] urllib3.connectionpool: Starting new HTTPS connection (1): azdhs.gov:443
2026-02-25 10:17:05,737 [DEBUG] urllib3.connectionpool: https://azdhs.gov:443 "GET /audiences/individuals/behavioral-health/medical-marijuana/index.php HTTP/1.1" 301 134
2026-02-25 10:17:05,739 [DEBUG] urllib3.connectionpool: Starting new HTTPS connection (1): www.azdhs.gov:443
2026-02-25 10:17:06,597 [DEBUG] urllib3.connectionpool: https://www.azdhs.gov:443 "GET /audiences/individuals/behavioral-health/medical-marijuana/index.php HTTP/1.1" 200 None
2026-02-25 10:17:06,609 [INFO] werkzeug: 10.0.0.178 - - [25/Feb/2026 10:17:06] "POST /api/sources/76/test HTTP/1.1" 200 -
2026-02-25 10:17:13,174 [INFO] werkzeug: 10.0.0.178 - - [25/Feb/2026 10:17:13] "GET /sources/76/edit HTTP/1.1" 200 -
2026-02-25 10:17:13,242 [INFO] werkzeug: 10.0.0.178 - - [25/Feb/2026 10:17:13] "[36mGET /static/js/dashboard.js HTTP/1.1[0m" 304 -
2026-02-25 10:17:19,587 [INFO] werkzeug: 10.0.0.178 - - [25/Feb/2026 10:17:19] "PUT /api/sources/76 HTTP/1.1" 200 -
2026-02-25 10:17:20,629 [INFO] werkzeug: 10.0.0.178 - - [25/Feb/2026 10:17:20] "GET /sources/ HTTP/1.1" 200 -
2026-02-25 10:17:20,661 [INFO] werkzeug: 10.0.0.178 - - [25/Feb/2026 10:17:20] "[36mGET /static/js/dashboard.js HTTP/1.1[0m" 304 -
2026-02-25 10:17:26,728 [INFO] collector.job: [Run 9] Starting collection: az_adhs_dispensaries (AZ/dispensaries)
2026-02-25 10:17:26,729 [DEBUG] src.collectors.base.az_adhs_dispensaries: Fetching: https://azdhs.gov/audiences/individuals/behavioral-health/medical-marijuana/index.php#dispensary-agent params={'$limit': 5000, '$offset': 0}
2026-02-25 10:17:26,730 [DEBUG] urllib3.connectionpool: Starting new HTTPS connection (1): azdhs.gov:443
2026-02-25 10:17:26,861 [DEBUG] urllib3.connectionpool: https://azdhs.gov:443 "GET /audiences/individuals/behavioral-health/medical-marijuana/index.php?%24limit=5000&%24offset=0 HTTP/1.1" 301 134
2026-02-25 10:17:26,862 [DEBUG] urllib3.connectionpool: Starting new HTTPS connection (1): www.azdhs.gov:443
2026-02-25 10:17:27,758 [DEBUG] urllib3.connectionpool: https://www.azdhs.gov:443 "GET /audiences/individuals/behavioral-health/medical-marijuana/index.php?%24limit=5000&%24offset=0 HTTP/1.1" 200 None
2026-02-25 10:17:27,762 [ERROR] collector.job: [Run 9] Collection failed: Failed to parse JSON response: Expecting value: line 1 column 1 (char 0)
Traceback (most recent call last):
  File "C:\Python\Lib\site-packages\requests\models.py", line 974, in json
    return complexjson.loads(self.text, **kwargs)
           ~~~~~~~~~~~~~~~~~^^^^^^^^^^^^^^^^^^^^^
  File "C:\Python\Lib\json\__init__.py", line 352, in loads
    return _default_decoder.decode(s)
           ~~~~~~~~~~~~~~~~~~~~~~~^^^
  File "C:\Python\Lib\json\decoder.py", line 345, in decode
    obj, end = self.raw_decode(s, idx=_w(s, 0).end())
               ~~~~~~~~~~~~~~~^^^^^^^^^^^^^^^^^^^^^^^
  File "C:\Python\Lib\json\decoder.py", line 363, in raw_decode
    raise JSONDecodeError("Expecting value", s, err.value) from None
json.decoder.JSONDecodeError: Expecting value: line 1 column 1 (char 0)

During handling of the above exception, another exception occurred:

Traceback (most recent call last):
  File "Z:\cannabis\src\collectors\api_collector.py", line 170, in _parse_json_response
    return resp.json()
           ~~~~~~~~~^^
  File "C:\Python\Lib\site-packages\requests\models.py", line 978, in json
    raise RequestsJSONDecodeError(e.msg, e.doc, e.pos)
requests.exceptions.JSONDecodeError: Expecting value: line 1 column 1 (char 0)

During handling of the above exception, another exception occurred:

Traceback (most recent call last):
  File "Z:\cannabis\src\scheduler\manager.py", line 275, in run_collection_job
    for raw_record in collector.collect():
                      ~~~~~~~~~~~~~~~~~^^
  File "Z:\cannabis\src\collectors\api_collector.py", line 27, in collect
    yield from self._fetch_all_no_pagination(url, params)
  File "Z:\cannabis\src\collectors\api_collector.py", line 44, in _fetch_all_no_pagination
    data = self._parse_json_response(resp)
  File "Z:\cannabis\src\collectors\api_collector.py", line 172, in _parse_json_response
    raise CollectionError(f"Failed to parse JSON response: {e}")
src.collectors.base.CollectionError: Failed to parse JSON response: Expecting value: line 1 column 1 (char 0)
2026-02-25 10:17:27,871 [INFO] werkzeug: 10.0.0.178 - - [25/Feb/2026 10:17:27] "POST /api/sources/76/run HTTP/1.1" 200 -
2026-02-25 10:17:33,555 [INFO] werkzeug: 10.0.0.178 - - [25/Feb/2026 10:17:33] "GET /sources/62/edit HTTP/1.1" 200 -
2026-02-25 10:17:33,620 [INFO] werkzeug: 10.0.0.178 - - [25/Feb/2026 10:17:33] "[36mGET /static/js/dashboard.js HTTP/1.1[0m" 304 -
2026-02-25 10:17:38,157 [DEBUG] urllib3.connectionpool: Starting new HTTPS connection (1): as-dl.dcc.ca.gov:443
2026-02-25 10:17:38,199 [DEBUG] urllib3.util.retry: Incremented Retry for (url='/api/export/csv/3'): Retry(total=2, connect=None, read=None, redirect=None, status=None)
2026-02-25 10:17:38,201 [WARNING] urllib3.connectionpool: Retrying (Retry(total=2, connect=None, read=None, redirect=None, status=None)) after connection broken by 'NameResolutionError("HTTPSConnection(host='as-dl.dcc.ca.gov', port=443): Failed to resolve 'as-dl.dcc.ca.gov' ([Errno 11001] getaddrinfo failed)")': /api/export/csv/3
2026-02-25 10:17:38,204 [DEBUG] urllib3.connectionpool: Starting new HTTPS connection (2): as-dl.dcc.ca.gov:443
2026-02-25 10:17:38,207 [DEBUG] urllib3.util.retry: Incremented Retry for (url='/api/export/csv/3'): Retry(total=1, connect=None, read=None, redirect=None, status=None)
2026-02-25 10:17:48,209 [WARNING] urllib3.connectionpool: Retrying (Retry(total=1, connect=None, read=None, redirect=None, status=None)) after connection broken by 'NameResolutionError("HTTPSConnection(host='as-dl.dcc.ca.gov', port=443): Failed to resolve 'as-dl.dcc.ca.gov' ([Errno 11001] getaddrinfo failed)")': /api/export/csv/3
2026-02-25 10:17:48,211 [DEBUG] urllib3.connectionpool: Starting new HTTPS connection (3): as-dl.dcc.ca.gov:443
2026-02-25 10:17:48,253 [DEBUG] urllib3.util.retry: Incremented Retry for (url='/api/export/csv/3'): Retry(total=0, connect=None, read=None, redirect=None, status=None)
2026-02-25 10:17:50,506 [INFO] werkzeug: 10.0.0.178 - - [25/Feb/2026 10:17:50] "GET /sources/ HTTP/1.1" 200 -
2026-02-25 10:17:50,572 [INFO] werkzeug: 10.0.0.178 - - [25/Feb/2026 10:17:50] "[36mGET /static/js/dashboard.js HTTP/1.1[0m" 304 -
2026-02-25 10:17:53,518 [INFO] werkzeug: 10.0.0.178 - - [25/Feb/2026 10:17:53] "GET /sources/76/edit HTTP/1.1" 200 -
2026-02-25 10:17:53,558 [INFO] werkzeug: 10.0.0.178 - - [25/Feb/2026 10:17:53] "[36mGET /static/js/dashboard.js HTTP/1.1[0m" 304 -
2026-02-25 10:17:57,468 [DEBUG] urllib3.connectionpool: Starting new HTTPS connection (1): azdhs.gov:443
2026-02-25 10:17:57,568 [DEBUG] urllib3.connectionpool: https://azdhs.gov:443 "GET /audiences/individuals/behavioral-health/medical-marijuana/index.php?%24limit=5000&%24offset=0 HTTP/1.1" 301 134
2026-02-25 10:17:57,572 [DEBUG] urllib3.connectionpool: Starting new HTTPS connection (1): www.azdhs.gov:443
2026-02-25 10:17:58,345 [DEBUG] urllib3.connectionpool: https://www.azdhs.gov:443 "GET /audiences/individuals/behavioral-health/medical-marijuana/index.php?%24limit=5000&%24offset=0 HTTP/1.1" 200 None
2026-02-25 10:17:58,350 [INFO] werkzeug: 10.0.0.178 - - [25/Feb/2026 10:17:58] "POST /api/sources/76/test HTTP/1.1" 200 -
2026-02-25 10:18:06,523 [INFO] collector.job: [Run 10] Starting collection: az_adhs_dispensaries (AZ/dispensaries)
2026-02-25 10:18:06,524 [DEBUG] src.collectors.base.az_adhs_dispensaries: Fetching: https://azdhs.gov/audiences/individuals/behavioral-health/medical-marijuana/index.php#dispensary-agent params={'$limit': 5000, '$offset': 0}
2026-02-25 10:18:06,525 [DEBUG] urllib3.connectionpool: Starting new HTTPS connection (1): azdhs.gov:443
2026-02-25 10:18:06,615 [DEBUG] urllib3.connectionpool: https://azdhs.gov:443 "GET /audiences/individuals/behavioral-health/medical-marijuana/index.php?%24limit=5000&%24offset=0 HTTP/1.1" 301 134
2026-02-25 10:18:06,619 [DEBUG] urllib3.connectionpool: Starting new HTTPS connection (1): www.azdhs.gov:443
2026-02-25 10:18:07,331 [DEBUG] urllib3.connectionpool: https://www.azdhs.gov:443 "GET /audiences/individuals/behavioral-health/medical-marijuana/index.php?%24limit=5000&%24offset=0 HTTP/1.1" 200 None
2026-02-25 10:18:07,335 [ERROR] collector.job: [Run 10] Collection failed: Failed to parse JSON response: Expecting value: line 1 column 1 (char 0)
Traceback (most recent call last):
  File "C:\Python\Lib\site-packages\requests\models.py", line 974, in json
    return complexjson.loads(self.text, **kwargs)
           ~~~~~~~~~~~~~~~~~^^^^^^^^^^^^^^^^^^^^^
  File "C:\Python\Lib\json\__init__.py", line 352, in loads
    return _default_decoder.decode(s)
           ~~~~~~~~~~~~~~~~~~~~~~~^^^
  File "C:\Python\Lib\json\decoder.py", line 345, in decode
    obj, end = self.raw_decode(s, idx=_w(s, 0).end())
               ~~~~~~~~~~~~~~~^^^^^^^^^^^^^^^^^^^^^^^
  File "C:\Python\Lib\json\decoder.py", line 363, in raw_decode
    raise JSONDecodeError("Expecting value", s, err.value) from None
json.decoder.JSONDecodeError: Expecting value: line 1 column 1 (char 0)

During handling of the above exception, another exception occurred:

Traceback (most recent call last):
  File "Z:\cannabis\src\collectors\api_collector.py", line 170, in _parse_json_response
    return resp.json()
           ~~~~~~~~~^^
  File "C:\Python\Lib\site-packages\requests\models.py", line 978, in json
    raise RequestsJSONDecodeError(e.msg, e.doc, e.pos)
requests.exceptions.JSONDecodeError: Expecting value: line 1 column 1 (char 0)

During handling of the above exception, another exception occurred:

Traceback (most recent call last):
  File "Z:\cannabis\src\scheduler\manager.py", line 275, in run_collection_job
    for raw_record in collector.collect():
                      ~~~~~~~~~~~~~~~~~^^
  File "Z:\cannabis\src\collectors\api_collector.py", line 27, in collect
    yield from self._fetch_all_no_pagination(url, params)
  File "Z:\cannabis\src\collectors\api_collector.py", line 44, in _fetch_all_no_pagination
    data = self._parse_json_response(resp)
  File "Z:\cannabis\src\collectors\api_collector.py", line 172, in _parse_json_response
    raise CollectionError(f"Failed to parse JSON response: {e}")
src.collectors.base.CollectionError: Failed to parse JSON response: Expecting value: line 1 column 1 (char 0)
2026-02-25 10:18:07,365 [INFO] werkzeug: 10.0.0.178 - - [25/Feb/2026 10:18:07] "POST /api/sources/76/run HTTP/1.1" 200 -
2026-02-25 10:18:08,255 [WARNING] urllib3.connectionpool: Retrying (Retry(total=0, connect=None, read=None, redirect=None, status=None)) after connection broken by 'NameResolutionError("HTTPSConnection(host='as-dl.dcc.ca.gov', port=443): Failed to resolve 'as-dl.dcc.ca.gov' ([Errno 11001] getaddrinfo failed)")': /api/export/csv/3
2026-02-25 10:18:08,256 [DEBUG] urllib3.connectionpool: Starting new HTTPS connection (4): as-dl.dcc.ca.gov:443
2026-02-25 10:18:08,284 [INFO] werkzeug: 10.0.0.178 - - [25/Feb/2026 10:18:08] "POST /api/sources/62/test HTTP/1.1" 200 -
2026-02-25 10:18:12,694 [INFO] werkzeug: 10.0.0.178 - - [25/Feb/2026 10:18:12] "GET /sources/ HTTP/1.1" 200 -
2026-02-25 10:18:12,771 [INFO] werkzeug: 10.0.0.178 - - [25/Feb/2026 10:18:12] "[36mGET /static/js/dashboard.js HTTP/1.1[0m" 304 -
2026-02-25 10:18:16,081 [DEBUG] urllib3.connectionpool: Starting new HTTPS connection (1): www.commerce.alaska.gov:443
2026-02-25 10:18:16,329 [DEBUG] urllib3.connectionpool: https://www.commerce.alaska.gov:443 "GET /cbp/DBDownloads/MARLicenseDownload.CSV HTTP/1.1" 404 741
2026-02-25 10:18:16,332 [INFO] werkzeug: 10.0.0.178 - - [25/Feb/2026 10:18:16] "POST /api/sources/75/test HTTP/1.1" 200 -
2026-02-25 10:26:31,461 [DEBUG] urllib3.connectionpool: Starting new HTTPS connection (1): as-dl.dcc.ca.gov:443
2026-02-25 10:26:31,495 [DEBUG] urllib3.util.retry: Incremented Retry for (url='/api/export/json/3'): Retry(total=2, connect=None, read=None, redirect=None, status=None)
2026-02-25 10:26:31,496 [WARNING] urllib3.connectionpool: Retrying (Retry(total=2, connect=None, read=None, redirect=None, status=None)) after connection broken by 'NameResolutionError("HTTPSConnection(host='as-dl.dcc.ca.gov', port=443): Failed to resolve 'as-dl.dcc.ca.gov' ([Errno 11001] getaddrinfo failed)")': /api/export/json/3
2026-02-25 10:26:31,498 [DEBUG] urllib3.connectionpool: Starting new HTTPS connection (2): as-dl.dcc.ca.gov:443
2026-02-25 10:26:31,501 [DEBUG] urllib3.util.retry: Incremented Retry for (url='/api/export/json/3'): Retry(total=1, connect=None, read=None, redirect=None, status=None)
2026-02-25 10:26:41,504 [WARNING] urllib3.connectionpool: Retrying (Retry(total=1, connect=None, read=None, redirect=None, status=None)) after connection broken by 'NameResolutionError("HTTPSConnection(host='as-dl.dcc.ca.gov', port=443): Failed to resolve 'as-dl.dcc.ca.gov' ([Errno 11001] getaddrinfo failed)")': /api/export/json/3
2026-02-25 10:26:41,506 [DEBUG] urllib3.connectionpool: Starting new HTTPS connection (3): as-dl.dcc.ca.gov:443
2026-02-25 10:26:41,538 [DEBUG] urllib3.util.retry: Incremented Retry for (url='/api/export/json/3'): Retry(total=0, connect=None, read=None, redirect=None, status=None)
2026-02-25 10:26:42,557 [INFO] werkzeug: 10.0.0.178 - - [25/Feb/2026 10:26:42] "GET /sources/63/edit HTTP/1.1" 200 -
2026-02-25 10:26:42,622 [INFO] werkzeug: 10.0.0.178 - - [25/Feb/2026 10:26:42] "[36mGET /static/js/dashboard.js HTTP/1.1[0m" 304 -
2026-02-25 10:26:45,857 [DEBUG] urllib3.connectionpool: Starting new HTTPS connection (1): as-dl.dcc.ca.gov:443
2026-02-25 10:26:45,858 [DEBUG] urllib3.util.retry: Incremented Retry for (url='/api/export/json/3'): Retry(total=2, connect=None, read=None, redirect=None, status=None)
2026-02-25 10:26:45,859 [WARNING] urllib3.connectionpool: Retrying (Retry(total=2, connect=None, read=None, redirect=None, status=None)) after connection broken by 'NameResolutionError("HTTPSConnection(host='as-dl.dcc.ca.gov', port=443): Failed to resolve 'as-dl.dcc.ca.gov' ([Errno 11001] getaddrinfo failed)")': /api/export/json/3
2026-02-25 10:26:45,860 [DEBUG] urllib3.connectionpool: Starting new HTTPS connection (2): as-dl.dcc.ca.gov:443
2026-02-25 10:26:45,862 [DEBUG] urllib3.util.retry: Incremented Retry for (url='/api/export/json/3'): Retry(total=1, connect=None, read=None, redirect=None, status=None)
2026-02-25 10:26:55,863 [WARNING] urllib3.connectionpool: Retrying (Retry(total=1, connect=None, read=None, redirect=None, status=None)) after connection broken by 'NameResolutionError("HTTPSConnection(host='as-dl.dcc.ca.gov', port=443): Failed to resolve 'as-dl.dcc.ca.gov' ([Errno 11001] getaddrinfo failed)")': /api/export/json/3
2026-02-25 10:26:55,864 [DEBUG] urllib3.connectionpool: Starting new HTTPS connection (3): as-dl.dcc.ca.gov:443
2026-02-25 10:26:55,896 [DEBUG] urllib3.util.retry: Incremented Retry for (url='/api/export/json/3'): Retry(total=0, connect=None, read=None, redirect=None, status=None)
2026-02-25 10:26:56,076 [INFO] werkzeug: 10.0.0.178 - - [25/Feb/2026 10:26:56] "GET /sources/ HTTP/1.1" 200 -
2026-02-25 10:26:56,140 [INFO] werkzeug: 10.0.0.178 - - [25/Feb/2026 10:26:56] "[36mGET /static/js/dashboard.js HTTP/1.1[0m" 304 -
2026-02-25 10:27:01,540 [WARNING] urllib3.connectionpool: Retrying (Retry(total=0, connect=None, read=None, redirect=None, status=None)) after connection broken by 'NameResolutionError("HTTPSConnection(host='as-dl.dcc.ca.gov', port=443): Failed to resolve 'as-dl.dcc.ca.gov' ([Errno 11001] getaddrinfo failed)")': /api/export/json/3
2026-02-25 10:27:01,541 [DEBUG] urllib3.connectionpool: Starting new HTTPS connection (4): as-dl.dcc.ca.gov:443
2026-02-25 10:27:01,573 [INFO] werkzeug: 10.0.0.178 - - [25/Feb/2026 10:27:01] "POST /api/sources/63/test HTTP/1.1" 200 -
2026-02-25 10:27:02,539 [DEBUG] urllib3.connectionpool: Starting new HTTPS connection (1): cannabis.delaware.gov:443
2026-02-25 10:27:02,637 [DEBUG] urllib3.util.retry: Incremented Retry for (url='/licensing/'): Retry(total=2, connect=None, read=None, redirect=None, status=None)
2026-02-25 10:27:02,638 [WARNING] urllib3.connectionpool: Retrying (Retry(total=2, connect=None, read=None, redirect=None, status=None)) after connection broken by 'NameResolutionError("HTTPSConnection(host='cannabis.delaware.gov', port=443): Failed to resolve 'cannabis.delaware.gov' ([Errno 11001] getaddrinfo failed)")': /licensing/
2026-02-25 10:27:02,640 [DEBUG] urllib3.connectionpool: Starting new HTTPS connection (2): cannabis.delaware.gov:443
2026-02-25 10:27:02,642 [DEBUG] urllib3.util.retry: Incremented Retry for (url='/licensing/'): Retry(total=1, connect=None, read=None, redirect=None, status=None)
2026-02-25 10:27:12,644 [WARNING] urllib3.connectionpool: Retrying (Retry(total=1, connect=None, read=None, redirect=None, status=None)) after connection broken by 'NameResolutionError("HTTPSConnection(host='cannabis.delaware.gov', port=443): Failed to resolve 'cannabis.delaware.gov' ([Errno 11001] getaddrinfo failed)")': /licensing/
2026-02-25 10:27:12,646 [DEBUG] urllib3.connectionpool: Starting new HTTPS connection (3): cannabis.delaware.gov:443
2026-02-25 10:27:12,668 [DEBUG] urllib3.util.retry: Incremented Retry for (url='/licensing/'): Retry(total=0, connect=None, read=None, redirect=None, status=None)
2026-02-25 10:27:15,898 [WARNING] urllib3.connectionpool: Retrying (Retry(total=0, connect=None, read=None, redirect=None, status=None)) after connection broken by 'NameResolutionError("HTTPSConnection(host='as-dl.dcc.ca.gov', port=443): Failed to resolve 'as-dl.dcc.ca.gov' ([Errno 11001] getaddrinfo failed)")': /api/export/json/3
2026-02-25 10:27:15,899 [DEBUG] urllib3.connectionpool: Starting new HTTPS connection (4): as-dl.dcc.ca.gov:443
2026-02-25 10:27:15,931 [INFO] werkzeug: 10.0.0.178 - - [25/Feb/2026 10:27:15] "POST /api/sources/63/test HTTP/1.1" 200 -
2026-02-25 10:27:32,669 [WARNING] urllib3.connectionpool: Retrying (Retry(total=0, connect=None, read=None, redirect=None, status=None)) after connection broken by 'NameResolutionError("HTTPSConnection(host='cannabis.delaware.gov', port=443): Failed to resolve 'cannabis.delaware.gov' ([Errno 11001] getaddrinfo failed)")': /licensing/
2026-02-25 10:27:32,671 [DEBUG] urllib3.connectionpool: Starting new HTTPS connection (4): cannabis.delaware.gov:443
2026-02-25 10:27:32,698 [INFO] werkzeug: 10.0.0.178 - - [25/Feb/2026 10:27:32] "POST /api/sources/92/test HTTP/1.1" 200 -
2026-02-25 10:30:36,124 [INFO] __main__: Shutdown signal received...
2026-02-25 10:30:36,126 [INFO] apscheduler.scheduler: Scheduler has been shut down
2026-02-25 10:30:36,126 [DEBUG] apscheduler.scheduler: Looking for jobs to run
2026-02-25 10:30:36,135 [DEBUG] apscheduler.scheduler: Next wakeup is due at 2026-02-26 02:00:00-07:00 (in 55763.864242 seconds)
2026-02-25 10:30:36,136 [INFO] src.scheduler.manager: Scheduler stopped.
2026-02-25 10:30:41,334 [INFO] __main__: Starting Cannabis Data Aggregator — mode: all
2026-02-25 10:30:42,588 [INFO] src.storage.database: Database initialized: mysql+pymysql://phreakin:Passw0rd@10.0.0.2:3306/cannabis_data
2026-02-25 10:30:42,650 [INFO] apscheduler.scheduler: Scheduler started
2026-02-25 10:30:42,652 [DEBUG] apscheduler.scheduler: Looking for jobs to run
2026-02-25 10:30:42,652 [INFO] src.scheduler.manager: Scheduler started.
2026-02-25 10:30:42,675 [INFO] src.scheduler.manager: Syncing 25 active schedules...
2026-02-25 10:30:42,675 [DEBUG] apscheduler.scheduler: Next wakeup is due at 2026-02-26 02:00:00-07:00 (in 55757.324407 seconds)
2026-02-25 10:30:42,685 [DEBUG] src.scheduler.manager: Updated job: collect_sched_federal_hemp_weekly
2026-02-25 10:30:42,685 [DEBUG] apscheduler.scheduler: Looking for jobs to run
2026-02-25 10:30:42,689 [DEBUG] apscheduler.scheduler: Next wakeup is due at 2026-02-26 02:00:00-07:00 (in 55757.310363 seconds)
2026-02-25 10:30:42,691 [DEBUG] src.scheduler.manager: Updated job: collect_sched_co_med_licensees_weekly
2026-02-25 10:30:42,692 [DEBUG] apscheduler.scheduler: Looking for jobs to run
2026-02-25 10:30:42,696 [DEBUG] apscheduler.scheduler: Next wakeup is due at 2026-02-26 02:00:00-07:00 (in 55757.303168 seconds)
2026-02-25 10:30:42,699 [DEBUG] src.scheduler.manager: Updated job: collect_sched_wa_wslcb_licensees_weekly
2026-02-25 10:30:42,699 [DEBUG] apscheduler.scheduler: Looking for jobs to run
2026-02-25 10:30:42,703 [DEBUG] apscheduler.scheduler: Next wakeup is due at 2026-02-26 02:00:00-07:00 (in 55757.296674 seconds)
2026-02-25 10:30:42,705 [DEBUG] src.scheduler.manager: Updated job: collect_sched_or_olcc_licensees_weekly
2026-02-25 10:30:42,705 [DEBUG] apscheduler.scheduler: Looking for jobs to run
2026-02-25 10:30:42,709 [DEBUG] apscheduler.scheduler: Next wakeup is due at 2026-02-26 02:00:00-07:00 (in 55757.290193 seconds)
2026-02-25 10:30:42,712 [DEBUG] src.scheduler.manager: Updated job: collect_sched_or_olcc_geojson_weekly
2026-02-25 10:30:42,712 [DEBUG] apscheduler.scheduler: Looking for jobs to run
2026-02-25 10:30:42,716 [DEBUG] apscheduler.scheduler: Next wakeup is due at 2026-02-26 02:00:00-07:00 (in 55757.283432 seconds)
2026-02-25 10:30:42,719 [DEBUG] src.scheduler.manager: Updated job: collect_sched_ca_dcc_licensees_weekly
2026-02-25 10:30:42,719 [DEBUG] apscheduler.scheduler: Looking for jobs to run
2026-02-25 10:30:42,723 [DEBUG] apscheduler.scheduler: Next wakeup is due at 2026-02-26 02:00:00-07:00 (in 55757.276318 seconds)
2026-02-25 10:30:42,726 [DEBUG] src.scheduler.manager: Updated job: collect_sched_ok_omma_dispensaries_weekly
2026-02-25 10:30:42,726 [DEBUG] apscheduler.scheduler: Looking for jobs to run
2026-02-25 10:30:42,731 [DEBUG] apscheduler.scheduler: Next wakeup is due at 2026-02-26 02:00:00-07:00 (in 55757.268309 seconds)
2026-02-25 10:30:42,734 [DEBUG] src.scheduler.manager: Updated job: collect_sched_ok_omma_growers_weekly
2026-02-25 10:30:42,734 [DEBUG] apscheduler.scheduler: Looking for jobs to run
2026-02-25 10:30:42,739 [DEBUG] apscheduler.scheduler: Next wakeup is due at 2026-02-26 02:00:00-07:00 (in 55757.260973 seconds)
2026-02-25 10:30:42,741 [DEBUG] src.scheduler.manager: Updated job: collect_sched_ok_omma_processors_weekly
2026-02-25 10:30:42,741 [DEBUG] apscheduler.scheduler: Looking for jobs to run
2026-02-25 10:30:42,745 [DEBUG] apscheduler.scheduler: Next wakeup is due at 2026-02-26 02:00:00-07:00 (in 55757.254383 seconds)
2026-02-25 10:30:42,748 [DEBUG] src.scheduler.manager: Updated job: collect_sched_il_licenses_weekly
2026-02-25 10:30:42,748 [DEBUG] apscheduler.scheduler: Looking for jobs to run
2026-02-25 10:30:42,752 [DEBUG] apscheduler.scheduler: Next wakeup is due at 2026-02-26 02:00:00-07:00 (in 55757.247500 seconds)
2026-02-25 10:30:42,754 [DEBUG] src.scheduler.manager: Updated job: collect_sched_ma_ccc_licensees_weekly
2026-02-25 10:30:42,754 [DEBUG] apscheduler.scheduler: Looking for jobs to run
2026-02-25 10:30:42,759 [DEBUG] apscheduler.scheduler: Next wakeup is due at 2026-02-26 02:00:00-07:00 (in 55757.240716 seconds)
2026-02-25 10:30:42,761 [DEBUG] src.scheduler.manager: Updated job: collect_sched_nj_crc_licenses_weekly
2026-02-25 10:30:42,762 [DEBUG] apscheduler.scheduler: Looking for jobs to run
2026-02-25 10:30:42,766 [DEBUG] apscheduler.scheduler: Next wakeup is due at 2026-02-26 02:00:00-07:00 (in 55757.233477 seconds)
2026-02-25 10:30:42,769 [DEBUG] src.scheduler.manager: Updated job: collect_sched_ny_ocm_dispensaries_weekly
2026-02-25 10:30:42,769 [DEBUG] apscheduler.scheduler: Looking for jobs to run
2026-02-25 10:30:42,773 [DEBUG] apscheduler.scheduler: Next wakeup is due at 2026-02-26 02:00:00-07:00 (in 55757.226338 seconds)
2026-02-25 10:30:42,776 [DEBUG] src.scheduler.manager: Updated job: collect_sched_ak_amco_licenses_weekly
2026-02-25 10:30:42,776 [DEBUG] apscheduler.scheduler: Looking for jobs to run
2026-02-25 10:30:42,781 [DEBUG] apscheduler.scheduler: Next wakeup is due at 2026-02-26 02:00:00-07:00 (in 55757.218379 seconds)
2026-02-25 10:30:42,784 [DEBUG] src.scheduler.manager: Updated job: collect_sched_ct_dcp_licenses_weekly
2026-02-25 10:30:42,784 [DEBUG] apscheduler.scheduler: Looking for jobs to run
2026-02-25 10:30:42,788 [DEBUG] apscheduler.scheduler: Next wakeup is due at 2026-02-26 02:00:00-07:00 (in 55757.211761 seconds)
2026-02-25 10:30:42,790 [DEBUG] src.scheduler.manager: Updated job: collect_sched_dc_abca_licenses_weekly
2026-02-25 10:30:42,790 [DEBUG] apscheduler.scheduler: Looking for jobs to run
2026-02-25 10:30:42,795 [DEBUG] apscheduler.scheduler: Next wakeup is due at 2026-02-26 02:00:00-07:00 (in 55757.204648 seconds)
2026-02-25 10:30:42,798 [DEBUG] src.scheduler.manager: Updated job: collect_sched_nm_rld_licenses_weekly
2026-02-25 10:30:42,798 [DEBUG] apscheduler.scheduler: Looking for jobs to run
2026-02-25 10:30:42,803 [DEBUG] src.scheduler.manager: Updated job: collect_sched_wa_violations_weekly
2026-02-25 10:30:42,805 [DEBUG] apscheduler.scheduler: Next wakeup is due at 2026-02-26 02:00:00-07:00 (in 55757.194315 seconds)
2026-02-25 10:30:42,806 [DEBUG] apscheduler.scheduler: Looking for jobs to run
2026-02-25 10:30:42,809 [DEBUG] src.scheduler.manager: Updated job: collect_sched_co_med_sales_monthly
2026-02-25 10:30:42,811 [DEBUG] apscheduler.scheduler: Next wakeup is due at 2026-02-26 02:00:00-07:00 (in 55757.188509 seconds)
2026-02-25 10:30:42,812 [DEBUG] apscheduler.scheduler: Looking for jobs to run
2026-02-25 10:30:42,815 [DEBUG] src.scheduler.manager: Updated job: collect_sched_co_med_market_rates_monthly
2026-02-25 10:30:42,817 [DEBUG] apscheduler.scheduler: Next wakeup is due at 2026-02-26 02:00:00-07:00 (in 55757.182660 seconds)
2026-02-25 10:30:42,818 [DEBUG] apscheduler.scheduler: Looking for jobs to run
2026-02-25 10:30:42,820 [DEBUG] src.scheduler.manager: Updated job: collect_sched_wa_wslcb_sales_monthly
2026-02-25 10:30:42,823 [DEBUG] apscheduler.scheduler: Next wakeup is due at 2026-02-26 02:00:00-07:00 (in 55757.176874 seconds)
2026-02-25 10:30:42,824 [DEBUG] apscheduler.scheduler: Looking for jobs to run
2026-02-25 10:30:42,826 [DEBUG] src.scheduler.manager: Updated job: collect_sched_ma_ccc_sales_monthly
2026-02-25 10:30:42,829 [DEBUG] apscheduler.scheduler: Next wakeup is due at 2026-02-26 02:00:00-07:00 (in 55757.170900 seconds)
2026-02-25 10:30:42,830 [DEBUG] apscheduler.scheduler: Looking for jobs to run
2026-02-25 10:30:42,832 [DEBUG] src.scheduler.manager: Updated job: collect_sched_osm_dispensaries_monthly
2026-02-25 10:30:42,835 [DEBUG] apscheduler.scheduler: Next wakeup is due at 2026-02-26 02:00:00-07:00 (in 55757.164864 seconds)
2026-02-25 10:30:42,836 [DEBUG] apscheduler.scheduler: Looking for jobs to run
2026-02-25 10:30:42,839 [DEBUG] src.scheduler.manager: Updated job: collect_sched_ny_ocm_licenses_biweekly
2026-02-25 10:30:42,841 [DEBUG] apscheduler.scheduler: Next wakeup is due at 2026-02-26 02:00:00-07:00 (in 55757.158611 seconds)
2026-02-25 10:30:42,842 [DEBUG] apscheduler.scheduler: Looking for jobs to run
2026-02-25 10:30:42,845 [DEBUG] apscheduler.scheduler: Next wakeup is due at 2026-02-26 02:00:00-07:00 (in 55757.154329 seconds)
2026-02-25 10:30:42,882 [DEBUG] src.scheduler.manager: Updated job: collect_sched_ok_transporters_interval
2026-02-25 10:30:42,882 [DEBUG] apscheduler.scheduler: Looking for jobs to run
2026-02-25 10:30:42,886 [INFO] __main__: Scheduler started.
2026-02-25 10:30:42,889 [DEBUG] apscheduler.scheduler: Next wakeup is due at 2026-02-26 02:00:00-07:00 (in 55757.110542 seconds)
2026-02-25 10:30:42,943 [INFO] src.storage.database: Database initialized: mysql+pymysql://phreakin:Passw0rd@10.0.0.2:3306/cannabis_data
2026-02-25 10:30:43,078 [INFO] src.dashboard.app: Flask application initialized.
2026-02-25 10:30:43,079 [INFO] __main__: Dashboard + Scheduler starting on http://0.0.0.0:5000
2026-02-25 10:30:43,114 [INFO] werkzeug: [31m[1mWARNING: This is a development server. Do not use it in a production deployment. Use a production WSGI server instead.[0m
 * Running on all addresses (0.0.0.0)
 * Running on http://127.0.0.1:5000
 * Running on http://10.0.0.178:5000
2026-02-25 10:30:43,115 [INFO] werkzeug: [33mPress CTRL+C to quit[0m
2026-02-25 10:30:54,258 [INFO] werkzeug: 10.0.0.178 - - [25/Feb/2026 10:30:54] "GET /sources/ HTTP/1.1" 200 -
2026-02-25 10:30:54,341 [INFO] werkzeug: 10.0.0.178 - - [25/Feb/2026 10:30:54] "GET /static/js/dashboard.js HTTP/1.1" 200 -
2026-02-25 10:30:54,520 [INFO] werkzeug: 10.0.0.178 - - [25/Feb/2026 10:30:54] "[33mGET /favicon.ico HTTP/1.1[0m" 404 -
2026-02-25 10:30:56,209 [INFO] werkzeug: 10.0.0.178 - - [25/Feb/2026 10:30:56] "GET / HTTP/1.1" 200 -
2026-02-25 10:30:56,247 [INFO] werkzeug: 10.0.0.178 - - [25/Feb/2026 10:30:56] "[36mGET /static/js/dashboard.js HTTP/1.1[0m" 304 -
2026-02-25 10:30:56,277 [INFO] werkzeug: 10.0.0.178 - - [25/Feb/2026 10:30:56] "GET /api/sources?per_page=20 HTTP/1.1" 200 -
2026-02-25 10:31:07,858 [INFO] werkzeug: 10.0.0.178 - - [25/Feb/2026 10:31:07] "GET /entities/ HTTP/1.1" 200 -
2026-02-25 10:31:07,937 [INFO] werkzeug: 10.0.0.178 - - [25/Feb/2026 10:31:07] "[36mGET /static/js/dashboard.js HTTP/1.1[0m" 304 -
2026-02-25 10:31:10,939 [INFO] werkzeug: 10.0.0.178 - - [25/Feb/2026 10:31:10] "GET /entities/companies HTTP/1.1" 200 -
2026-02-25 10:31:10,978 [INFO] werkzeug: 10.0.0.178 - - [25/Feb/2026 10:31:10] "[36mGET /static/js/dashboard.js HTTP/1.1[0m" 304 -
2026-02-25 10:31:11,007 [INFO] werkzeug: 10.0.0.178 - - [25/Feb/2026 10:31:11] "GET /api/entities/companies HTTP/1.1" 200 -
2026-02-25 10:31:30,686 [INFO] werkzeug: 10.0.0.178 - - [25/Feb/2026 10:31:30] "GET /health HTTP/1.1" 200 -
2026-02-25 10:31:39,095 [INFO] werkzeug: 10.0.0.178 - - [25/Feb/2026 10:31:39] "GET /data/ HTTP/1.1" 200 -
2026-02-25 10:31:39,163 [INFO] werkzeug: 10.0.0.178 - - [25/Feb/2026 10:31:39] "[36mGET /static/js/dashboard.js HTTP/1.1[0m" 304 -
2026-02-25 10:31:39,182 [INFO] werkzeug: 10.0.0.178 - - [25/Feb/2026 10:31:39] "GET /api/records?page=1&per_page=50 HTTP/1.1" 200 -
2026-02-25 10:31:43,471 [INFO] werkzeug: 10.0.0.178 - - [25/Feb/2026 10:31:43] "GET /data/map HTTP/1.1" 200 -
2026-02-25 10:31:43,507 [INFO] werkzeug: 10.0.0.178 - - [25/Feb/2026 10:31:43] "[36mGET /static/js/dashboard.js HTTP/1.1[0m" 304 -
2026-02-25 10:31:43,669 [INFO] werkzeug: 10.0.0.178 - - [25/Feb/2026 10:31:43] "GET /api/records/geojson?has_gps=1&per_page=5000 HTTP/1.1" 200 -
2026-02-25 10:31:45,502 [INFO] werkzeug: 10.0.0.178 - - [25/Feb/2026 10:31:45] "GET /data/logs HTTP/1.1" 200 -
2026-02-25 10:31:45,549 [INFO] werkzeug: 10.0.0.178 - - [25/Feb/2026 10:31:45] "[36mGET /static/js/dashboard.js HTTP/1.1[0m" 304 -
2026-02-25 10:31:45,569 [INFO] werkzeug: 10.0.0.178 - - [25/Feb/2026 10:31:45] "GET /api/logs?page=1&per_page=50 HTTP/1.1" 200 -
2026-02-25 10:32:35,198 [INFO] werkzeug: 10.0.0.178 - - [25/Feb/2026 10:32:35] "GET / HTTP/1.1" 200 -
2026-02-25 10:32:35,265 [INFO] werkzeug: 10.0.0.178 - - [25/Feb/2026 10:32:35] "[36mGET /static/js/dashboard.js HTTP/1.1[0m" 304 -
2026-02-25 10:32:35,284 [INFO] werkzeug: 10.0.0.178 - - [25/Feb/2026 10:32:35] "GET /api/sources?per_page=20 HTTP/1.1" 200 -
2026-02-25 10:37:00,953 [INFO] __main__: Shutdown signal received...
2026-02-25 10:37:00,956 [INFO] apscheduler.scheduler: Scheduler has been shut down
2026-02-25 10:37:00,957 [DEBUG] apscheduler.scheduler: Looking for jobs to run
2026-02-25 10:37:00,972 [DEBUG] apscheduler.scheduler: Next wakeup is due at 2026-02-26 02:00:00-07:00 (in 55379.027843 seconds)
2026-02-25 10:37:00,973 [INFO] src.scheduler.manager: Scheduler stopped.
2026-02-25 10:57:43,783 [INFO] __main__: Starting Cannabis Data Aggregator — mode: all
2026-02-25 11:02:56,783 [INFO] __main__: Starting Cannabis Data Aggregator — mode: all
2026-02-25 11:02:58,792 [INFO] src.storage.database: Database initialized: mysql+pymysql://phreakin:Passw0rd@10.0.0.2:3306/cannabis_data
2026-02-25 11:02:58,833 [INFO] apscheduler.scheduler: Scheduler started
2026-02-25 11:02:58,834 [DEBUG] apscheduler.scheduler: Looking for jobs to run
2026-02-25 11:02:58,834 [INFO] src.scheduler.manager: Scheduler started.
2026-02-25 11:02:58,857 [INFO] src.scheduler.manager: Syncing 25 active schedules...
2026-02-25 11:02:58,857 [DEBUG] apscheduler.scheduler: Next wakeup is due at 2026-02-26 02:00:00-07:00 (in 53821.142166 seconds)
2026-02-25 11:02:58,869 [DEBUG] src.scheduler.manager: Updated job: collect_sched_federal_hemp_weekly
2026-02-25 11:02:58,869 [DEBUG] apscheduler.scheduler: Looking for jobs to run
2026-02-25 11:02:58,874 [DEBUG] apscheduler.scheduler: Next wakeup is due at 2026-02-26 02:00:00-07:00 (in 53821.125711 seconds)
2026-02-25 11:02:58,877 [DEBUG] src.scheduler.manager: Updated job: collect_sched_co_med_licensees_weekly
2026-02-25 11:02:58,877 [DEBUG] apscheduler.scheduler: Looking for jobs to run
2026-02-25 11:02:58,881 [DEBUG] apscheduler.scheduler: Next wakeup is due at 2026-02-26 02:00:00-07:00 (in 53821.118442 seconds)
2026-02-25 11:02:58,884 [DEBUG] src.scheduler.manager: Updated job: collect_sched_wa_wslcb_licensees_weekly
2026-02-25 11:02:58,884 [DEBUG] apscheduler.scheduler: Looking for jobs to run
2026-02-25 11:02:58,889 [DEBUG] apscheduler.scheduler: Next wakeup is due at 2026-02-26 02:00:00-07:00 (in 53821.110957 seconds)
2026-02-25 11:02:58,892 [DEBUG] src.scheduler.manager: Updated job: collect_sched_or_olcc_licensees_weekly
2026-02-25 11:02:58,892 [DEBUG] apscheduler.scheduler: Looking for jobs to run
2026-02-25 11:02:58,896 [DEBUG] apscheduler.scheduler: Next wakeup is due at 2026-02-26 02:00:00-07:00 (in 53821.103183 seconds)
2026-02-25 11:02:58,899 [DEBUG] src.scheduler.manager: Updated job: collect_sched_or_olcc_geojson_weekly
2026-02-25 11:02:58,899 [DEBUG] apscheduler.scheduler: Looking for jobs to run
2026-02-25 11:02:58,905 [DEBUG] apscheduler.scheduler: Next wakeup is due at 2026-02-26 02:00:00-07:00 (in 53821.094761 seconds)
2026-02-25 11:02:58,908 [DEBUG] src.scheduler.manager: Updated job: collect_sched_ca_dcc_licensees_weekly
2026-02-25 11:02:58,908 [DEBUG] apscheduler.scheduler: Looking for jobs to run
2026-02-25 11:02:58,913 [DEBUG] apscheduler.scheduler: Next wakeup is due at 2026-02-26 02:00:00-07:00 (in 53821.086246 seconds)
2026-02-25 11:02:58,916 [DEBUG] src.scheduler.manager: Updated job: collect_sched_ok_omma_dispensaries_weekly
2026-02-25 11:02:58,916 [DEBUG] apscheduler.scheduler: Looking for jobs to run
2026-02-25 11:02:58,922 [DEBUG] apscheduler.scheduler: Next wakeup is due at 2026-02-26 02:00:00-07:00 (in 53821.077218 seconds)
2026-02-25 11:02:58,926 [DEBUG] src.scheduler.manager: Updated job: collect_sched_ok_omma_growers_weekly
2026-02-25 11:02:58,926 [DEBUG] apscheduler.scheduler: Looking for jobs to run
2026-02-25 11:02:58,931 [DEBUG] apscheduler.scheduler: Next wakeup is due at 2026-02-26 02:00:00-07:00 (in 53821.068499 seconds)
2026-02-25 11:02:58,934 [DEBUG] src.scheduler.manager: Updated job: collect_sched_ok_omma_processors_weekly
2026-02-25 11:02:58,934 [DEBUG] apscheduler.scheduler: Looking for jobs to run
2026-02-25 11:02:58,940 [DEBUG] apscheduler.scheduler: Next wakeup is due at 2026-02-26 02:00:00-07:00 (in 53821.059175 seconds)
2026-02-25 11:02:58,944 [DEBUG] src.scheduler.manager: Updated job: collect_sched_il_licenses_weekly
2026-02-25 11:02:58,944 [DEBUG] apscheduler.scheduler: Looking for jobs to run
2026-02-25 11:02:58,950 [DEBUG] apscheduler.scheduler: Next wakeup is due at 2026-02-26 02:00:00-07:00 (in 53821.049659 seconds)
2026-02-25 11:02:58,953 [DEBUG] src.scheduler.manager: Updated job: collect_sched_ma_ccc_licensees_weekly
2026-02-25 11:02:58,953 [DEBUG] apscheduler.scheduler: Looking for jobs to run
2026-02-25 11:02:58,960 [DEBUG] apscheduler.scheduler: Next wakeup is due at 2026-02-26 02:00:00-07:00 (in 53821.039897 seconds)
2026-02-25 11:02:58,963 [DEBUG] src.scheduler.manager: Updated job: collect_sched_nj_crc_licenses_weekly
2026-02-25 11:02:58,963 [DEBUG] apscheduler.scheduler: Looking for jobs to run
2026-02-25 11:02:58,969 [DEBUG] apscheduler.scheduler: Next wakeup is due at 2026-02-26 02:00:00-07:00 (in 53821.030051 seconds)
2026-02-25 11:02:58,974 [DEBUG] src.scheduler.manager: Updated job: collect_sched_ny_ocm_dispensaries_weekly
2026-02-25 11:02:58,974 [DEBUG] apscheduler.scheduler: Looking for jobs to run
2026-02-25 11:02:58,979 [DEBUG] apscheduler.scheduler: Next wakeup is due at 2026-02-26 02:00:00-07:00 (in 53821.020129 seconds)
2026-02-25 11:02:58,982 [DEBUG] src.scheduler.manager: Updated job: collect_sched_ak_amco_licenses_weekly
2026-02-25 11:02:58,983 [DEBUG] apscheduler.scheduler: Looking for jobs to run
2026-02-25 11:02:58,988 [DEBUG] apscheduler.scheduler: Next wakeup is due at 2026-02-26 02:00:00-07:00 (in 53821.011835 seconds)
2026-02-25 11:02:58,991 [DEBUG] src.scheduler.manager: Updated job: collect_sched_ct_dcp_licenses_weekly
2026-02-25 11:02:58,991 [DEBUG] apscheduler.scheduler: Looking for jobs to run
2026-02-25 11:02:58,996 [DEBUG] apscheduler.scheduler: Next wakeup is due at 2026-02-26 02:00:00-07:00 (in 53821.003964 seconds)
2026-02-25 11:02:58,998 [DEBUG] src.scheduler.manager: Updated job: collect_sched_dc_abca_licenses_weekly
2026-02-25 11:02:58,998 [DEBUG] apscheduler.scheduler: Looking for jobs to run
2026-02-25 11:02:59,004 [DEBUG] apscheduler.scheduler: Next wakeup is due at 2026-02-26 02:00:00-07:00 (in 53820.995993 seconds)
2026-02-25 11:02:59,006 [DEBUG] src.scheduler.manager: Updated job: collect_sched_nm_rld_licenses_weekly
2026-02-25 11:02:59,006 [DEBUG] apscheduler.scheduler: Looking for jobs to run
2026-02-25 11:02:59,011 [DEBUG] apscheduler.scheduler: Next wakeup is due at 2026-02-26 02:00:00-07:00 (in 53820.988559 seconds)
2026-02-25 11:02:59,014 [DEBUG] src.scheduler.manager: Updated job: collect_sched_wa_violations_weekly
2026-02-25 11:02:59,014 [DEBUG] apscheduler.scheduler: Looking for jobs to run
2026-02-25 11:02:59,018 [DEBUG] apscheduler.scheduler: Next wakeup is due at 2026-02-26 02:00:00-07:00 (in 53820.981332 seconds)
2026-02-25 11:02:59,021 [DEBUG] src.scheduler.manager: Updated job: collect_sched_co_med_sales_monthly
2026-02-25 11:02:59,021 [DEBUG] apscheduler.scheduler: Looking for jobs to run
2026-02-25 11:02:59,025 [DEBUG] src.scheduler.manager: Updated job: collect_sched_co_med_market_rates_monthly
2026-02-25 11:02:59,028 [DEBUG] apscheduler.scheduler: Next wakeup is due at 2026-02-26 02:00:00-07:00 (in 53820.971482 seconds)
2026-02-25 11:02:59,029 [DEBUG] apscheduler.scheduler: Looking for jobs to run
2026-02-25 11:02:59,032 [DEBUG] src.scheduler.manager: Updated job: collect_sched_wa_wslcb_sales_monthly
2026-02-25 11:02:59,034 [DEBUG] apscheduler.scheduler: Next wakeup is due at 2026-02-26 02:00:00-07:00 (in 53820.965430 seconds)
2026-02-25 11:02:59,035 [DEBUG] apscheduler.scheduler: Looking for jobs to run
2026-02-25 11:02:59,038 [DEBUG] src.scheduler.manager: Updated job: collect_sched_ma_ccc_sales_monthly
2026-02-25 11:02:59,040 [DEBUG] apscheduler.scheduler: Next wakeup is due at 2026-02-26 02:00:00-07:00 (in 53820.959768 seconds)
2026-02-25 11:02:59,041 [DEBUG] apscheduler.scheduler: Looking for jobs to run
2026-02-25 11:02:59,043 [DEBUG] src.scheduler.manager: Updated job: collect_sched_osm_dispensaries_monthly
2026-02-25 11:02:59,046 [DEBUG] apscheduler.scheduler: Next wakeup is due at 2026-02-26 02:00:00-07:00 (in 53820.953960 seconds)
2026-02-25 11:02:59,047 [DEBUG] apscheduler.scheduler: Looking for jobs to run
2026-02-25 11:02:59,049 [DEBUG] src.scheduler.manager: Updated job: collect_sched_ny_ocm_licenses_biweekly
2026-02-25 11:02:59,052 [DEBUG] apscheduler.scheduler: Next wakeup is due at 2026-02-26 02:00:00-07:00 (in 53820.947829 seconds)
2026-02-25 11:02:59,052 [DEBUG] apscheduler.scheduler: Looking for jobs to run
2026-02-25 11:02:59,056 [DEBUG] apscheduler.scheduler: Next wakeup is due at 2026-02-26 02:00:00-07:00 (in 53820.943971 seconds)
2026-02-25 11:02:59,074 [DEBUG] src.scheduler.manager: Updated job: collect_sched_ok_transporters_interval
2026-02-25 11:02:59,074 [DEBUG] apscheduler.scheduler: Looking for jobs to run
2026-02-25 11:02:59,078 [INFO] __main__: Scheduler started.
2026-02-25 11:02:59,081 [DEBUG] apscheduler.scheduler: Next wakeup is due at 2026-02-26 02:00:00-07:00 (in 53820.918463 seconds)
2026-02-25 11:02:59,142 [INFO] src.storage.database: Database initialized: mysql+pymysql://phreakin:Passw0rd@10.0.0.2:3306/cannabis_data
2026-02-25 11:02:59,293 [INFO] src.dashboard.app: Flask application initialized.
2026-02-25 11:02:59,294 [INFO] __main__: Dashboard + Scheduler starting on http://0.0.0.0:5000
2026-02-25 11:02:59,330 [INFO] werkzeug: [31m[1mWARNING: This is a development server. Do not use it in a production deployment. Use a production WSGI server instead.[0m
 * Running on all addresses (0.0.0.0)
 * Running on http://127.0.0.1:5000
 * Running on http://10.0.0.178:5000
2026-02-25 11:02:59,331 [INFO] werkzeug: [33mPress CTRL+C to quit[0m
2026-02-25 11:03:01,581 [INFO] werkzeug: 10.0.0.178 - - [25/Feb/2026 11:03:01] "GET / HTTP/1.1" 200 -
2026-02-25 11:03:01,674 [INFO] werkzeug: 10.0.0.178 - - [25/Feb/2026 11:03:01] "[36mGET /static/js/dashboard.js HTTP/1.1[0m" 304 -
2026-02-25 11:03:01,703 [INFO] werkzeug: 10.0.0.178 - - [25/Feb/2026 11:03:01] "GET /api/sources?per_page=20 HTTP/1.1" 200 -
2026-02-25 11:03:01,777 [INFO] werkzeug: 10.0.0.178 - - [25/Feb/2026 11:03:01] "[33mGET /favicon.ico HTTP/1.1[0m" 404 -
2026-02-25 11:03:06,526 [INFO] werkzeug: 10.0.0.178 - - [25/Feb/2026 11:03:06] "GET /entities/companies HTTP/1.1" 200 -
2026-02-25 11:03:06,572 [INFO] werkzeug: 10.0.0.178 - - [25/Feb/2026 11:03:06] "[36mGET /static/js/dashboard.js HTTP/1.1[0m" 304 -
2026-02-25 11:03:06,604 [INFO] werkzeug: 10.0.0.178 - - [25/Feb/2026 11:03:06] "GET /api/entities/companies HTTP/1.1" 200 -
2026-02-25 11:03:08,053 [INFO] werkzeug: 10.0.0.178 - - [25/Feb/2026 11:03:08] "GET /entities/doctors HTTP/1.1" 200 -
2026-02-25 11:03:08,097 [INFO] werkzeug: 10.0.0.178 - - [25/Feb/2026 11:03:08] "[36mGET /static/js/dashboard.js HTTP/1.1[0m" 304 -
2026-02-25 11:03:08,119 [INFO] werkzeug: 10.0.0.178 - - [25/Feb/2026 11:03:08] "GET /api/entities/doctors HTTP/1.1" 200 -
2026-02-25 11:03:09,146 [INFO] werkzeug: 10.0.0.178 - - [25/Feb/2026 11:03:09] "GET /entities/brands HTTP/1.1" 200 -
2026-02-25 11:03:09,184 [INFO] werkzeug: 10.0.0.178 - - [25/Feb/2026 11:03:09] "[36mGET /static/js/dashboard.js HTTP/1.1[0m" 304 -
2026-02-25 11:03:09,209 [INFO] werkzeug: 10.0.0.178 - - [25/Feb/2026 11:03:09] "GET /api/entities/brands HTTP/1.1" 200 -
2026-02-25 11:03:09,217 [INFO] werkzeug: 10.0.0.178 - - [25/Feb/2026 11:03:09] "GET /api/entities/products HTTP/1.1" 200 -
2026-02-25 11:03:09,897 [INFO] werkzeug: 10.0.0.178 - - [25/Feb/2026 11:03:09] "GET /entities/products HTTP/1.1" 200 -
2026-02-25 11:03:09,936 [INFO] werkzeug: 10.0.0.178 - - [25/Feb/2026 11:03:09] "[36mGET /static/js/dashboard.js HTTP/1.1[0m" 304 -
2026-02-25 11:03:09,958 [INFO] werkzeug: 10.0.0.178 - - [25/Feb/2026 11:03:09] "GET /api/entities/products HTTP/1.1" 200 -
2026-02-25 11:03:11,352 [INFO] werkzeug: 10.0.0.178 - - [25/Feb/2026 11:03:11] "GET /entities/licenses HTTP/1.1" 200 -
2026-02-25 11:03:11,397 [INFO] werkzeug: 10.0.0.178 - - [25/Feb/2026 11:03:11] "[36mGET /static/js/dashboard.js HTTP/1.1[0m" 304 -
2026-02-25 11:03:11,427 [INFO] werkzeug: 10.0.0.178 - - [25/Feb/2026 11:03:11] "GET /api/entities/licenses HTTP/1.1" 200 -
2026-02-25 11:03:11,990 [INFO] werkzeug: 10.0.0.178 - - [25/Feb/2026 11:03:11] "GET /entities/strains HTTP/1.1" 200 -
2026-02-25 11:03:12,056 [INFO] werkzeug: 10.0.0.178 - - [25/Feb/2026 11:03:12] "[36mGET /static/js/dashboard.js HTTP/1.1[0m" 304 -
2026-02-25 11:03:12,081 [INFO] werkzeug: 10.0.0.178 - - [25/Feb/2026 11:03:12] "GET /api/entities/strains HTTP/1.1" 200 -
2026-02-25 11:03:12,715 [INFO] werkzeug: 10.0.0.178 - - [25/Feb/2026 11:03:12] "GET /entities/shops HTTP/1.1" 200 -
2026-02-25 11:03:12,756 [INFO] werkzeug: 10.0.0.178 - - [25/Feb/2026 11:03:12] "[36mGET /static/js/dashboard.js HTTP/1.1[0m" 304 -
2026-02-25 11:03:12,783 [INFO] werkzeug: 10.0.0.178 - - [25/Feb/2026 11:03:12] "GET /api/entities/shops HTTP/1.1" 200 -
2026-02-25 11:03:15,793 [INFO] werkzeug: 10.0.0.178 - - [25/Feb/2026 11:03:15] "GET /data/ HTTP/1.1" 200 -
2026-02-25 11:03:15,833 [INFO] werkzeug: 10.0.0.178 - - [25/Feb/2026 11:03:15] "[36mGET /static/js/dashboard.js HTTP/1.1[0m" 304 -
2026-02-25 11:03:15,853 [INFO] werkzeug: 10.0.0.178 - - [25/Feb/2026 11:03:15] "GET /api/records?page=1&per_page=50 HTTP/1.1" 200 -
2026-02-25 11:03:20,444 [INFO] werkzeug: 10.0.0.178 - - [25/Feb/2026 11:03:20] "GET /data/logs HTTP/1.1" 200 -
2026-02-25 11:03:20,487 [INFO] werkzeug: 10.0.0.178 - - [25/Feb/2026 11:03:20] "[36mGET /static/js/dashboard.js HTTP/1.1[0m" 304 -
2026-02-25 11:03:20,507 [INFO] werkzeug: 10.0.0.178 - - [25/Feb/2026 11:03:20] "GET /api/logs?page=1&per_page=50 HTTP/1.1" 200 -
2026-02-25 11:03:25,017 [INFO] werkzeug: 10.0.0.178 - - [25/Feb/2026 11:03:25] "GET /sources/ HTTP/1.1" 200 -
2026-02-25 11:03:25,077 [INFO] werkzeug: 10.0.0.178 - - [25/Feb/2026 11:03:25] "[36mGET /static/js/dashboard.js HTTP/1.1[0m" 304 -
2026-02-25 11:03:27,523 [INFO] werkzeug: 10.0.0.178 - - [25/Feb/2026 11:03:27] "GET / HTTP/1.1" 200 -
2026-02-25 11:03:27,572 [INFO] werkzeug: 10.0.0.178 - - [25/Feb/2026 11:03:27] "[36mGET /static/js/dashboard.js HTTP/1.1[0m" 304 -
2026-02-25 11:03:27,590 [INFO] werkzeug: 10.0.0.178 - - [25/Feb/2026 11:03:27] "GET /api/sources?per_page=20 HTTP/1.1" 200 -
2026-02-25 11:05:33,082 [INFO] werkzeug: 10.0.0.178 - - [25/Feb/2026 11:05:33] "GET / HTTP/1.1" 200 -
2026-02-25 11:05:33,148 [INFO] werkzeug: 10.0.0.178 - - [25/Feb/2026 11:05:33] "GET /static/js/dashboard.js HTTP/1.1" 200 -
2026-02-25 11:05:33,254 [INFO] werkzeug: 10.0.0.178 - - [25/Feb/2026 11:05:33] "GET /api/sources?per_page=20 HTTP/1.1" 200 -
2026-02-25 11:05:33,330 [INFO] werkzeug: 10.0.0.178 - - [25/Feb/2026 11:05:33] "[33mGET /favicon.ico HTTP/1.1[0m" 404 -
2026-02-25 11:07:04,498 [INFO] werkzeug: 10.0.0.178 - - [25/Feb/2026 11:07:04] "[33mGET /web HTTP/1.1[0m" 404 -
2026-02-25 11:07:04,567 [INFO] werkzeug: 10.0.0.178 - - [25/Feb/2026 11:07:04] "[36mGET /static/js/dashboard.js HTTP/1.1[0m" 304 -
2026-02-25 20:13:01,225 [INFO] __main__: Starting Cannabis Data Aggregator — mode: all
2026-02-25 20:13:02,787 [INFO] src.storage.database: Database initialized: mysql+pymysql://phreakin:Passw0rd@10.0.0.2:3306/cannabis_data
2026-02-25 20:13:04,054 [INFO] apscheduler.scheduler: Scheduler started
2026-02-25 20:13:04,055 [DEBUG] apscheduler.scheduler: Looking for jobs to run
2026-02-25 20:13:04,055 [INFO] src.scheduler.manager: Scheduler started.
2026-02-25 20:13:04,075 [INFO] src.scheduler.manager: Syncing 26 active schedules...
2026-02-25 20:13:04,075 [DEBUG] apscheduler.scheduler: Next wakeup is due at 2026-02-26 02:00:00-07:00 (in 20815.924134 seconds)
2026-02-25 20:13:04,084 [DEBUG] src.scheduler.manager: Updated job: collect_sched_federal_hemp_weekly
2026-02-25 20:13:04,084 [DEBUG] apscheduler.scheduler: Looking for jobs to run
2026-02-25 20:13:04,089 [DEBUG] apscheduler.scheduler: Next wakeup is due at 2026-02-26 02:00:00-07:00 (in 20815.910481 seconds)
2026-02-25 20:13:04,092 [DEBUG] src.scheduler.manager: Updated job: collect_sched_co_med_licensees_weekly
2026-02-25 20:13:04,092 [DEBUG] apscheduler.scheduler: Looking for jobs to run
2026-02-25 20:13:04,096 [DEBUG] apscheduler.scheduler: Next wakeup is due at 2026-02-26 02:00:00-07:00 (in 20815.903743 seconds)
2026-02-25 20:13:04,098 [DEBUG] src.scheduler.manager: Updated job: collect_sched_wa_wslcb_licensees_weekly
2026-02-25 20:13:04,098 [DEBUG] apscheduler.scheduler: Looking for jobs to run
2026-02-25 20:13:04,102 [DEBUG] apscheduler.scheduler: Next wakeup is due at 2026-02-26 02:00:00-07:00 (in 20815.897212 seconds)
2026-02-25 20:13:04,105 [DEBUG] src.scheduler.manager: Updated job: collect_sched_or_olcc_licensees_weekly
2026-02-25 20:13:04,105 [DEBUG] apscheduler.scheduler: Looking for jobs to run
2026-02-25 20:13:04,109 [DEBUG] apscheduler.scheduler: Next wakeup is due at 2026-02-26 02:00:00-07:00 (in 20815.890608 seconds)
2026-02-25 20:13:04,111 [DEBUG] src.scheduler.manager: Updated job: collect_sched_or_olcc_geojson_weekly
2026-02-25 20:13:04,111 [DEBUG] apscheduler.scheduler: Looking for jobs to run
2026-02-25 20:13:04,116 [DEBUG] apscheduler.scheduler: Next wakeup is due at 2026-02-26 02:00:00-07:00 (in 20815.883655 seconds)
2026-02-25 20:13:04,118 [DEBUG] src.scheduler.manager: Updated job: collect_sched_ca_dcc_licensees_weekly
2026-02-25 20:13:04,118 [DEBUG] apscheduler.scheduler: Looking for jobs to run
2026-02-25 20:13:04,123 [DEBUG] apscheduler.scheduler: Next wakeup is due at 2026-02-26 02:00:00-07:00 (in 20815.876872 seconds)
2026-02-25 20:13:04,125 [DEBUG] src.scheduler.manager: Updated job: collect_sched_ok_omma_dispensaries_weekly
2026-02-25 20:13:04,125 [DEBUG] apscheduler.scheduler: Looking for jobs to run
2026-02-25 20:13:04,129 [DEBUG] apscheduler.scheduler: Next wakeup is due at 2026-02-26 02:00:00-07:00 (in 20815.870479 seconds)
2026-02-25 20:13:04,131 [DEBUG] src.scheduler.manager: Updated job: collect_sched_ok_omma_growers_weekly
2026-02-25 20:13:04,131 [DEBUG] apscheduler.scheduler: Looking for jobs to run
2026-02-25 20:13:04,136 [DEBUG] apscheduler.scheduler: Next wakeup is due at 2026-02-26 02:00:00-07:00 (in 20815.863886 seconds)
2026-02-25 20:13:04,138 [DEBUG] src.scheduler.manager: Updated job: collect_sched_ok_omma_processors_weekly
2026-02-25 20:13:04,138 [DEBUG] apscheduler.scheduler: Looking for jobs to run
2026-02-25 20:13:04,142 [DEBUG] apscheduler.scheduler: Next wakeup is due at 2026-02-26 02:00:00-07:00 (in 20815.857464 seconds)
2026-02-25 20:13:04,144 [DEBUG] src.scheduler.manager: Updated job: collect_sched_il_licenses_weekly
2026-02-25 20:13:04,144 [DEBUG] apscheduler.scheduler: Looking for jobs to run
2026-02-25 20:13:04,148 [DEBUG] apscheduler.scheduler: Next wakeup is due at 2026-02-26 02:00:00-07:00 (in 20815.851045 seconds)
2026-02-25 20:13:04,151 [DEBUG] src.scheduler.manager: Updated job: collect_sched_ma_ccc_licensees_weekly
2026-02-25 20:13:04,151 [DEBUG] apscheduler.scheduler: Looking for jobs to run
2026-02-25 20:13:04,155 [DEBUG] apscheduler.scheduler: Next wakeup is due at 2026-02-26 02:00:00-07:00 (in 20815.844634 seconds)
2026-02-25 20:13:04,157 [DEBUG] src.scheduler.manager: Updated job: collect_sched_nj_crc_licenses_weekly
2026-02-25 20:13:04,157 [DEBUG] apscheduler.scheduler: Looking for jobs to run
2026-02-25 20:13:04,161 [DEBUG] apscheduler.scheduler: Next wakeup is due at 2026-02-26 02:00:00-07:00 (in 20815.838263 seconds)
2026-02-25 20:13:04,164 [DEBUG] src.scheduler.manager: Updated job: collect_sched_ny_ocm_dispensaries_weekly
2026-02-25 20:13:04,164 [DEBUG] apscheduler.scheduler: Looking for jobs to run
2026-02-25 20:13:04,168 [DEBUG] apscheduler.scheduler: Next wakeup is due at 2026-02-26 02:00:00-07:00 (in 20815.831810 seconds)
2026-02-25 20:13:04,170 [DEBUG] src.scheduler.manager: Updated job: collect_sched_ak_amco_licenses_weekly
2026-02-25 20:13:04,170 [DEBUG] apscheduler.scheduler: Looking for jobs to run
2026-02-25 20:13:04,174 [DEBUG] apscheduler.scheduler: Next wakeup is due at 2026-02-26 02:00:00-07:00 (in 20815.825216 seconds)
2026-02-25 20:13:04,177 [DEBUG] src.scheduler.manager: Updated job: collect_sched_ct_dcp_licenses_weekly
2026-02-25 20:13:04,177 [DEBUG] apscheduler.scheduler: Looking for jobs to run
2026-02-25 20:13:04,181 [DEBUG] apscheduler.scheduler: Next wakeup is due at 2026-02-26 02:00:00-07:00 (in 20815.818707 seconds)
2026-02-25 20:13:04,183 [DEBUG] src.scheduler.manager: Updated job: collect_sched_dc_abca_licenses_weekly
2026-02-25 20:13:04,183 [DEBUG] apscheduler.scheduler: Looking for jobs to run
2026-02-25 20:13:04,187 [DEBUG] apscheduler.scheduler: Next wakeup is due at 2026-02-26 02:00:00-07:00 (in 20815.812516 seconds)
2026-02-25 20:13:04,189 [DEBUG] src.scheduler.manager: Updated job: collect_sched_nm_rld_licenses_weekly
2026-02-25 20:13:04,189 [DEBUG] apscheduler.scheduler: Looking for jobs to run
2026-02-25 20:13:04,193 [DEBUG] apscheduler.scheduler: Next wakeup is due at 2026-02-26 02:00:00-07:00 (in 20815.806334 seconds)
2026-02-25 20:13:04,196 [DEBUG] src.scheduler.manager: Updated job: collect_sched_wa_violations_weekly
2026-02-25 20:13:04,196 [DEBUG] apscheduler.scheduler: Looking for jobs to run
2026-02-25 20:13:04,199 [DEBUG] apscheduler.scheduler: Next wakeup is due at 2026-02-26 02:00:00-07:00 (in 20815.800079 seconds)
2026-02-25 20:13:04,202 [DEBUG] src.scheduler.manager: Updated job: collect_sched_co_med_sales_monthly
2026-02-25 20:13:04,202 [DEBUG] apscheduler.scheduler: Looking for jobs to run
2026-02-25 20:13:04,206 [DEBUG] apscheduler.scheduler: Next wakeup is due at 2026-02-26 02:00:00-07:00 (in 20815.793789 seconds)
2026-02-25 20:13:04,208 [DEBUG] src.scheduler.manager: Updated job: collect_sched_co_med_market_rates_monthly
2026-02-25 20:13:04,208 [DEBUG] apscheduler.scheduler: Looking for jobs to run
2026-02-25 20:13:04,212 [DEBUG] apscheduler.scheduler: Next wakeup is due at 2026-02-26 02:00:00-07:00 (in 20815.787407 seconds)
2026-02-25 20:13:04,214 [DEBUG] src.scheduler.manager: Updated job: collect_sched_wa_wslcb_sales_monthly
2026-02-25 20:13:04,215 [DEBUG] apscheduler.scheduler: Looking for jobs to run
2026-02-25 20:13:04,218 [DEBUG] apscheduler.scheduler: Next wakeup is due at 2026-02-26 02:00:00-07:00 (in 20815.781081 seconds)
2026-02-25 20:13:04,221 [DEBUG] src.scheduler.manager: Updated job: collect_sched_ma_ccc_sales_monthly
2026-02-25 20:13:04,221 [DEBUG] apscheduler.scheduler: Looking for jobs to run
2026-02-25 20:13:04,225 [DEBUG] apscheduler.scheduler: Next wakeup is due at 2026-02-26 02:00:00-07:00 (in 20815.774622 seconds)
2026-02-25 20:13:04,227 [DEBUG] src.scheduler.manager: Updated job: collect_sched_osm_dispensaries_monthly
2026-02-25 20:13:04,228 [DEBUG] apscheduler.scheduler: Looking for jobs to run
2026-02-25 20:13:04,232 [DEBUG] apscheduler.scheduler: Next wakeup is due at 2026-02-26 02:00:00-07:00 (in 20815.767898 seconds)
2026-02-25 20:13:04,234 [DEBUG] src.scheduler.manager: Updated job: collect_sched_ny_ocm_licenses_biweekly
2026-02-25 20:13:04,234 [DEBUG] apscheduler.scheduler: Looking for jobs to run
2026-02-25 20:13:04,238 [DEBUG] apscheduler.scheduler: Next wakeup is due at 2026-02-26 02:00:00-07:00 (in 20815.761026 seconds)
2026-02-25 20:13:04,264 [DEBUG] src.scheduler.manager: Updated job: collect_sched_ok_transporters_interval
2026-02-25 20:13:04,264 [DEBUG] apscheduler.scheduler: Looking for jobs to run
2026-02-25 20:13:04,268 [DEBUG] apscheduler.scheduler: Next wakeup is due at 2026-02-26 02:00:00-07:00 (in 20815.731068 seconds)
2026-02-25 20:13:04,280 [INFO] apscheduler.scheduler: Added job "Alaska AMCO Marijuana Licenses" to job store "default"
2026-02-25 20:13:04,281 [INFO] src.scheduler.manager: Added job: collect_Run Daily (Alaska AMCO Marijuana Licenses)
2026-02-25 20:13:04,281 [DEBUG] apscheduler.scheduler: Looking for jobs to run
2026-02-25 20:13:04,285 [INFO] __main__: Scheduler started.
2026-02-25 20:13:04,288 [DEBUG] apscheduler.scheduler: Next wakeup is due at 2026-02-26 02:00:00-07:00 (in 20815.711340 seconds)
2026-02-25 20:13:04,343 [INFO] src.storage.database: Database initialized: mysql+pymysql://phreakin:Passw0rd@10.0.0.2:3306/cannabis_data
2026-02-25 20:13:04,461 [INFO] src.dashboard.app: Flask application initialized.
2026-02-25 20:13:04,462 [INFO] __main__: Dashboard + Scheduler starting on http://0.0.0.0:5000
2026-02-25 20:13:04,488 [INFO] werkzeug: [31m[1mWARNING: This is a development server. Do not use it in a production deployment. Use a production WSGI server instead.[0m
 * Running on all addresses (0.0.0.0)
 * Running on http://127.0.0.1:5000
 * Running on http://10.0.0.178:5000
2026-02-25 20:13:04,488 [INFO] werkzeug: [33mPress CTRL+C to quit[0m
2026-02-25 20:13:07,093 [INFO] werkzeug: 10.0.0.178 - - [25/Feb/2026 20:13:07] "[35m[1mGET / HTTP/1.1[0m" 500 -
2026-02-25 20:13:07,131 [ERROR] werkzeug: Error on request:
Traceback (most recent call last):
  File "C:\Python\Lib\site-packages\sqlalchemy\engine\base.py", line 1967, in _exec_single_context
    self.dialect.do_execute(
    ^
  File "C:\Python\Lib\site-packages\sqlalchemy\engine\default.py", line 924, in do_execute
    cursor.execute(statement, parameters)
    ~~~~~~~~~~~~~~^^^^^^^^^^^^^^^^^^^^^^^
  File "C:\Python\Lib\site-packages\pymysql\cursors.py", line 153, in execute
    result = self._query(query)
  File "C:\Python\Lib\site-packages\pymysql\cursors.py", line 322, in _query
    conn.query(q)
    ~~~~~~~~~~^^^
  File "C:\Python\Lib\site-packages\pymysql\connections.py", line 563, in query
    self._affected_rows = self._read_query_result(unbuffered=unbuffered)
                          ~~~~~~~~~~~~~~~~~~~~~~~^^^^^^^^^^^^^^^^^^^^^^^
  File "C:\Python\Lib\site-packages\pymysql\connections.py", line 825, in _read_query_result
    result.read()
    ~~~~~~~~~~~^^
  File "C:\Python\Lib\site-packages\pymysql\connections.py", line 1199, in read
    first_packet = self.connection._read_packet()
  File "C:\Python\Lib\site-packages\pymysql\connections.py", line 753, in _read_packet
    raise err.OperationalError(
    ^
pymysql.err.OperationalError: (2013, 'Lost connection to MySQL server during query')

The above exception was the direct cause of the following exception:

Traceback (most recent call last):
  File "C:\Python\Lib\site-packages\werkzeug\debug\__init__.py", line 341, in debug_application
    app_iter = self.app(environ, start_response)
  File "C:\Python\Lib\site-packages\flask\app.py", line 1498, in __call__
    return self.wsgi_app(environ, start_response)
           ~~~~~~~~~~~~~^^^^^^^^^^^^^^^^^^^^^^^^^
  File "C:\Python\Lib\site-packages\flask\app.py", line 1476, in wsgi_app
    response = self.handle_exception(e)
  File "C:\Python\Lib\site-packages\flask\app.py", line 1473, in wsgi_app
    response = self.full_dispatch_request()
  File "C:\Python\Lib\site-packages\flask\app.py", line 882, in full_dispatch_request
    rv = self.handle_user_exception(e)
  File "C:\Python\Lib\site-packages\flask\app.py", line 880, in full_dispatch_request
    rv = self.dispatch_request()
  File "C:\Python\Lib\site-packages\flask\app.py", line 865, in dispatch_request
    return self.ensure_sync(self.view_functions[rule.endpoint])(**view_args)  # type: ignore[no-any-return]
           ~~~~~~~~~~~~~~~~~~~~~~~~~~~~~~~~~~~~~~~~~~~~~~~~~~~~^^^^^^^^^^^^^
  File "Z:\cannabis\src\dashboard\routes\main.py", line 22, in index
    stats = _get_dashboard_stats()
  File "Z:\cannabis\src\dashboard\routes\main.py", line 47, in _get_dashboard_stats
    total_sources = session.query(DataSource).count()
  File "C:\Python\Lib\site-packages\sqlalchemy\orm\query.py", line 3112, in count
    self._legacy_from_self(col).enable_eagerloads(False).scalar()
    ~~~~~~~~~~~~~~~~~~~~~~~~~~~~~~~~~~~~~~~~~~~~~~~~~~~~~~~~~~~^^
  File "C:\Python\Lib\site-packages\sqlalchemy\orm\query.py", line 2805, in scalar
    ret = self.one()
  File "C:\Python\Lib\site-packages\sqlalchemy\orm\query.py", line 2778, in one
    return self._iter().one()  # type: ignore
           ~~~~~~~~~~^^
  File "C:\Python\Lib\site-packages\sqlalchemy\orm\query.py", line 2827, in _iter
    result: Union[ScalarResult[_T], Result[_T]] = self.session.execute(
    
  File "C:\Python\Lib\site-packages\sqlalchemy\orm\session.py", line 2351, in execute
    return self._execute_internal(
    
  File "C:\Python\Lib\site-packages\sqlalchemy\orm\session.py", line 2236, in _execute_internal
    result: Result[Any] = compile_state_cls.orm_execute_statement(
    
  File "C:\Python\Lib\site-packages\sqlalchemy\orm\context.py", line 293, in orm_execute_statement
    result = conn.execute(
    
  File "C:\Python\Lib\site-packages\sqlalchemy\engine\base.py", line 1418, in execute
    return meth(
    
  File "C:\Python\Lib\site-packages\sqlalchemy\sql\elements.py", line 515, in _execute_on_connection
    return connection._execute_clauseelement(
    
  File "C:\Python\Lib\site-packages\sqlalchemy\engine\base.py", line 1640, in _execute_clauseelement
    ret = self._execute_context(
    
  File "C:\Python\Lib\site-packages\sqlalchemy\engine\base.py", line 1846, in _execute_context
    return self._exec_single_context(
    
  File "C:\Python\Lib\site-packages\sqlalchemy\engine\base.py", line 1986, in _exec_single_context
    self._handle_dbapi_exception(
    ^
  File "C:\Python\Lib\site-packages\sqlalchemy\engine\base.py", line 2353, in _handle_dbapi_exception
    raise sqlalchemy_exception.with_traceback(exc_info[2]) from e
  File "C:\Python\Lib\site-packages\sqlalchemy\engine\base.py", line 1967, in _exec_single_context
    self.dialect.do_execute(
    ^
  File "C:\Python\Lib\site-packages\sqlalchemy\engine\default.py", line 924, in do_execute
    cursor.execute(statement, parameters)
    ~~~~~~~~~~~~~~^^^^^^^^^^^^^^^^^^^^^^^
  File "C:\Python\Lib\site-packages\pymysql\cursors.py", line 153, in execute
    result = self._query(query)
  File "C:\Python\Lib\site-packages\pymysql\cursors.py", line 322, in _query
    conn.query(q)
    ~~~~~~~~~~^^^
  File "C:\Python\Lib\site-packages\pymysql\connections.py", line 563, in query
    self._affected_rows = self._read_query_result(unbuffered=unbuffered)
                          ~~~~~~~~~~~~~~~~~~~~~~~^^^^^^^^^^^^^^^^^^^^^^^
  File "C:\Python\Lib\site-packages\pymysql\connections.py", line 825, in _read_query_result
    result.read()
    ~~~~~~~~~~~^^
  File "C:\Python\Lib\site-packages\pymysql\connections.py", line 1199, in read
    first_packet = self.connection._read_packet()
  File "C:\Python\Lib\site-packages\pymysql\connections.py", line 753, in _read_packet
    raise err.OperationalError(
    ^
sqlalchemy.exc.OperationalError: (pymysql.err.OperationalError) (2013, 'Lost connection to MySQL server during query')
[SQL: SELECT count(*) AS count_1 
FROM (SELECT data_sources.id AS data_sources_id, data_sources.source_id AS data_sources_source_id, data_sources.name AS data_sources_name, data_sources.description AS data_sources_description, data_sources.state AS data_sources_state, data_sources.agency AS data_sources_agency, data_sources.category AS data_sources_category, data_sources.subcategory AS data_sources_subcategory, data_sources.format AS data_sources_format, data_sources.url AS data_sources_url, data_sources.discovery_url AS data_sources_discovery_url, data_sources.website AS data_sources_website, data_sources.enabled AS data_sources_enabled, data_sources.api_key_required AS data_sources_api_key_required, data_sources.api_key_env AS data_sources_api_key_env, data_sources.params AS data_sources_params, data_sources.headers AS data_sources_headers, data_sources.pagination AS data_sources_pagination, data_sources.field_mapping AS data_sources_field_mapping, data_sources.tags AS data_sources_tags, data_sources.notes AS data_sources_notes, data_sources.rate_limit_rpm AS data_sources_rate_limit_rpm, data_sources.timeout AS data_sources_timeout, data_sources.created_at AS data_sources_created_at, data_sources.updated_at AS data_sources_updated_at 
FROM data_sources) AS anon_1]
(Background on this error at: https://sqlalche.me/e/20/e3q8)

During handling of the above exception, another exception occurred:

Traceback (most recent call last):
  File "C:\Python\Lib\site-packages\werkzeug\serving.py", line 363, in run_wsgi
    execute(self.server.app)
    ~~~~~~~^^^^^^^^^^^^^^^^^
  File "C:\Python\Lib\site-packages\werkzeug\serving.py", line 326, in execute
    for data in application_iter:
                ^^^^^^^^^^^^^^^^
  File "C:\Python\Lib\site-packages\werkzeug\debug\__init__.py", line 376, in debug_application
    environ["wsgi.errors"].write("".join(tb.render_traceback_text()))
    ~~~~~~~~~~~~~~~~~~~~~~~~~~~~^^^^^^^^^^^^^^^^^^^^^^^^^^^^^^^^^^^^^
OSError: [Errno 22] Invalid argument
2026-02-25 20:13:07,131 [INFO] werkzeug: 10.0.0.178 - - [25/Feb/2026 20:13:07] "GET /?__debugger__=yes&cmd=resource&f=style.css HTTP/1.1" 200 -
2026-02-25 20:13:07,140 [INFO] werkzeug: 10.0.0.178 - - [25/Feb/2026 20:13:07] "GET /?__debugger__=yes&cmd=resource&f=debugger.js HTTP/1.1" 200 -
2026-02-25 20:13:07,246 [INFO] werkzeug: 10.0.0.178 - - [25/Feb/2026 20:13:07] "GET /?__debugger__=yes&cmd=resource&f=console.png HTTP/1.1" 200 -
2026-02-25 20:13:51,576 [INFO] werkzeug: 10.0.0.178 - - [25/Feb/2026 20:13:51] "GET / HTTP/1.1" 200 -
2026-02-25 20:13:51,630 [INFO] werkzeug: 10.0.0.178 - - [25/Feb/2026 20:13:51] "GET /static/js/dashboard.js HTTP/1.1" 200 -
2026-02-25 20:13:51,789 [INFO] werkzeug: 10.0.0.178 - - [25/Feb/2026 20:13:51] "GET /api/sources?per_page=20 HTTP/1.1" 200 -
2026-02-25 20:13:51,834 [INFO] werkzeug: 10.0.0.178 - - [25/Feb/2026 20:13:51] "[33mGET /favicon.ico HTTP/1.1[0m" 404 -
2026-02-25 20:14:00,830 [INFO] werkzeug: 10.0.0.178 - - [25/Feb/2026 20:14:00] "GET /data/map HTTP/1.1" 200 -
2026-02-25 20:14:00,866 [INFO] werkzeug: 10.0.0.178 - - [25/Feb/2026 20:14:00] "[36mGET /static/js/dashboard.js HTTP/1.1[0m" 304 -
2026-02-25 20:14:01,075 [INFO] werkzeug: 10.0.0.178 - - [25/Feb/2026 20:14:01] "GET /api/records/geojson?has_gps=1&per_page=5000 HTTP/1.1" 200 -
2026-02-25 20:15:11,890 [INFO] werkzeug: 10.0.0.178 - - [25/Feb/2026 20:15:11] "[33mGET /favicon.ico HTTP/1.1[0m" 404 -
2026-02-25 20:15:37,758 [INFO] werkzeug: 10.0.0.178 - - [25/Feb/2026 20:15:37] "GET /entities/ HTTP/1.1" 200 -
2026-02-25 20:15:37,826 [INFO] werkzeug: 10.0.0.178 - - [25/Feb/2026 20:15:37] "[36mGET /static/js/dashboard.js HTTP/1.1[0m" 304 -
2026-02-25 20:15:37,889 [INFO] werkzeug: 10.0.0.178 - - [25/Feb/2026 20:15:37] "[33mGET /favicon.ico HTTP/1.1[0m" 404 -
2026-02-25 20:16:43,648 [INFO] werkzeug: 10.0.0.178 - - [25/Feb/2026 20:16:43] "GET /entities/ HTTP/1.1" 200 -
2026-02-25 20:16:43,703 [INFO] werkzeug: 10.0.0.178 - - [25/Feb/2026 20:16:43] "GET /static/js/dashboard.js HTTP/1.1" 200 -
2026-02-25 20:16:43,899 [INFO] werkzeug: 10.0.0.178 - - [25/Feb/2026 20:16:43] "[33mGET /favicon.ico HTTP/1.1[0m" 404 -
2026-02-25 20:16:45,512 [INFO] werkzeug: 10.0.0.178 - - [25/Feb/2026 20:16:45] "GET / HTTP/1.1" 200 -
2026-02-25 20:16:45,559 [INFO] werkzeug: 10.0.0.178 - - [25/Feb/2026 20:16:45] "[36mGET /static/js/dashboard.js HTTP/1.1[0m" 304 -
2026-02-25 20:16:45,580 [INFO] werkzeug: 10.0.0.178 - - [25/Feb/2026 20:16:45] "GET /api/sources?per_page=20 HTTP/1.1" 200 -
2026-02-25 20:18:38,604 [INFO] werkzeug: 10.0.0.178 - - [25/Feb/2026 20:18:38] "GET /entities/ HTTP/1.1" 200 -
2026-02-25 20:18:38,663 [INFO] werkzeug: 10.0.0.178 - - [25/Feb/2026 20:18:38] "[36mGET /static/js/dashboard.js HTTP/1.1[0m" 304 -
2026-02-25 20:20:53,057 [INFO] werkzeug: 10.0.0.178 - - [25/Feb/2026 20:20:53] "GET /entities/ HTTP/1.1" 200 -
2026-02-25 20:20:53,126 [INFO] werkzeug: 10.0.0.178 - - [25/Feb/2026 20:20:53] "GET /static/js/dashboard.js HTTP/1.1" 200 -
2026-02-25 20:20:53,253 [INFO] werkzeug: 10.0.0.178 - - [25/Feb/2026 20:20:53] "[33mGET /favicon.ico HTTP/1.1[0m" 404 -
2026-02-25 20:22:25,407 [INFO] werkzeug: 10.0.0.178 - - [25/Feb/2026 20:22:25] "GET /data/map HTTP/1.1" 200 -
2026-02-25 20:22:25,482 [INFO] werkzeug: 10.0.0.178 - - [25/Feb/2026 20:22:25] "[36mGET /static/js/dashboard.js HTTP/1.1[0m" 304 -
2026-02-25 20:22:25,669 [INFO] werkzeug: 10.0.0.178 - - [25/Feb/2026 20:22:25] "GET /api/records/geojson?has_gps=1&per_page=5000 HTTP/1.1" 200 -
2026-02-25 20:22:28,018 [INFO] werkzeug: 10.0.0.178 - - [25/Feb/2026 20:22:28] "GET /data/map HTTP/1.1" 200 -
2026-02-25 20:22:28,050 [INFO] werkzeug: 10.0.0.178 - - [25/Feb/2026 20:22:28] "GET /static/js/dashboard.js HTTP/1.1" 200 -
2026-02-25 20:22:28,430 [INFO] werkzeug: 10.0.0.178 - - [25/Feb/2026 20:22:28] "[33mGET /favicon.ico HTTP/1.1[0m" 404 -
2026-02-25 20:22:28,512 [INFO] werkzeug: 10.0.0.178 - - [25/Feb/2026 20:22:28] "GET /api/records/geojson?has_gps=1&per_page=5000 HTTP/1.1" 200 -
2026-02-25 20:25:42,690 [INFO] werkzeug: 10.0.0.178 - - [25/Feb/2026 20:25:42] "GET /data/map HTTP/1.1" 200 -
2026-02-25 20:25:42,759 [INFO] werkzeug: 10.0.0.178 - - [25/Feb/2026 20:25:42] "GET /static/js/dashboard.js HTTP/1.1" 200 -
2026-02-25 20:25:43,090 [INFO] werkzeug: 10.0.0.178 - - [25/Feb/2026 20:25:43] "[33mGET /favicon.ico HTTP/1.1[0m" 404 -
2026-02-25 20:25:43,101 [INFO] werkzeug: 10.0.0.178 - - [25/Feb/2026 20:25:43] "GET /api/records/geojson?has_gps=1&per_page=5000 HTTP/1.1" 200 -
2026-02-25 20:25:45,195 [INFO] werkzeug: 10.0.0.178 - - [25/Feb/2026 20:25:45] "GET / HTTP/1.1" 200 -
2026-02-25 20:25:45,232 [INFO] werkzeug: 10.0.0.178 - - [25/Feb/2026 20:25:45] "[36mGET /static/js/dashboard.js HTTP/1.1[0m" 304 -
2026-02-25 20:25:45,256 [INFO] werkzeug: 10.0.0.178 - - [25/Feb/2026 20:25:45] "GET /api/sources?per_page=20 HTTP/1.1" 200 -
2026-02-25 20:25:47,266 [INFO] werkzeug: 10.0.0.178 - - [25/Feb/2026 20:25:47] "GET / HTTP/1.1" 200 -
2026-02-25 20:25:47,305 [INFO] werkzeug: 10.0.0.178 - - [25/Feb/2026 20:25:47] "GET /static/js/dashboard.js HTTP/1.1" 200 -
2026-02-25 20:25:47,360 [INFO] werkzeug: 10.0.0.178 - - [25/Feb/2026 20:25:47] "GET /api/sources?per_page=20 HTTP/1.1" 200 -
2026-02-25 20:25:47,406 [INFO] werkzeug: 10.0.0.178 - - [25/Feb/2026 20:25:47] "[33mGET /favicon.ico HTTP/1.1[0m" 404 -
2026-02-25 20:27:50,813 [INFO] werkzeug: 10.0.0.178 - - [25/Feb/2026 20:27:50] "GET /data/map HTTP/1.1" 200 -
2026-02-25 20:27:50,868 [INFO] werkzeug: 10.0.0.178 - - [25/Feb/2026 20:27:50] "[36mGET /static/js/dashboard.js HTTP/1.1[0m" 304 -
2026-02-25 20:27:51,066 [INFO] werkzeug: 10.0.0.178 - - [25/Feb/2026 20:27:51] "GET /api/records/geojson?has_gps=1&per_page=5000 HTTP/1.1" 200 -
2026-02-25 20:28:05,648 [INFO] werkzeug: 10.0.0.178 - - [25/Feb/2026 20:28:05] "GET /data/map HTTP/1.1" 200 -
2026-02-25 20:28:05,705 [INFO] werkzeug: 10.0.0.178 - - [25/Feb/2026 20:28:05] "GET /static/js/dashboard.js HTTP/1.1" 200 -
2026-02-25 20:28:05,943 [INFO] werkzeug: 10.0.0.178 - - [25/Feb/2026 20:28:05] "[33mGET /favicon.ico HTTP/1.1[0m" 404 -
2026-02-25 20:28:06,039 [INFO] werkzeug: 10.0.0.178 - - [25/Feb/2026 20:28:06] "GET /api/records/geojson?has_gps=1&per_page=5000 HTTP/1.1" 200 -
